###############################################################################
#
# IAR ELF Linker V8.40.2.214/W32 for ARM                  24/Mar/2025  11:32:33
# Copyright 2007-2019 IAR Systems AB.
#
#    Output file  =
#        D:\Saoviet_Bitbucket\Saoviet_Datalogger_Sensor\Project_Datalogger_Sensor\1.Source_Code_L496\wm_gsm_ethernet_v3\EWARM\wm_gsm_ethernet_v3\Exe\wm_gsm_ethernet_v3.out
#    Map file     =
#        D:\Saoviet_Bitbucket\Saoviet_Datalogger_Sensor\Project_Datalogger_Sensor\1.Source_Code_L496\wm_gsm_ethernet_v3\EWARM\wm_gsm_ethernet_v3\List\wm_gsm_ethernet_v3.map
#    Command line =
#        -f C:\Users\PC\AppData\Local\Temp\EWEA5D.tmp
#        (D:\Saoviet_Bitbucket\Saoviet_Datalogger_Sensor\Project_Datalogger_Sensor\1.Source_Code_L496\wm_gsm_ethernet_v3\EWARM\wm_gsm_ethernet_v3\Obj\adc.o
#        D:\Saoviet_Bitbucket\Saoviet_Datalogger_Sensor\Project_Datalogger_Sensor\1.Source_Code_L496\wm_gsm_ethernet_v3\EWARM\wm_gsm_ethernet_v3\Obj\button.o
#        D:\Saoviet_Bitbucket\Saoviet_Datalogger_Sensor\Project_Datalogger_Sensor\1.Source_Code_L496\wm_gsm_ethernet_v3\EWARM\wm_gsm_ethernet_v3\Obj\cat24mxx.o
#        D:\Saoviet_Bitbucket\Saoviet_Datalogger_Sensor\Project_Datalogger_Sensor\1.Source_Code_L496\wm_gsm_ethernet_v3\EWARM\wm_gsm_ethernet_v3\Obj\dhcp.o
#        D:\Saoviet_Bitbucket\Saoviet_Datalogger_Sensor\Project_Datalogger_Sensor\1.Source_Code_L496\wm_gsm_ethernet_v3\EWARM\wm_gsm_ethernet_v3\Obj\dma.o
#        D:\Saoviet_Bitbucket\Saoviet_Datalogger_Sensor\Project_Datalogger_Sensor\1.Source_Code_L496\wm_gsm_ethernet_v3\EWARM\wm_gsm_ethernet_v3\Obj\dns.o
#        D:\Saoviet_Bitbucket\Saoviet_Datalogger_Sensor\Project_Datalogger_Sensor\1.Source_Code_L496\wm_gsm_ethernet_v3\EWARM\wm_gsm_ethernet_v3\Obj\event_driven.o
#        D:\Saoviet_Bitbucket\Saoviet_Datalogger_Sensor\Project_Datalogger_Sensor\1.Source_Code_L496\wm_gsm_ethernet_v3\EWARM\wm_gsm_ethernet_v3\Obj\glcd.o
#        D:\Saoviet_Bitbucket\Saoviet_Datalogger_Sensor\Project_Datalogger_Sensor\1.Source_Code_L496\wm_gsm_ethernet_v3\EWARM\wm_gsm_ethernet_v3\Obj\gpio.o
#        D:\Saoviet_Bitbucket\Saoviet_Datalogger_Sensor\Project_Datalogger_Sensor\1.Source_Code_L496\wm_gsm_ethernet_v3\EWARM\wm_gsm_ethernet_v3\Obj\graphics.o
#        D:\Saoviet_Bitbucket\Saoviet_Datalogger_Sensor\Project_Datalogger_Sensor\1.Source_Code_L496\wm_gsm_ethernet_v3\EWARM\wm_gsm_ethernet_v3\Obj\graphs.o
#        D:\Saoviet_Bitbucket\Saoviet_Datalogger_Sensor\Project_Datalogger_Sensor\1.Source_Code_L496\wm_gsm_ethernet_v3\EWARM\wm_gsm_ethernet_v3\Obj\i2c.o
#        D:\Saoviet_Bitbucket\Saoviet_Datalogger_Sensor\Project_Datalogger_Sensor\1.Source_Code_L496\wm_gsm_ethernet_v3\EWARM\wm_gsm_ethernet_v3\Obj\lcd_display.o
#        D:\Saoviet_Bitbucket\Saoviet_Datalogger_Sensor\Project_Datalogger_Sensor\1.Source_Code_L496\wm_gsm_ethernet_v3\EWARM\wm_gsm_ethernet_v3\Obj\level_S_YW_01B.o
#        D:\Saoviet_Bitbucket\Saoviet_Datalogger_Sensor\Project_Datalogger_Sensor\1.Source_Code_L496\wm_gsm_ethernet_v3\EWARM\wm_gsm_ethernet_v3\Obj\level_SUP_PX261_B.o
#        D:\Saoviet_Bitbucket\Saoviet_Datalogger_Sensor\Project_Datalogger_Sensor\1.Source_Code_L496\wm_gsm_ethernet_v3\EWARM\wm_gsm_ethernet_v3\Obj\level_ultrasonic.o
#        D:\Saoviet_Bitbucket\Saoviet_Datalogger_Sensor\Project_Datalogger_Sensor\1.Source_Code_L496\wm_gsm_ethernet_v3\EWARM\wm_gsm_ethernet_v3\Obj\lptim.o
#        D:\Saoviet_Bitbucket\Saoviet_Datalogger_Sensor\Project_Datalogger_Sensor\1.Source_Code_L496\wm_gsm_ethernet_v3\EWARM\wm_gsm_ethernet_v3\Obj\main.o
#        D:\Saoviet_Bitbucket\Saoviet_Datalogger_Sensor\Project_Datalogger_Sensor\1.Source_Code_L496\wm_gsm_ethernet_v3\EWARM\wm_gsm_ethernet_v3\Obj\MQTTConnectClient.o
#        D:\Saoviet_Bitbucket\Saoviet_Datalogger_Sensor\Project_Datalogger_Sensor\1.Source_Code_L496\wm_gsm_ethernet_v3\EWARM\wm_gsm_ethernet_v3\Obj\MQTTConnectServer.o
#        D:\Saoviet_Bitbucket\Saoviet_Datalogger_Sensor\Project_Datalogger_Sensor\1.Source_Code_L496\wm_gsm_ethernet_v3\EWARM\wm_gsm_ethernet_v3\Obj\MQTTDeserializePublish.o
#        D:\Saoviet_Bitbucket\Saoviet_Datalogger_Sensor\Project_Datalogger_Sensor\1.Source_Code_L496\wm_gsm_ethernet_v3\EWARM\wm_gsm_ethernet_v3\Obj\MQTTFormat.o
#        D:\Saoviet_Bitbucket\Saoviet_Datalogger_Sensor\Project_Datalogger_Sensor\1.Source_Code_L496\wm_gsm_ethernet_v3\EWARM\wm_gsm_ethernet_v3\Obj\MQTTPacket.o
#        D:\Saoviet_Bitbucket\Saoviet_Datalogger_Sensor\Project_Datalogger_Sensor\1.Source_Code_L496\wm_gsm_ethernet_v3\EWARM\wm_gsm_ethernet_v3\Obj\MQTTSerializePublish.o
#        D:\Saoviet_Bitbucket\Saoviet_Datalogger_Sensor\Project_Datalogger_Sensor\1.Source_Code_L496\wm_gsm_ethernet_v3\EWARM\wm_gsm_ethernet_v3\Obj\MQTTSubscribeClient.o
#        D:\Saoviet_Bitbucket\Saoviet_Datalogger_Sensor\Project_Datalogger_Sensor\1.Source_Code_L496\wm_gsm_ethernet_v3\EWARM\wm_gsm_ethernet_v3\Obj\MQTTSubscribeServer.o
#        D:\Saoviet_Bitbucket\Saoviet_Datalogger_Sensor\Project_Datalogger_Sensor\1.Source_Code_L496\wm_gsm_ethernet_v3\EWARM\wm_gsm_ethernet_v3\Obj\MQTTUnsubscribeClient.o
#        D:\Saoviet_Bitbucket\Saoviet_Datalogger_Sensor\Project_Datalogger_Sensor\1.Source_Code_L496\wm_gsm_ethernet_v3\EWARM\wm_gsm_ethernet_v3\Obj\MQTTUnsubscribeServer.o
#        D:\Saoviet_Bitbucket\Saoviet_Datalogger_Sensor\Project_Datalogger_Sensor\1.Source_Code_L496\wm_gsm_ethernet_v3\EWARM\wm_gsm_ethernet_v3\Obj\NT75451.o
#        D:\Saoviet_Bitbucket\Saoviet_Datalogger_Sensor\Project_Datalogger_Sensor\1.Source_Code_L496\wm_gsm_ethernet_v3\EWARM\wm_gsm_ethernet_v3\Obj\onchipflash.o
#        D:\Saoviet_Bitbucket\Saoviet_Datalogger_Sensor\Project_Datalogger_Sensor\1.Source_Code_L496\wm_gsm_ethernet_v3\EWARM\wm_gsm_ethernet_v3\Obj\PCD8544.o
#        D:\Saoviet_Bitbucket\Saoviet_Datalogger_Sensor\Project_Datalogger_Sensor\1.Source_Code_L496\wm_gsm_ethernet_v3\EWARM\wm_gsm_ethernet_v3\Obj\queue_p.o
#        D:\Saoviet_Bitbucket\Saoviet_Datalogger_Sensor\Project_Datalogger_Sensor\1.Source_Code_L496\wm_gsm_ethernet_v3\EWARM\wm_gsm_ethernet_v3\Obj\rtc.o
#        D:\Saoviet_Bitbucket\Saoviet_Datalogger_Sensor\Project_Datalogger_Sensor\1.Source_Code_L496\wm_gsm_ethernet_v3\EWARM\wm_gsm_ethernet_v3\Obj\S25FL216K.o
#        D:\Saoviet_Bitbucket\Saoviet_Datalogger_Sensor\Project_Datalogger_Sensor\1.Source_Code_L496\wm_gsm_ethernet_v3\EWARM\wm_gsm_ethernet_v3\Obj\socket.o
#        D:\Saoviet_Bitbucket\Saoviet_Datalogger_Sensor\Project_Datalogger_Sensor\1.Source_Code_L496\wm_gsm_ethernet_v3\EWARM\wm_gsm_ethernet_v3\Obj\spi.o
#        D:\Saoviet_Bitbucket\Saoviet_Datalogger_Sensor\Project_Datalogger_Sensor\1.Source_Code_L496\wm_gsm_ethernet_v3\EWARM\wm_gsm_ethernet_v3\Obj\ST7565R.o
#        D:\Saoviet_Bitbucket\Saoviet_Datalogger_Sensor\Project_Datalogger_Sensor\1.Source_Code_L496\wm_gsm_ethernet_v3\EWARM\wm_gsm_ethernet_v3\Obj\startup_stm32l496xx.o
#        D:\Saoviet_Bitbucket\Saoviet_Datalogger_Sensor\Project_Datalogger_Sensor\1.Source_Code_L496\wm_gsm_ethernet_v3\EWARM\wm_gsm_ethernet_v3\Obj\STM32F0xx.o
#        D:\Saoviet_Bitbucket\Saoviet_Datalogger_Sensor\Project_Datalogger_Sensor\1.Source_Code_L496\wm_gsm_ethernet_v3\EWARM\wm_gsm_ethernet_v3\Obj\STM32F10x.o
#        D:\Saoviet_Bitbucket\Saoviet_Datalogger_Sensor\Project_Datalogger_Sensor\1.Source_Code_L496\wm_gsm_ethernet_v3\EWARM\wm_gsm_ethernet_v3\Obj\STM32F4.o
#        D:\Saoviet_Bitbucket\Saoviet_Datalogger_Sensor\Project_Datalogger_Sensor\1.Source_Code_L496\wm_gsm_ethernet_v3\EWARM\wm_gsm_ethernet_v3\Obj\STM32L4.o
#        D:\Saoviet_Bitbucket\Saoviet_Datalogger_Sensor\Project_Datalogger_Sensor\1.Source_Code_L496\wm_gsm_ethernet_v3\EWARM\wm_gsm_ethernet_v3\Obj\stm32l4xx_hal.o
#        D:\Saoviet_Bitbucket\Saoviet_Datalogger_Sensor\Project_Datalogger_Sensor\1.Source_Code_L496\wm_gsm_ethernet_v3\EWARM\wm_gsm_ethernet_v3\Obj\stm32l4xx_hal_adc.o
#        D:\Saoviet_Bitbucket\Saoviet_Datalogger_Sensor\Project_Datalogger_Sensor\1.Source_Code_L496\wm_gsm_ethernet_v3\EWARM\wm_gsm_ethernet_v3\Obj\stm32l4xx_hal_adc_ex.o
#        D:\Saoviet_Bitbucket\Saoviet_Datalogger_Sensor\Project_Datalogger_Sensor\1.Source_Code_L496\wm_gsm_ethernet_v3\EWARM\wm_gsm_ethernet_v3\Obj\stm32l4xx_hal_cortex.o
#        D:\Saoviet_Bitbucket\Saoviet_Datalogger_Sensor\Project_Datalogger_Sensor\1.Source_Code_L496\wm_gsm_ethernet_v3\EWARM\wm_gsm_ethernet_v3\Obj\stm32l4xx_hal_dma.o
#        D:\Saoviet_Bitbucket\Saoviet_Datalogger_Sensor\Project_Datalogger_Sensor\1.Source_Code_L496\wm_gsm_ethernet_v3\EWARM\wm_gsm_ethernet_v3\Obj\stm32l4xx_hal_dma_ex.o
#        D:\Saoviet_Bitbucket\Saoviet_Datalogger_Sensor\Project_Datalogger_Sensor\1.Source_Code_L496\wm_gsm_ethernet_v3\EWARM\wm_gsm_ethernet_v3\Obj\stm32l4xx_hal_exti.o
#        D:\Saoviet_Bitbucket\Saoviet_Datalogger_Sensor\Project_Datalogger_Sensor\1.Source_Code_L496\wm_gsm_ethernet_v3\EWARM\wm_gsm_ethernet_v3\Obj\stm32l4xx_hal_flash.o
#        D:\Saoviet_Bitbucket\Saoviet_Datalogger_Sensor\Project_Datalogger_Sensor\1.Source_Code_L496\wm_gsm_ethernet_v3\EWARM\wm_gsm_ethernet_v3\Obj\stm32l4xx_hal_flash_ex.o
#        D:\Saoviet_Bitbucket\Saoviet_Datalogger_Sensor\Project_Datalogger_Sensor\1.Source_Code_L496\wm_gsm_ethernet_v3\EWARM\wm_gsm_ethernet_v3\Obj\stm32l4xx_hal_flash_ramfunc.o
#        D:\Saoviet_Bitbucket\Saoviet_Datalogger_Sensor\Project_Datalogger_Sensor\1.Source_Code_L496\wm_gsm_ethernet_v3\EWARM\wm_gsm_ethernet_v3\Obj\stm32l4xx_hal_gpio.o
#        D:\Saoviet_Bitbucket\Saoviet_Datalogger_Sensor\Project_Datalogger_Sensor\1.Source_Code_L496\wm_gsm_ethernet_v3\EWARM\wm_gsm_ethernet_v3\Obj\stm32l4xx_hal_i2c.o
#        D:\Saoviet_Bitbucket\Saoviet_Datalogger_Sensor\Project_Datalogger_Sensor\1.Source_Code_L496\wm_gsm_ethernet_v3\EWARM\wm_gsm_ethernet_v3\Obj\stm32l4xx_hal_i2c_ex.o
#        D:\Saoviet_Bitbucket\Saoviet_Datalogger_Sensor\Project_Datalogger_Sensor\1.Source_Code_L496\wm_gsm_ethernet_v3\EWARM\wm_gsm_ethernet_v3\Obj\stm32l4xx_hal_lptim.o
#        D:\Saoviet_Bitbucket\Saoviet_Datalogger_Sensor\Project_Datalogger_Sensor\1.Source_Code_L496\wm_gsm_ethernet_v3\EWARM\wm_gsm_ethernet_v3\Obj\stm32l4xx_hal_msp.o
#        D:\Saoviet_Bitbucket\Saoviet_Datalogger_Sensor\Project_Datalogger_Sensor\1.Source_Code_L496\wm_gsm_ethernet_v3\EWARM\wm_gsm_ethernet_v3\Obj\stm32l4xx_hal_pwr.o
#        D:\Saoviet_Bitbucket\Saoviet_Datalogger_Sensor\Project_Datalogger_Sensor\1.Source_Code_L496\wm_gsm_ethernet_v3\EWARM\wm_gsm_ethernet_v3\Obj\stm32l4xx_hal_pwr_ex.o
#        D:\Saoviet_Bitbucket\Saoviet_Datalogger_Sensor\Project_Datalogger_Sensor\1.Source_Code_L496\wm_gsm_ethernet_v3\EWARM\wm_gsm_ethernet_v3\Obj\stm32l4xx_hal_rcc.o
#        D:\Saoviet_Bitbucket\Saoviet_Datalogger_Sensor\Project_Datalogger_Sensor\1.Source_Code_L496\wm_gsm_ethernet_v3\EWARM\wm_gsm_ethernet_v3\Obj\stm32l4xx_hal_rcc_ex.o
#        D:\Saoviet_Bitbucket\Saoviet_Datalogger_Sensor\Project_Datalogger_Sensor\1.Source_Code_L496\wm_gsm_ethernet_v3\EWARM\wm_gsm_ethernet_v3\Obj\stm32l4xx_hal_rtc.o
#        D:\Saoviet_Bitbucket\Saoviet_Datalogger_Sensor\Project_Datalogger_Sensor\1.Source_Code_L496\wm_gsm_ethernet_v3\EWARM\wm_gsm_ethernet_v3\Obj\stm32l4xx_hal_rtc_ex.o
#        D:\Saoviet_Bitbucket\Saoviet_Datalogger_Sensor\Project_Datalogger_Sensor\1.Source_Code_L496\wm_gsm_ethernet_v3\EWARM\wm_gsm_ethernet_v3\Obj\stm32l4xx_hal_spi.o
#        D:\Saoviet_Bitbucket\Saoviet_Datalogger_Sensor\Project_Datalogger_Sensor\1.Source_Code_L496\wm_gsm_ethernet_v3\EWARM\wm_gsm_ethernet_v3\Obj\stm32l4xx_hal_spi_ex.o
#        D:\Saoviet_Bitbucket\Saoviet_Datalogger_Sensor\Project_Datalogger_Sensor\1.Source_Code_L496\wm_gsm_ethernet_v3\EWARM\wm_gsm_ethernet_v3\Obj\stm32l4xx_hal_tim.o
#        D:\Saoviet_Bitbucket\Saoviet_Datalogger_Sensor\Project_Datalogger_Sensor\1.Source_Code_L496\wm_gsm_ethernet_v3\EWARM\wm_gsm_ethernet_v3\Obj\stm32l4xx_hal_tim_ex.o
#        D:\Saoviet_Bitbucket\Saoviet_Datalogger_Sensor\Project_Datalogger_Sensor\1.Source_Code_L496\wm_gsm_ethernet_v3\EWARM\wm_gsm_ethernet_v3\Obj\stm32l4xx_hal_uart.o
#        D:\Saoviet_Bitbucket\Saoviet_Datalogger_Sensor\Project_Datalogger_Sensor\1.Source_Code_L496\wm_gsm_ethernet_v3\EWARM\wm_gsm_ethernet_v3\Obj\stm32l4xx_hal_uart_ex.o
#        D:\Saoviet_Bitbucket\Saoviet_Datalogger_Sensor\Project_Datalogger_Sensor\1.Source_Code_L496\wm_gsm_ethernet_v3\EWARM\wm_gsm_ethernet_v3\Obj\stm32l4xx_it.o
#        D:\Saoviet_Bitbucket\Saoviet_Datalogger_Sensor\Project_Datalogger_Sensor\1.Source_Code_L496\wm_gsm_ethernet_v3\EWARM\wm_gsm_ethernet_v3\Obj\system_stm32l4xx.o
#        D:\Saoviet_Bitbucket\Saoviet_Datalogger_Sensor\Project_Datalogger_Sensor\1.Source_Code_L496\wm_gsm_ethernet_v3\EWARM\wm_gsm_ethernet_v3\Obj\text.o
#        D:\Saoviet_Bitbucket\Saoviet_Datalogger_Sensor\Project_Datalogger_Sensor\1.Source_Code_L496\wm_gsm_ethernet_v3\EWARM\wm_gsm_ethernet_v3\Obj\text_tiny.o
#        D:\Saoviet_Bitbucket\Saoviet_Datalogger_Sensor\Project_Datalogger_Sensor\1.Source_Code_L496\wm_gsm_ethernet_v3\EWARM\wm_gsm_ethernet_v3\Obj\tim.o
#        D:\Saoviet_Bitbucket\Saoviet_Datalogger_Sensor\Project_Datalogger_Sensor\1.Source_Code_L496\wm_gsm_ethernet_v3\EWARM\wm_gsm_ethernet_v3\Obj\unit_tests.o
#        D:\Saoviet_Bitbucket\Saoviet_Datalogger_Sensor\Project_Datalogger_Sensor\1.Source_Code_L496\wm_gsm_ethernet_v3\EWARM\wm_gsm_ethernet_v3\Obj\usart.o
#        D:\Saoviet_Bitbucket\Saoviet_Datalogger_Sensor\Project_Datalogger_Sensor\1.Source_Code_L496\wm_gsm_ethernet_v3\EWARM\wm_gsm_ethernet_v3\Obj\user_adc.o
#        D:\Saoviet_Bitbucket\Saoviet_Datalogger_Sensor\Project_Datalogger_Sensor\1.Source_Code_L496\wm_gsm_ethernet_v3\EWARM\wm_gsm_ethernet_v3\Obj\user_adv_trace.o
#        D:\Saoviet_Bitbucket\Saoviet_Datalogger_Sensor\Project_Datalogger_Sensor\1.Source_Code_L496\wm_gsm_ethernet_v3\EWARM\wm_gsm_ethernet_v3\Obj\user_app_comm.o
#        D:\Saoviet_Bitbucket\Saoviet_Datalogger_Sensor\Project_Datalogger_Sensor\1.Source_Code_L496\wm_gsm_ethernet_v3\EWARM\wm_gsm_ethernet_v3\Obj\user_app_ethernet.o
#        D:\Saoviet_Bitbucket\Saoviet_Datalogger_Sensor\Project_Datalogger_Sensor\1.Source_Code_L496\wm_gsm_ethernet_v3\EWARM\wm_gsm_ethernet_v3\Obj\user_app_mem.o
#        D:\Saoviet_Bitbucket\Saoviet_Datalogger_Sensor\Project_Datalogger_Sensor\1.Source_Code_L496\wm_gsm_ethernet_v3\EWARM\wm_gsm_ethernet_v3\Obj\user_app_rs485.o
#        D:\Saoviet_Bitbucket\Saoviet_Datalogger_Sensor\Project_Datalogger_Sensor\1.Source_Code_L496\wm_gsm_ethernet_v3\EWARM\wm_gsm_ethernet_v3\Obj\user_app_sensor.o
#        D:\Saoviet_Bitbucket\Saoviet_Datalogger_Sensor\Project_Datalogger_Sensor\1.Source_Code_L496\wm_gsm_ethernet_v3\EWARM\wm_gsm_ethernet_v3\Obj\user_app_sim.o
#        D:\Saoviet_Bitbucket\Saoviet_Datalogger_Sensor\Project_Datalogger_Sensor\1.Source_Code_L496\wm_gsm_ethernet_v3\EWARM\wm_gsm_ethernet_v3\Obj\user_app_sms_call.o
#        D:\Saoviet_Bitbucket\Saoviet_Datalogger_Sensor\Project_Datalogger_Sensor\1.Source_Code_L496\wm_gsm_ethernet_v3\EWARM\wm_gsm_ethernet_v3\Obj\user_app_wm.o
#        D:\Saoviet_Bitbucket\Saoviet_Datalogger_Sensor\Project_Datalogger_Sensor\1.Source_Code_L496\wm_gsm_ethernet_v3\EWARM\wm_gsm_ethernet_v3\Obj\user_at_serial.o
#        D:\Saoviet_Bitbucket\Saoviet_Datalogger_Sensor\Project_Datalogger_Sensor\1.Source_Code_L496\wm_gsm_ethernet_v3\EWARM\wm_gsm_ethernet_v3\Obj\user_convert_variable.o
#        D:\Saoviet_Bitbucket\Saoviet_Datalogger_Sensor\Project_Datalogger_Sensor\1.Source_Code_L496\wm_gsm_ethernet_v3\EWARM\wm_gsm_ethernet_v3\Obj\user_ec200u.o
#        D:\Saoviet_Bitbucket\Saoviet_Datalogger_Sensor\Project_Datalogger_Sensor\1.Source_Code_L496\wm_gsm_ethernet_v3\EWARM\wm_gsm_ethernet_v3\Obj\user_internal_mem.o
#        D:\Saoviet_Bitbucket\Saoviet_Datalogger_Sensor\Project_Datalogger_Sensor\1.Source_Code_L496\wm_gsm_ethernet_v3\EWARM\wm_gsm_ethernet_v3\Obj\user_json.o
#        D:\Saoviet_Bitbucket\Saoviet_Datalogger_Sensor\Project_Datalogger_Sensor\1.Source_Code_L496\wm_gsm_ethernet_v3\EWARM\wm_gsm_ethernet_v3\Obj\user_l506.o
#        D:\Saoviet_Bitbucket\Saoviet_Datalogger_Sensor\Project_Datalogger_Sensor\1.Source_Code_L496\wm_gsm_ethernet_v3\EWARM\wm_gsm_ethernet_v3\Obj\user_l511.o
#        D:\Saoviet_Bitbucket\Saoviet_Datalogger_Sensor\Project_Datalogger_Sensor\1.Source_Code_L496\wm_gsm_ethernet_v3\EWARM\wm_gsm_ethernet_v3\Obj\user_log.o
#        D:\Saoviet_Bitbucket\Saoviet_Datalogger_Sensor\Project_Datalogger_Sensor\1.Source_Code_L496\wm_gsm_ethernet_v3\EWARM\wm_gsm_ethernet_v3\Obj\user_lpm.o
#        D:\Saoviet_Bitbucket\Saoviet_Datalogger_Sensor\Project_Datalogger_Sensor\1.Source_Code_L496\wm_gsm_ethernet_v3\EWARM\wm_gsm_ethernet_v3\Obj\user_lptim.o
#        D:\Saoviet_Bitbucket\Saoviet_Datalogger_Sensor\Project_Datalogger_Sensor\1.Source_Code_L496\wm_gsm_ethernet_v3\EWARM\wm_gsm_ethernet_v3\Obj\user_mem_comm.o
#        D:\Saoviet_Bitbucket\Saoviet_Datalogger_Sensor\Project_Datalogger_Sensor\1.Source_Code_L496\wm_gsm_ethernet_v3\EWARM\wm_gsm_ethernet_v3\Obj\user_modbus_rtu.o
#        D:\Saoviet_Bitbucket\Saoviet_Datalogger_Sensor\Project_Datalogger_Sensor\1.Source_Code_L496\wm_gsm_ethernet_v3\EWARM\wm_gsm_ethernet_v3\Obj\user_modem.o
#        D:\Saoviet_Bitbucket\Saoviet_Datalogger_Sensor\Project_Datalogger_Sensor\1.Source_Code_L496\wm_gsm_ethernet_v3\EWARM\wm_gsm_ethernet_v3\Obj\user_mqtt.o
#        D:\Saoviet_Bitbucket\Saoviet_Datalogger_Sensor\Project_Datalogger_Sensor\1.Source_Code_L496\wm_gsm_ethernet_v3\EWARM\wm_gsm_ethernet_v3\Obj\user_obis_sv.o
#        D:\Saoviet_Bitbucket\Saoviet_Datalogger_Sensor\Project_Datalogger_Sensor\1.Source_Code_L496\wm_gsm_ethernet_v3\EWARM\wm_gsm_ethernet_v3\Obj\user_rs485.o
#        D:\Saoviet_Bitbucket\Saoviet_Datalogger_Sensor\Project_Datalogger_Sensor\1.Source_Code_L496\wm_gsm_ethernet_v3\EWARM\wm_gsm_ethernet_v3\Obj\user_rtc.o
#        D:\Saoviet_Bitbucket\Saoviet_Datalogger_Sensor\Project_Datalogger_Sensor\1.Source_Code_L496\wm_gsm_ethernet_v3\EWARM\wm_gsm_ethernet_v3\Obj\user_sim.o
#        D:\Saoviet_Bitbucket\Saoviet_Datalogger_Sensor\Project_Datalogger_Sensor\1.Source_Code_L496\wm_gsm_ethernet_v3\EWARM\wm_gsm_ethernet_v3\Obj\user_sim_common.o
#        D:\Saoviet_Bitbucket\Saoviet_Datalogger_Sensor\Project_Datalogger_Sensor\1.Source_Code_L496\wm_gsm_ethernet_v3\EWARM\wm_gsm_ethernet_v3\Obj\user_string.o
#        D:\Saoviet_Bitbucket\Saoviet_Datalogger_Sensor\Project_Datalogger_Sensor\1.Source_Code_L496\wm_gsm_ethernet_v3\EWARM\wm_gsm_ethernet_v3\Obj\user_time.o
#        D:\Saoviet_Bitbucket\Saoviet_Datalogger_Sensor\Project_Datalogger_Sensor\1.Source_Code_L496\wm_gsm_ethernet_v3\EWARM\wm_gsm_ethernet_v3\Obj\user_timer.o
#        D:\Saoviet_Bitbucket\Saoviet_Datalogger_Sensor\Project_Datalogger_Sensor\1.Source_Code_L496\wm_gsm_ethernet_v3\EWARM\wm_gsm_ethernet_v3\Obj\user_tiny_vsnprintf.o
#        D:\Saoviet_Bitbucket\Saoviet_Datalogger_Sensor\Project_Datalogger_Sensor\1.Source_Code_L496\wm_gsm_ethernet_v3\EWARM\wm_gsm_ethernet_v3\Obj\user_uart.o
#        D:\Saoviet_Bitbucket\Saoviet_Datalogger_Sensor\Project_Datalogger_Sensor\1.Source_Code_L496\wm_gsm_ethernet_v3\EWARM\wm_gsm_ethernet_v3\Obj\user_util.o
#        D:\Saoviet_Bitbucket\Saoviet_Datalogger_Sensor\Project_Datalogger_Sensor\1.Source_Code_L496\wm_gsm_ethernet_v3\EWARM\wm_gsm_ethernet_v3\Obj\user_wm_digital.o
#        D:\Saoviet_Bitbucket\Saoviet_Datalogger_Sensor\Project_Datalogger_Sensor\1.Source_Code_L496\wm_gsm_ethernet_v3\EWARM\wm_gsm_ethernet_v3\Obj\w5500.o
#        D:\Saoviet_Bitbucket\Saoviet_Datalogger_Sensor\Project_Datalogger_Sensor\1.Source_Code_L496\wm_gsm_ethernet_v3\EWARM\wm_gsm_ethernet_v3\Obj\wizchip_conf.o
#        D:\Saoviet_Bitbucket\Saoviet_Datalogger_Sensor\Project_Datalogger_Sensor\1.Source_Code_L496\wm_gsm_ethernet_v3\EWARM\wm_gsm_ethernet_v3\Obj\wm_mt100.o
#        D:\Saoviet_Bitbucket\Saoviet_Datalogger_Sensor\Project_Datalogger_Sensor\1.Source_Code_L496\wm_gsm_ethernet_v3\EWARM\wm_gsm_ethernet_v3\Obj\woteck_wm.o
#        --no_out_extension -o
#        D:\Saoviet_Bitbucket\Saoviet_Datalogger_Sensor\Project_Datalogger_Sensor\1.Source_Code_L496\wm_gsm_ethernet_v3\EWARM\wm_gsm_ethernet_v3\Exe\wm_gsm_ethernet_v3.out
#        --redirect _Printf=_PrintfFullNoMb --redirect _Scanf=_ScanfFullNoMb
#        --map
#        D:\Saoviet_Bitbucket\Saoviet_Datalogger_Sensor\Project_Datalogger_Sensor\1.Source_Code_L496\wm_gsm_ethernet_v3\EWARM\wm_gsm_ethernet_v3\List\wm_gsm_ethernet_v3.map
#        --config
#        D:\Saoviet_Bitbucket\Saoviet_Datalogger_Sensor\Project_Datalogger_Sensor\1.Source_Code_L496\wm_gsm_ethernet_v3\EWARM/stm32l496xx_flash.icf
#        --semihosting --entry __iar_program_start --vfe --text_out locale)
#
###############################################################################

*******************************************************************************
*** RUNTIME MODEL ATTRIBUTES
***

CppFlavor       = *
__Heap_Handler  = DLMalloc
__SystemLibrary = DLib
__dlib_version  = 6


*******************************************************************************
*** HEAP SELECTION
***

The advanced heap was selected because the application calls memory
allocation functions outside of system library functions, and there
are calls to deallocation functions in the application.


*******************************************************************************
*** PLACEMENT SUMMARY
***

"A0":  place at address 0x800'4000 { ro section .intvec };
"P1":  place in [from 0x800'0000 to 0x80f'ffff] { ro };
define block CSTACK with size = 2K, alignment = 8 { };
define block HEAP with size = 512, alignment = 8 { };
"P2":  place in [from 0x2000'0000 to 0x2004'ffff] {
          rw, block CSTACK, block HEAP };
initialize by copy { rw };

  Section            Kind         Address      Size  Object
  -------            ----         -------      ----  ------
"A0":                                         0x1ac
  .intvec            ro code   0x800'4000     0x1ac  startup_stm32l496xx.o [1]
                             - 0x800'41ac     0x1ac

"P1":                                      0x2'bb79
  .text              ro code   0x800'41ac    0x3888  user_app_wm.o [1]
  .text              ro code   0x800'7a34     0x32c  user_timer.o [1]
  .text              ro code   0x800'7d60       0xc  stm32l4xx_hal.o [1]
  .text              ro code   0x800'7d6c      0x4a  event_driven.o [1]
  .text              ro code   0x800'7db6      0x3a  zero_init3.o [4]
  .text              ro code   0x800'7df0     0x64a  user_util.o [1]
  .text              ro code   0x800'843a       0xa  xsprout.o [2]
  .text              ro code   0x800'8444     0x29c  user_time.o [1]
  .text              ro code   0x800'86e0     0x2da  user_adv_trace.o [1]
  .rodata            const     0x800'89ba       0x2  user_app_wm.o [1]
  .text              ro code   0x800'89bc     0x158  user_lptim.o [1]
  .text              ro code   0x800'8b14    0x2034  user_app_ethernet.o [1]
  .text              ro code   0x800'ab48     0xf80  user_app_sim.o [1]
  .text              ro code   0x800'bac8      0x66  ABImemset.o [4]
  .rodata            const     0x800'bb2e       0x2  user_ec200u.o [1]
  .text              ro code   0x800'bb30      0x40  sprintf.o [2]
  .text              ro code   0x800'bb70      0x48  FltToDbl.o [3]
  .text              ro code   0x800'bbb8      0x3a  DblToS32.o [3]
  .rodata            const     0x800'bbf2       0x2  user_ec200u.o [1]
  .text              ro code   0x800'bbf4     0x3c8  stm32l4xx_hal_gpio.o [1]
  .text              ro code   0x800'bfbc     0x564  user_rs485.o [1]
  .text              ro code   0x800'c520     0x380  user_wm_digital.o [1]
  .text              ro code   0x800'c8a0     0x14c  user_adc.o [1]
  .text              ro code   0x800'c9ec     0x998  user_app_comm.o [1]
  .text              ro code   0x800'd384      0x2e  DblCmpLe.o [3]
  .rodata            const     0x800'd3b2       0x2  xlocale_c.o [2]
  .text              ro code   0x800'd3b4      0xe2  DblSub.o [3]
  .rodata            const     0x800'd496       0x2  xlocale_c.o [2]
  .text              ro code   0x800'd498     0x1a2  DblMul.o [3]
  .rodata            const     0x800'd63a       0x1  xlocale_c.o [2]
  .text              ro code   0x800'd63c     0x246  DblDiv.o [3]
  .text              ro code   0x800'd884     0x17a  DblAdd.o [3]
  .text              ro code   0x800'da00     0x1f8  onchipflash.o [1]
  .text              ro code   0x800'dbf8    0x1284  user_app_mem.o [1]
  .text              ro code   0x800'ee7c      0x36  strlen.o [4]
  .text              ro code   0x800'eeb4      0xa6  ABImemcpy.o [4]
  .text              ro code   0x800'ef5c      0x22  S32ToDbl.o [3]
  .text              ro code   0x800'ef7e     0x28a  user_obis_sv.o [1]
  .text              ro code   0x800'f208     0x3c4  user_convert_variable.o [1]
  .text              ro code   0x800'f5cc      0x68  DblToFlt.o [3]
  .text              ro code   0x800'f634      0x1e  math_wrappers64.o [3]
  .text              ro code   0x800'f654      0x1a  U32ToDbl.o [3]
  .text              ro code   0x800'f670     0x14c  iar_Stoulx.o [2]
  .text              ro code   0x800'f7bc    0x14dc  dlmalloc.o [2]
  .text              ro code   0x801'0c98       0x4  heaptramp0.o [2]
  .text              ro code   0x801'0c9c     0x230  I64DivMod.o [4]
  .text              ro code   0x801'0ecc     0x736  stm32l4xx_hal_rtc.o [1]
  .text              ro code   0x801'1604     0x2d8  user_tiny_vsnprintf.o [1]
  .text              ro code   0x801'18dc       0x2  user_adv_trace.o [1]
  .text              ro code   0x801'18e0     0x18c  stm32l4xx_hal_lptim.o [1]
  .text              ro code   0x801'1a6c     0x37c  stm32l4xx_hal_tim.o [1]
  .text              ro code   0x801'1de8       0x8  abs.o [2]
  .text              ro code   0x801'1df0     0x424  w5500.o [1]
  .text              ro code   0x801'2214    0x2d20  user_modem.o [1]
  .text              ro code   0x801'4f34    0x10f4  dhcp.o [1]
  .text              ro code   0x801'6028     0x4d0  dns.o [1]
  .text              ro code   0x801'64f8     0x16a  queue_p.o [1]
  .text              ro code   0x801'6664     0xc8c  socket.o [1]
  .text              ro code   0x801'72f0     0xc92  user_mqtt.o [1]
  .text              ro code   0x801'7f82     0x2a6  user_string.o [1]
  .text              ro code   0x801'8228     0x7e2  stm32l4xx_hal_spi.o [1]
  .text              ro code   0x801'8a0c     0x6be  wizchip_conf.o [1]
  .text              ro code   0x801'90cc      0x4c  strtok.o [2]
  .text              ro code   0x801'9118     0x1b0  stm32l4xx_hal_flash.o [1]
  .text              ro code   0x801'92c8      0x28  stm32l4xx_hal.o [1]
  .text              ro code   0x801'92f0     0x96e  user_sim_common.o [1]
  .text              ro code   0x801'9c60     0x828  user_sim.o [1]
  .text              ro code   0x801'a488     0x982  user_ec200u.o [1]
  .text              ro code   0x801'ae0c     0xd64  stm32l4xx_hal_uart.o [1]
  .text              ro code   0x801'bb70     0xfc6  xprintffull_nomb.o [2]
  .text              ro code   0x801'cb36      0x66  stm32l4xx_hal_uart_ex.o [1]
  .text              ro code   0x801'cb9c     0x15c  stm32l4xx_hal_cortex.o [1]
  .text              ro code   0x801'ccf8     0x180  user_modbus_rtu.o [1]
  .text              ro code   0x801'ce78      0xf0  main.o [1]
  .text              ro code   0x801'cf68     0x20c  wm_mt100.o [1]
  .text              ro code   0x801'd174     0xe6a  stm32l4xx_hal_adc.o [1]
  .text              ro code   0x801'dfe0     0x1ec  stm32l4xx_hal_adc_ex.o [1]
  .text              ro code   0x801'e1cc     0x168  user_uart.o [1]
  .text              ro code   0x801'e334     0x154  user_lpm.o [1]
  .text              ro code   0x801'e488    0x17c0  user_app_rs485.o [1]
  .text              ro code   0x801'fc48     0x950  user_app_sensor.o [1]
  .text              ro code   0x802'0598    0x129c  lcd_display.o [1]
  .text              ro code   0x802'1834     0x978  stm32l4xx_hal_rcc.o [1]
  .text              ro code   0x802'21ac     0x520  usart.o [1]
  .text              ro code   0x802'26cc      0xb4  stm32l4xx_hal_flash_ex.o [1]
  .text              ro code   0x802'2780     0x110  user_internal_mem.o [1]
  .text              ro code   0x802'2890     0x328  cat24mxx.o [1]
  .text              ro code   0x802'2bb8     0x4f8  strto64.o [3]
  .text              ro code   0x802'30b0     0x6ec  pow64.o [3]
  .text              ro code   0x802'379c      0x14  isspace.o [2]
  .text              ro code   0x802'37b0      0x14  tolower.o [2]
  .text              ro code   0x802'37c4      0x58  memchr.o [4]
  .text              ro code   0x802'381c       0x6  abort.o [2]
  .text              ro code   0x802'3824      0x2c  xgetmemchunk.o [2]
  .text              ro code   0x802'3850       0x6  ABImemclr.o [4]
  .text              ro code   0x802'3858       0x2  I64DivZer.o [4]
  .text              ro code   0x802'385c      0x58  rtc.o [1]
  .text              ro code   0x802'38b4     0x358  user_rtc.o [1]
  .text              ro code   0x802'3c0c       0x2  stm32l4xx_hal_rtc_ex.o [1]
  .text              ro code   0x802'3c10     0x194  lptim.o [1]
  .text              ro code   0x802'3da4     0x1dc  tim.o [1]
  .text              ro code   0x802'3f80      0x14  memset.o [4]
  .text              ro code   0x802'3f94      0x18  strcpy.o [4]
  .text              ro code   0x802'3fac      0x70  strncpy.o [4]
  .text              ro code   0x802'401c      0x16  strchr.o [4]
  .text              ro code   0x802'4034      0xc8  MQTTSerializePublish.o [1]
  .text              ro code   0x802'40fc       0x6  ABImemclr4.o [4]
  .text              ro code   0x802'4104      0xe0  MQTTSubscribeClient.o [1]
  .text              ro code   0x802'41e4     0x1f0  MQTTConnectClient.o [1]
  .text              ro code   0x802'43d4     0x16c  spi.o [1]
  .text              ro code   0x802'4540      0x22  strspn.o [2]
  .text              ro code   0x802'4562      0x22  strcspn.o [2]
  .text              ro code   0x802'4584      0x2c  strstr.o [2]
  .text              ro code   0x802'45b0     0x3fe  stm32l4xx_hal_dma.o [1]
  .text              ro code   0x802'49ae       0x2  stm32l4xx_hal_uart.o [1]
  .text              ro code   0x802'49b0       0x2  stm32l4xx_hal_uart.o [1]
  .text              ro code   0x802'49b4      0x40  xfail_s.o [2]
  .text              ro code   0x802'49f4      0x70  frexp.o [3]
  .text              ro code   0x802'4a64      0x2e  DblCmpGe.o [3]
  .text              ro code   0x802'4a94     0x13a  ldexp.o [3]
  .text              ro code   0x802'4bd0      0x28  DblToU32.o [3]
  .text              ro code   0x802'4bf8      0x4c  xlocale_c.o [2]
  .text              ro code   0x802'4c44      0x4c  stm32l4xx_hal.o [1]
  .text              ro code   0x802'4c90     0x370  gpio.o [1]
  .text              ro code   0x802'5000      0x70  dma.o [1]
  .text              ro code   0x802'5070     0x1d8  adc.o [1]
  .text              ro code   0x802'5248      0xf4  i2c.o [1]
  .text              ro code   0x802'533c     0x108  stm32l4xx_hal_pwr_ex.o [1]
  .text              ro code   0x802'5444      0x78  stm32l4xx_hal_pwr.o [1]
  .text              ro code   0x802'54bc      0x10  stm32l4xx_hal.o [1]
  .text              ro code   0x802'54cc      0x10  stm32l4xx_hal.o [1]
  .text              ro code   0x802'54dc      0xac  STM32L4.o [1]
  .text              ro code   0x802'5588     0x270  text_tiny.o [1]
  .text              ro code   0x802'57f8      0x14  unit_tests.o [1]
  .text              ro code   0x802'580c      0xdc  glcd.o [1]
  .text              ro code   0x802'58e8     0x378  text.o [1]
  .text              ro code   0x802'5c60     0x28c  graphics.o [1]
  .text              ro code   0x802'5eec     0x150  ST7565R.o [1]
  .text              ro code   0x802'603c    0x2510  button.o [1]
  .text              ro code   0x802'854c      0x5c  stm32l4xx_hal.o [1]
  .text              ro code   0x802'85a8     0x704  stm32l4xx_hal_rcc_ex.o [1]
  .text              ro code   0x802'8cac     0x820  stm32l4xx_hal_i2c.o [1]
  .text              ro code   0x802'94cc     0x122  iar_Stopfx.o [2]
  .text              ro code   0x802'95f0     0x1b8  iar_Stoflt.o [2]
  .text              ro code   0x802'97a8     0x208  iar_Stoxflt.o [2]
  .text              ro code   0x802'99b0      0x20  DblCmpEq.o [3]
  .text              ro code   0x802'99d0     0x3e8  iar_Exp64.o [3]
  .text              ro code   0x802'9db8      0x14  exit.o [5]
  .text              ro code   0x802'9dcc      0x46  stm32l4xx_hal_rtc_ex.o [1]
  .text              ro code   0x802'9e14      0xb4  stm32l4xx_hal_tim_ex.o [1]
  .text              ro code   0x802'9ec8     0x108  MQTTPacket.o [1]
  .text              ro code   0x802'9fd0      0x32  ABImemset48.o [4]
  .text              ro code   0x802'a004      0x38  stm32l4xx_hal_msp.o [1]
  .text              ro code   0x802'a03c      0xbe  stm32l4xx_hal_i2c_ex.o [1]
  .text              ro code   0x802'a0fa      0x14  isalpha.o [2]
  .rodata            const     0x802'a110     0x760  user_ec200u.o [1]
  .rodata            const     0x802'a870     0x548  lcd_display.o [1]
  .rodata            const     0x802'adb8      0x3c  user_app_ethernet.o [1]
  .rodata            const     0x802'adf8     0x420  pow64.o [3]
  .rodata            const     0x802'b218     0x400  unit_tests.o [1]
  .rodata            const     0x802'b618     0x214  lcd_display.o [1]
  .rodata            const     0x802'b82c     0x1d0  user_mqtt.o [1]
  .text              ro code   0x802'b9fc     0x1b4  woteck_wm.o [1]
  .text              ro code   0x802'bbb0      0xe0  stm32l4xx_it.o [1]
  .text              ro code   0x802'bc90      0x18  stm32l4xx_hal.o [1]
  .rodata            const     0x802'bca8      0xd0  user_ec200u.o [1]
  .text              ro code   0x802'bd78      0xcc  user_log.o [1]
  .rodata            const     0x802'be44      0xc8  user_modem.o [1]
  .rodata            const     0x802'bf0c      0xc8  user_modem.o [1]
  .rodata            const     0x802'bfd4      0xb0  user_mqtt.o [1]
  .rodata            const     0x802'c084      0x78  user_modem.o [1]
  .text              ro code   0x802'c0fc      0x78  lz77_init_single.o [4]
  .text              ro code   0x802'c174      0x58  level_S_YW_01B.o [1]
  .rodata            const     0x802'c1cc      0x50  user_app_rs485.o [1]
  .rodata            const     0x802'c21c      0x50  iar_Stoulx.o [2]
  .rodata            const     0x802'c26c      0x3c  user_app_rs485.o [1]
  .rodata            const     0x802'c2a8      0x48  strto64.o [3]
  .text              ro code   0x802'c2f0      0x48  level_SUP_PX261_B.o [1]
  .rodata            const     0x802'c338      0x38  user_app_wm.o [1]
  .rodata            const     0x802'c370      0x34  user_app_ethernet.o [1]
  .rodata            const     0x802'c3a4      0x34  user_app_sensor.o [1]
  .rodata            const     0x802'c3d8      0x30  system_stm32l4xx.o [1]
  .rodata            const     0x802'c408      0x30  user_ec200u.o [1]
  .rodata            const     0x802'c438      0x30  user_ec200u.o [1]
  .rodata            const     0x802'c468      0x2c  user_app_comm.o [1]
  .rodata            const     0x802'c494      0x2c  user_rtc.o [1]
  .rodata            const     0x802'c4c0      0x28  user_app_ethernet.o [1]
  .rodata            const     0x802'c4e8      0x28  user_app_mem.o [1]
  .rodata            const     0x802'c510      0x28  user_app_mem.o [1]
  .rodata            const     0x802'c538      0x28  user_app_sim.o [1]
  .rodata            const     0x802'c560      0x28  user_app_wm.o [1]
  .rodata            const     0x802'c588      0x28  user_ec200u.o [1]
  .rodata            const     0x802'c5b0      0x28  user_ec200u.o [1]
  .rodata            const     0x802'c5d8      0x28  user_ec200u.o [1]
  .rodata            const     0x802'c600      0x28  user_modem.o [1]
  .rodata            const     0x802'c628      0x28  user_tiny_vsnprintf.o [1]
  .rodata            const     0x802'c650      0x28  user_tiny_vsnprintf.o [1]
  .text              ro code   0x802'c678      0x28  level_ultrasonic.o [1]
  .text              ro code   0x802'c6a0      0x28  data_init.o [4]
  .rodata            const     0x802'c6c8      0x24  cat24mxx.o [1]
  .rodata            const     0x802'c6ec      0x24  cat24mxx.o [1]
  .rodata            const     0x802'c710      0x24  user_app_comm.o [1]
  .rodata            const     0x802'c734      0x24  user_app_comm.o [1]
  .rodata            const     0x802'c758      0x24  user_app_comm.o [1]
  .rodata            const     0x802'c77c      0x24  user_app_comm.o [1]
  .rodata            const     0x802'c7a0      0x24  user_app_ethernet.o [1]
  .rodata            const     0x802'c7c4      0x24  user_app_ethernet.o [1]
  .rodata            const     0x802'c7e8      0x24  user_app_ethernet.o [1]
  .rodata            const     0x802'c80c      0x24  user_app_ethernet.o [1]
  .rodata            const     0x802'c830      0x24  user_app_ethernet.o [1]
  .rodata            const     0x802'c854      0x24  user_app_ethernet.o [1]
  .rodata            const     0x802'c878      0x24  user_app_ethernet.o [1]
  .rodata            const     0x802'c89c      0x24  user_app_mem.o [1]
  .rodata            const     0x802'c8c0      0x24  user_app_mem.o [1]
  .rodata            const     0x802'c8e4      0x24  user_app_mem.o [1]
  .rodata            const     0x802'c908      0x24  user_app_mem.o [1]
  .rodata            const     0x802'c92c      0x24  user_app_mem.o [1]
  .rodata            const     0x802'c950      0x24  user_app_mem.o [1]
  .rodata            const     0x802'c974      0x24  user_app_mem.o [1]
  .rodata            const     0x802'c998      0x24  user_app_mem.o [1]
  .rodata            const     0x802'c9bc      0x24  user_app_mem.o [1]
  .rodata            const     0x802'c9e0      0x24  user_app_mem.o [1]
  .rodata            const     0x802'ca04      0x24  user_app_mem.o [1]
  .rodata            const     0x802'ca28      0x24  user_app_mem.o [1]
  .rodata            const     0x802'ca4c      0x24  user_app_mem.o [1]
  .rodata            const     0x802'ca70      0x24  user_app_sim.o [1]
  .rodata            const     0x802'ca94      0x24  user_app_wm.o [1]
  .rodata            const     0x802'cab8      0x24  user_app_wm.o [1]
  .rodata            const     0x802'cadc      0x24  user_ec200u.o [1]
  .text              ro code   0x802'cb00      0x22  fpinit_M.o [3]
  .iar.init_table    const     0x802'cb24      0x20  - Linker created -
  .rodata            const     0x802'cb44      0x20  user_app_comm.o [1]
  .rodata            const     0x802'cb64      0x20  user_app_comm.o [1]
  .rodata            const     0x802'cb84      0x20  user_app_comm.o [1]
  .rodata            const     0x802'cba4      0x20  user_app_comm.o [1]
  .rodata            const     0x802'cbc4      0x20  user_app_comm.o [1]
  .rodata            const     0x802'cbe4      0x20  user_app_comm.o [1]
  .rodata            const     0x802'cc04      0x20  user_app_comm.o [1]
  .rodata            const     0x802'cc24      0x20  user_app_ethernet.o [1]
  .rodata            const     0x802'cc44      0x20  user_app_ethernet.o [1]
  .rodata            const     0x802'cc64      0x20  user_app_ethernet.o [1]
  .rodata            const     0x802'cc84      0x20  user_app_ethernet.o [1]
  .rodata            const     0x802'cca4      0x20  user_app_ethernet.o [1]
  .rodata            const     0x802'ccc4      0x20  user_app_ethernet.o [1]
  .rodata            const     0x802'cce4      0x20  user_app_ethernet.o [1]
  .rodata            const     0x802'cd04      0x20  user_app_mem.o [1]
  .rodata            const     0x802'cd24      0x20  user_app_mem.o [1]
  .rodata            const     0x802'cd44      0x20  user_app_sim.o [1]
  .rodata            const     0x802'cd64      0x20  user_app_sim.o [1]
  .rodata            const     0x802'cd84      0x20  user_app_wm.o [1]
  .rodata            const     0x802'cda4      0x20  user_app_wm.o [1]
  .rodata            const     0x802'cdc4      0x20  user_app_wm.o [1]
  .rodata            const     0x802'cde4      0x20  user_app_wm.o [1]
  .rodata            const     0x802'ce04      0x20  user_app_wm.o [1]
  .rodata            const     0x802'ce24      0x20  user_app_wm.o [1]
  .rodata            const     0x802'ce44      0x20  user_app_wm.o [1]
  .rodata            const     0x802'ce64      0x20  user_ec200u.o [1]
  .rodata            const     0x802'ce84      0x20  user_ec200u.o [1]
  .rodata            const     0x802'cea4      0x20  user_ec200u.o [1]
  .rodata            const     0x802'cec4      0x20  user_ec200u.o [1]
  .rodata            const     0x802'cee4      0x20  user_ec200u.o [1]
  .rodata            const     0x802'cf04      0x20  user_ec200u.o [1]
  .rodata            const     0x802'cf24      0x20  user_modem.o [1]
  .rodata            const     0x802'cf44      0x20  user_modem.o [1]
  .rodata            const     0x802'cf64      0x20  user_mqtt.o [1]
  .rodata            const     0x802'cf84      0x20  user_rtc.o [1]
  .rodata            const     0x802'cfa4      0x20  user_sim.o [1]
  .rodata            const     0x802'cfc4      0x20  user_sim.o [1]
  .text              ro code   0x802'cfe4      0x20  system_stm32l4xx.o [1]
  .text              ro code   0x802'd004      0x1e  cmain.o [4]
  .text              ro code   0x802'd022       0x4  low_level_init.o [2]
  .text              ro code   0x802'd026       0x4  exit.o [2]
  .text              ro code   0x802'd02c       0xa  cexit.o [4]
  .rodata            const     0x802'd038      0x1c  user_app_comm.o [1]
  .rodata            const     0x802'd054      0x1c  user_app_comm.o [1]
  .rodata            const     0x802'd070      0x1c  user_app_comm.o [1]
  .rodata            const     0x802'd08c      0x1c  user_app_comm.o [1]
  .rodata            const     0x802'd0a8      0x1c  user_app_comm.o [1]
  .rodata            const     0x802'd0c4      0x1c  user_app_ethernet.o [1]
  .rodata            const     0x802'd0e0      0x1c  user_app_ethernet.o [1]
  .rodata            const     0x802'd0fc      0x1c  user_app_ethernet.o [1]
  .rodata            const     0x802'd118      0x1c  user_app_ethernet.o [1]
  .rodata            const     0x802'd134      0x1c  user_app_ethernet.o [1]
  .rodata            const     0x802'd150      0x1c  user_app_ethernet.o [1]
  .rodata            const     0x802'd16c      0x1c  user_app_ethernet.o [1]
  .rodata            const     0x802'd188      0x1c  user_app_ethernet.o [1]
  .rodata            const     0x802'd1a4      0x1c  user_app_ethernet.o [1]
  .rodata            const     0x802'd1c0      0x1c  user_app_ethernet.o [1]
  .rodata            const     0x802'd1dc      0x1c  user_app_ethernet.o [1]
  .rodata            const     0x802'd1f8      0x1c  user_app_ethernet.o [1]
  .rodata            const     0x802'd214      0x1c  user_app_ethernet.o [1]
  .rodata            const     0x802'd230      0x1c  user_app_ethernet.o [1]
  .rodata            const     0x802'd24c      0x1c  user_app_mem.o [1]
  .rodata            const     0x802'd268      0x1c  user_app_sim.o [1]
  .rodata            const     0x802'd284      0x1c  user_app_sim.o [1]
  .rodata            const     0x802'd2a0      0x1c  user_app_sim.o [1]
  .rodata            const     0x802'd2bc      0x1c  user_app_sim.o [1]
  .rodata            const     0x802'd2d8      0x1c  user_app_sim.o [1]
  .rodata            const     0x802'd2f4      0x1c  user_app_wm.o [1]
  .rodata            const     0x802'd310      0x1c  user_app_wm.o [1]
  .rodata            const     0x802'd32c      0x1c  user_app_wm.o [1]
  .rodata            const     0x802'd348      0x1c  user_app_wm.o [1]
  .rodata            const     0x802'd364      0x1c  user_app_wm.o [1]
  .rodata            const     0x802'd380      0x1c  user_app_wm.o [1]
  .rodata            const     0x802'd39c      0x1c  user_app_wm.o [1]
  .rodata            const     0x802'd3b8      0x1c  user_app_wm.o [1]
  .rodata            const     0x802'd3d4      0x1c  user_app_wm.o [1]
  .rodata            const     0x802'd3f0      0x1c  user_app_wm.o [1]
  .rodata            const     0x802'd40c      0x1c  user_app_wm.o [1]
  .rodata            const     0x802'd428      0x1c  user_ec200u.o [1]
  .rodata            const     0x802'd444      0x1c  user_ec200u.o [1]
  .rodata            const     0x802'd460      0x1c  user_ec200u.o [1]
  .rodata            const     0x802'd47c      0x1c  user_ec200u.o [1]
  .rodata            const     0x802'd498      0x1c  user_ec200u.o [1]
  .rodata            const     0x802'd4b4      0x1c  user_ec200u.o [1]
  .rodata            const     0x802'd4d0      0x1c  user_ec200u.o [1]
  .rodata            const     0x802'd4ec      0x1c  user_ec200u.o [1]
  .rodata            const     0x802'd508      0x1c  user_modem.o [1]
  .rodata            const     0x802'd524      0x1c  user_modem.o [1]
  .rodata            const     0x802'd540      0x1c  user_mqtt.o [1]
  .rodata            const     0x802'd55c      0x1c  user_sim.o [1]
  .rodata            const     0x802'd578      0x1c  user_uart.o [1]
  .rodata            const     0x802'd594      0x18  socket.o [1]
  .rodata            const     0x802'd5ac      0x18  socket.o [1]
  .rodata            const     0x802'd5c4      0x18  user_app_comm.o [1]
  .rodata            const     0x802'd5dc      0x18  user_app_comm.o [1]
  .rodata            const     0x802'd5f4      0x18  user_app_comm.o [1]
  .rodata            const     0x802'd60c      0x18  user_app_ethernet.o [1]
  .rodata            const     0x802'd624      0x18  user_app_ethernet.o [1]
  .rodata            const     0x802'd63c      0x18  user_app_ethernet.o [1]
  .rodata            const     0x802'd654      0x18  user_app_ethernet.o [1]
  .rodata            const     0x802'd66c      0x18  user_app_ethernet.o [1]
  .rodata            const     0x802'd684      0x18  user_app_sim.o [1]
  .rodata            const     0x802'd69c      0x18  user_app_wm.o [1]
  .rodata            const     0x802'd6b4      0x18  user_app_wm.o [1]
  .rodata            const     0x802'd6cc      0x18  user_app_wm.o [1]
  .rodata            const     0x802'd6e4      0x18  user_app_wm.o [1]
  .rodata            const     0x802'd6fc      0x18  user_app_wm.o [1]
  .rodata            const     0x802'd714      0x18  user_app_wm.o [1]
  .rodata            const     0x802'd72c      0x18  user_at_serial.o [1]
  .rodata            const     0x802'd744      0x18  user_at_serial.o [1]
  .rodata            const     0x802'd75c      0x18  user_ec200u.o [1]
  .rodata            const     0x802'd774      0x18  user_ec200u.o [1]
  .rodata            const     0x802'd78c      0x18  user_ec200u.o [1]
  .rodata            const     0x802'd7a4      0x18  user_ec200u.o [1]
  .rodata            const     0x802'd7bc      0x18  user_lpm.o [1]
  .rodata            const     0x802'd7d4      0x18  user_modem.o [1]
  .rodata            const     0x802'd7ec      0x18  user_mqtt.o [1]
  .rodata            const     0x802'd804      0x18  user_mqtt.o [1]
  .rodata            const     0x802'd81c      0x18  wm_mt100.o [1]
  .rodata            const     0x802'd834      0x18  woteck_wm.o [1]
  .rodata            const     0x802'd84c      0x14  dhcp.o [1]
  .rodata            const     0x802'd860      0x14  lcd_display.o [1]
  .rodata            const     0x802'd874      0x14  lcd_display.o [1]
  .rodata            const     0x802'd888      0x14  lcd_display.o [1]
  .rodata            const     0x802'd89c      0x14  lcd_display.o [1]
  .rodata            const     0x802'd8b0      0x14  user_app_comm.o [1]
  .rodata            const     0x802'd8c4      0x14  user_app_ethernet.o [1]
  .rodata            const     0x802'd8d8      0x14  user_app_ethernet.o [1]
  .rodata            const     0x802'd8ec      0x14  user_app_ethernet.o [1]
  .rodata            const     0x802'd900      0x14  user_app_ethernet.o [1]
  .rodata            const     0x802'd914      0x14  user_app_ethernet.o [1]
  .rodata            const     0x802'd928      0x14  user_app_ethernet.o [1]
  .rodata            const     0x802'd93c      0x14  user_app_ethernet.o [1]
  .rodata            const     0x802'd950      0x14  user_app_mem.o [1]
  .rodata            const     0x802'd964      0x14  user_app_mem.o [1]
  .rodata            const     0x802'd978      0x14  user_app_mem.o [1]
  .rodata            const     0x802'd98c      0x14  user_app_mem.o [1]
  .rodata            const     0x802'd9a0      0x14  user_app_wm.o [1]
  .rodata            const     0x802'd9b4      0x14  user_app_wm.o [1]
  .rodata            const     0x802'd9c8      0x14  user_app_wm.o [1]
  .rodata            const     0x802'd9dc      0x14  user_app_wm.o [1]
  .rodata            const     0x802'd9f0      0x14  user_app_wm.o [1]
  .rodata            const     0x802'da04      0x14  user_at_serial.o [1]
  .rodata            const     0x802'da18      0x14  user_at_serial.o [1]
  .rodata            const     0x802'da2c      0x14  user_at_serial.o [1]
  .rodata            const     0x802'da40      0x14  user_at_serial.o [1]
  .rodata            const     0x802'da54      0x14  user_at_serial.o [1]
  .rodata            const     0x802'da68      0x14  user_ec200u.o [1]
  .rodata            const     0x802'da7c      0x14  user_ec200u.o [1]
  .rodata            const     0x802'da90      0x14  user_ec200u.o [1]
  .rodata            const     0x802'daa4      0x14  user_ec200u.o [1]
  .rodata            const     0x802'dab8      0x14  user_ec200u.o [1]
  .rodata            const     0x802'dacc      0x14  user_ec200u.o [1]
  .rodata            const     0x802'dae0      0x14  user_log.o [1]
  .rodata            const     0x802'daf4      0x14  user_modem.o [1]
  .rodata            const     0x802'db08      0x14  user_modem.o [1]
  .rodata            const     0x802'db1c      0x14  user_modem.o [1]
  .rodata            const     0x802'db30      0x14  user_mqtt.o [1]
  .rodata            const     0x802'db44      0x14  user_mqtt.o [1]
  .rodata            const     0x802'db58      0x14  user_mqtt.o [1]
  .rodata            const     0x802'db6c      0x10  lcd_display.o [1]
  .rodata            const     0x802'db7c      0x10  lcd_display.o [1]
  .rodata            const     0x802'db8c      0x10  lcd_display.o [1]
  .rodata            const     0x802'db9c      0x10  lcd_display.o [1]
  .rodata            const     0x802'dbac      0x10  lcd_display.o [1]
  .rodata            const     0x802'dbbc      0x10  lcd_display.o [1]
  .rodata            const     0x802'dbcc      0x10  lcd_display.o [1]
  .rodata            const     0x802'dbdc      0x10  lcd_display.o [1]
  .rodata            const     0x802'dbec      0x10  lcd_display.o [1]
  .rodata            const     0x802'dbfc      0x10  lcd_display.o [1]
  .rodata            const     0x802'dc0c      0x10  lcd_display.o [1]
  .rodata            const     0x802'dc1c      0x10  lcd_display.o [1]
  .rodata            const     0x802'dc2c      0x10  lcd_display.o [1]
  .rodata            const     0x802'dc3c      0x10  lcd_display.o [1]
  .rodata            const     0x802'dc4c      0x10  lcd_display.o [1]
  .rodata            const     0x802'dc5c      0x10  lcd_display.o [1]
  .rodata            const     0x802'dc6c      0x10  lcd_display.o [1]
  .rodata            const     0x802'dc7c      0x10  lcd_display.o [1]
  .rodata            const     0x802'dc8c      0x10  lcd_display.o [1]
  .rodata            const     0x802'dc9c      0x10  lcd_display.o [1]
  .rodata            const     0x802'dcac      0x10  lcd_display.o [1]
  .rodata            const     0x802'dcbc      0x10  lcd_display.o [1]
  .rodata            const     0x802'dccc      0x10  lcd_display.o [1]
  .rodata            const     0x802'dcdc      0x10  lcd_display.o [1]
  .rodata            const     0x802'dcec      0x10  lcd_display.o [1]
  .rodata            const     0x802'dcfc      0x10  lcd_display.o [1]
  .rodata            const     0x802'dd0c      0x10  lcd_display.o [1]
  .rodata            const     0x802'dd1c      0x10  lcd_display.o [1]
  .rodata            const     0x802'dd2c      0x10  lcd_display.o [1]
  .rodata            const     0x802'dd3c      0x10  lcd_display.o [1]
  .rodata            const     0x802'dd4c      0x10  lcd_display.o [1]
  .rodata            const     0x802'dd5c      0x10  lcd_display.o [1]
  .rodata            const     0x802'dd6c      0x10  lcd_display.o [1]
  .rodata            const     0x802'dd7c      0x10  system_stm32l4xx.o [1]
  .rodata            const     0x802'dd8c      0x10  user_app_ethernet.o [1]
  .rodata            const     0x802'dd9c      0x10  user_app_ethernet.o [1]
  .rodata            const     0x802'ddac      0x10  user_app_ethernet.o [1]
  .rodata            const     0x802'ddbc      0x10  user_app_ethernet.o [1]
  .rodata            const     0x802'ddcc      0x10  user_app_mem.o [1]
  .rodata            const     0x802'dddc      0x10  user_app_sim.o [1]
  .rodata            const     0x802'ddec      0x10  user_at_serial.o [1]
  .rodata            const     0x802'ddfc      0x10  user_at_serial.o [1]
  .rodata            const     0x802'de0c      0x10  user_at_serial.o [1]
  .rodata            const     0x802'de1c      0x10  user_at_serial.o [1]
  .rodata            const     0x802'de2c      0x10  user_at_serial.o [1]
  .rodata            const     0x802'de3c      0x10  user_at_serial.o [1]
  .rodata            const     0x802'de4c      0x10  user_at_serial.o [1]
  .rodata            const     0x802'de5c      0x10  user_at_serial.o [1]
  .rodata            const     0x802'de6c      0x10  user_at_serial.o [1]
  .rodata            const     0x802'de7c      0x10  user_at_serial.o [1]
  .rodata            const     0x802'de8c      0x10  user_at_serial.o [1]
  .rodata            const     0x802'de9c      0x10  user_at_serial.o [1]
  .rodata            const     0x802'deac      0x10  user_at_serial.o [1]
  .rodata            const     0x802'debc      0x10  user_at_serial.o [1]
  .rodata            const     0x802'decc      0x10  user_at_serial.o [1]
  .rodata            const     0x802'dedc      0x10  user_at_serial.o [1]
  .rodata            const     0x802'deec      0x10  user_at_serial.o [1]
  .rodata            const     0x802'defc      0x10  user_at_serial.o [1]
  .rodata            const     0x802'df0c      0x10  user_at_serial.o [1]
  .rodata            const     0x802'df1c      0x10  user_at_serial.o [1]
  .rodata            const     0x802'df2c      0x10  user_at_serial.o [1]
  .rodata            const     0x802'df3c      0x10  user_at_serial.o [1]
  .rodata            const     0x802'df4c      0x10  user_at_serial.o [1]
  .rodata            const     0x802'df5c      0x10  user_at_serial.o [1]
  .rodata            const     0x802'df6c      0x10  user_at_serial.o [1]
  .rodata            const     0x802'df7c      0x10  user_at_serial.o [1]
  .rodata            const     0x802'df8c      0x10  user_at_serial.o [1]
  .rodata            const     0x802'df9c      0x10  user_at_serial.o [1]
  .rodata            const     0x802'dfac      0x10  user_ec200u.o [1]
  .rodata            const     0x802'dfbc      0x10  user_ec200u.o [1]
  .rodata            const     0x802'dfcc      0x10  user_ec200u.o [1]
  .rodata            const     0x802'dfdc      0x10  user_ec200u.o [1]
  .rodata            const     0x802'dfec      0x10  user_ec200u.o [1]
  .rodata            const     0x802'dffc      0x10  user_ec200u.o [1]
  .rodata            const     0x802'e00c      0x10  user_ec200u.o [1]
  .rodata            const     0x802'e01c      0x10  user_ec200u.o [1]
  .rodata            const     0x802'e02c      0x10  user_ec200u.o [1]
  .rodata            const     0x802'e03c      0x10  user_ec200u.o [1]
  .rodata            const     0x802'e04c      0x10  user_ec200u.o [1]
  .rodata            const     0x802'e05c      0x10  user_ec200u.o [1]
  .rodata            const     0x802'e06c      0x10  user_ec200u.o [1]
  .rodata            const     0x802'e07c      0x10  user_ec200u.o [1]
  .rodata            const     0x802'e08c      0x10  user_ec200u.o [1]
  .rodata            const     0x802'e09c      0x10  user_ec200u.o [1]
  .rodata            const     0x802'e0ac      0x10  user_ec200u.o [1]
  .rodata            const     0x802'e0bc      0x10  user_ec200u.o [1]
  .rodata            const     0x802'e0cc      0x10  user_ec200u.o [1]
  .rodata            const     0x802'e0dc      0x10  user_ec200u.o [1]
  .rodata            const     0x802'e0ec      0x10  user_ec200u.o [1]
  .rodata            const     0x802'e0fc      0x10  user_ec200u.o [1]
  .rodata            const     0x802'e10c      0x10  user_ec200u.o [1]
  .rodata            const     0x802'e11c      0x10  user_ec200u.o [1]
  .rodata            const     0x802'e12c      0x10  user_ec200u.o [1]
  .rodata            const     0x802'e13c      0x10  user_modem.o [1]
  .rodata            const     0x802'e14c      0x10  user_modem.o [1]
  .rodata            const     0x802'e15c      0x10  user_modem.o [1]
  .rodata            const     0x802'e16c      0x10  user_modem.o [1]
  .rodata            const     0x802'e17c      0x10  user_modem.o [1]
  .rodata            const     0x802'e18c      0x10  user_modem.o [1]
  .rodata            const     0x802'e19c      0x10  user_modem.o [1]
  .rodata            const     0x802'e1ac      0x10  user_modem.o [1]
  .rodata            const     0x802'e1bc      0x10  user_modem.o [1]
  .rodata            const     0x802'e1cc      0x10  user_modem.o [1]
  .rodata            const     0x802'e1dc      0x10  user_modem.o [1]
  .rodata            const     0x802'e1ec      0x10  user_modem.o [1]
  .rodata            const     0x802'e1fc      0x10  user_mqtt.o [1]
  .rodata            const     0x802'e20c      0x10  user_mqtt.o [1]
  .rodata            const     0x802'e21c      0x10  user_mqtt.o [1]
  .text              ro code   0x802'e22c      0x10  startup_stm32l496xx.o [1]
  .rodata            const     0x802'e23c       0xc  lcd_display.o [1]
  .rodata            const     0x802'e248       0xc  lcd_display.o [1]
  .rodata            const     0x802'e254       0xc  lcd_display.o [1]
  .rodata            const     0x802'e260       0xc  lcd_display.o [1]
  .rodata            const     0x802'e26c       0xc  lcd_display.o [1]
  .rodata            const     0x802'e278       0xc  lcd_display.o [1]
  .rodata            const     0x802'e284       0xc  lcd_display.o [1]
  .rodata            const     0x802'e290       0xc  lcd_display.o [1]
  .rodata            const     0x802'e29c       0xc  lcd_display.o [1]
  .rodata            const     0x802'e2a8       0xc  lcd_display.o [1]
  .rodata            const     0x802'e2b4       0xc  lcd_display.o [1]
  .rodata            const     0x802'e2c0       0xc  lcd_display.o [1]
  .rodata            const     0x802'e2cc       0xc  lcd_display.o [1]
  .rodata            const     0x802'e2d8       0xc  lcd_display.o [1]
  .rodata            const     0x802'e2e4       0xc  lcd_display.o [1]
  .rodata            const     0x802'e2f0       0xc  lcd_display.o [1]
  .rodata            const     0x802'e2fc       0xc  lcd_display.o [1]
  .rodata            const     0x802'e308       0xc  lcd_display.o [1]
  .rodata            const     0x802'e314       0xc  lcd_display.o [1]
  .rodata            const     0x802'e320       0xc  lcd_display.o [1]
  .rodata            const     0x802'e32c       0xc  lcd_display.o [1]
  .rodata            const     0x802'e338       0xc  lcd_display.o [1]
  .rodata            const     0x802'e344       0xc  lcd_display.o [1]
  .rodata            const     0x802'e350       0xc  user_app_comm.o [1]
  .rodata            const     0x802'e35c       0xc  user_app_ethernet.o [1]
  .rodata            const     0x802'e368       0xc  user_app_ethernet.o [1]
  .rodata            const     0x802'e374       0xc  user_app_ethernet.o [1]
  .rodata            const     0x802'e380       0xc  user_app_ethernet.o [1]
  .rodata            const     0x802'e38c       0xc  user_app_ethernet.o [1]
  .rodata            const     0x802'e398       0xc  user_app_ethernet.o [1]
  .rodata            const     0x802'e3a4       0xc  user_app_ethernet.o [1]
  .rodata            const     0x802'e3b0       0xc  user_app_mem.o [1]
  .rodata            const     0x802'e3bc       0xc  user_app_mem.o [1]
  .rodata            const     0x802'e3c8       0xc  user_app_rs485.o [1]
  .rodata            const     0x802'e3d4       0xc  user_app_rs485.o [1]
  .rodata            const     0x802'e3e0       0xc  user_app_rs485.o [1]
  .rodata            const     0x802'e3ec       0xc  user_app_sim.o [1]
  .rodata            const     0x802'e3f8       0xc  user_app_sim.o [1]
  .rodata            const     0x802'e404       0xc  user_app_sim.o [1]
  .rodata            const     0x802'e410       0xc  user_at_serial.o [1]
  .rodata            const     0x802'e41c       0xc  user_at_serial.o [1]
  .rodata            const     0x802'e428       0xc  user_at_serial.o [1]
  .rodata            const     0x802'e434       0xc  user_at_serial.o [1]
  .rodata            const     0x802'e440       0xc  user_at_serial.o [1]
  .rodata            const     0x802'e44c       0xc  user_at_serial.o [1]
  .rodata            const     0x802'e458       0xc  user_at_serial.o [1]
  .rodata            const     0x802'e464       0xc  user_at_serial.o [1]
  .rodata            const     0x802'e470       0xc  user_at_serial.o [1]
  .rodata            const     0x802'e47c       0xc  user_at_serial.o [1]
  .rodata            const     0x802'e488       0xc  user_at_serial.o [1]
  .rodata            const     0x802'e494       0xc  user_at_serial.o [1]
  .rodata            const     0x802'e4a0       0xc  user_at_serial.o [1]
  .rodata            const     0x802'e4ac       0xc  user_at_serial.o [1]
  .rodata            const     0x802'e4b8       0xc  user_at_serial.o [1]
  .rodata            const     0x802'e4c4       0xc  user_at_serial.o [1]
  .rodata            const     0x802'e4d0       0xc  user_at_serial.o [1]
  .rodata            const     0x802'e4dc       0xc  user_at_serial.o [1]
  .rodata            const     0x802'e4e8       0xc  user_at_serial.o [1]
  .rodata            const     0x802'e4f4       0xc  user_at_serial.o [1]
  .rodata            const     0x802'e500       0xc  user_at_serial.o [1]
  .rodata            const     0x802'e50c       0xc  user_at_serial.o [1]
  .rodata            const     0x802'e518       0xc  user_at_serial.o [1]
  .rodata            const     0x802'e524       0xc  user_at_serial.o [1]
  .rodata            const     0x802'e530       0xc  user_ec200u.o [1]
  .rodata            const     0x802'e53c       0xc  user_ec200u.o [1]
  .rodata            const     0x802'e548       0xc  user_ec200u.o [1]
  .rodata            const     0x802'e554       0xc  user_ec200u.o [1]
  .rodata            const     0x802'e560       0xc  user_ec200u.o [1]
  .rodata            const     0x802'e56c       0xc  user_ec200u.o [1]
  .rodata            const     0x802'e578       0xc  user_ec200u.o [1]
  .rodata            const     0x802'e584       0xc  user_ec200u.o [1]
  .rodata            const     0x802'e590       0xc  user_ec200u.o [1]
  .rodata            const     0x802'e59c       0xc  user_ec200u.o [1]
  .rodata            const     0x802'e5a8       0xc  user_ec200u.o [1]
  .rodata            const     0x802'e5b4       0xc  user_ec200u.o [1]
  .rodata            const     0x802'e5c0       0xc  user_ec200u.o [1]
  .rodata            const     0x802'e5cc       0xc  user_ec200u.o [1]
  .rodata            const     0x802'e5d8       0xc  user_ec200u.o [1]
  .rodata            const     0x802'e5e4       0xc  user_ec200u.o [1]
  .rodata            const     0x802'e5f0       0xc  user_ec200u.o [1]
  .rodata            const     0x802'e5fc       0xc  user_ec200u.o [1]
  .rodata            const     0x802'e608       0xc  user_ec200u.o [1]
  .rodata            const     0x802'e614       0xc  user_ec200u.o [1]
  .rodata            const     0x802'e620       0xc  user_ec200u.o [1]
  .rodata            const     0x802'e62c       0xc  user_ec200u.o [1]
  .rodata            const     0x802'e638       0xc  user_ec200u.o [1]
  .rodata            const     0x802'e644       0xc  user_ec200u.o [1]
  .rodata            const     0x802'e650       0xc  user_ec200u.o [1]
  .rodata            const     0x802'e65c       0xc  user_ec200u.o [1]
  .rodata            const     0x802'e668       0xc  user_ec200u.o [1]
  .rodata            const     0x802'e674       0xc  user_ec200u.o [1]
  .rodata            const     0x802'e680       0xc  user_ec200u.o [1]
  .rodata            const     0x802'e68c       0xc  user_ec200u.o [1]
  .rodata            const     0x802'e698       0xc  user_ec200u.o [1]
  .rodata            const     0x802'e6a4       0xc  user_ec200u.o [1]
  .rodata            const     0x802'e6b0       0xc  user_ec200u.o [1]
  .rodata            const     0x802'e6bc       0xc  user_ec200u.o [1]
  .rodata            const     0x802'e6c8       0xc  user_ec200u.o [1]
  .rodata            const     0x802'e6d4       0xc  user_ec200u.o [1]
  .rodata            const     0x802'e6e0       0xc  user_ec200u.o [1]
  .rodata            const     0x802'e6ec       0xc  user_ec200u.o [1]
  .rodata            const     0x802'e6f8       0xc  user_mqtt.o [1]
  .rodata            const     0x802'e704       0xc  user_rtc.o [1]
  .rodata            const     0x802'e710       0xc  user_rtc.o [1]
  .rodata            const     0x802'e71c       0xc  user_sim_common.o [1]
  .rodata            const     0x802'e728       0xc  user_sim_common.o [1]
  .rodata            const     0x802'e734       0xc  user_sim_common.o [1]
  .text              ro code   0x802'e740       0xc  cstartup_M.o [4]
  .rodata            const     0x802'e74c       0x8  lcd_display.o [1]
  .rodata            const     0x802'e754       0x8  lcd_display.o [1]
  .rodata            const     0x802'e75c       0x8  lcd_display.o [1]
  .rodata            const     0x802'e764       0x8  lcd_display.o [1]
  .rodata            const     0x802'e76c       0x8  lcd_display.o [1]
  .rodata            const     0x802'e774       0x8  lcd_display.o [1]
  .rodata            const     0x802'e77c       0x8  lcd_display.o [1]
  .rodata            const     0x802'e784       0x8  lcd_display.o [1]
  .rodata            const     0x802'e78c       0x8  lcd_display.o [1]
  .rodata            const     0x802'e794       0x8  lcd_display.o [1]
  .rodata            const     0x802'e79c       0x8  lcd_display.o [1]
  .rodata            const     0x802'e7a4       0x8  lcd_display.o [1]
  .rodata            const     0x802'e7ac       0x8  lcd_display.o [1]
  .rodata            const     0x802'e7b4       0x8  lcd_display.o [1]
  .rodata            const     0x802'e7bc       0x8  lcd_display.o [1]
  .rodata            const     0x802'e7c4       0x8  lcd_display.o [1]
  .rodata            const     0x802'e7cc       0x8  lcd_display.o [1]
  .rodata            const     0x802'e7d4       0x8  lcd_display.o [1]
  .rodata            const     0x802'e7dc       0x8  lcd_display.o [1]
  .rodata            const     0x802'e7e4       0x8  lcd_display.o [1]
  .rodata            const     0x802'e7ec       0x8  lcd_display.o [1]
  .rodata            const     0x802'e7f4       0x8  lcd_display.o [1]
  .rodata            const     0x802'e7fc       0x8  lcd_display.o [1]
  .rodata            const     0x802'e804       0x8  lcd_display.o [1]
  .rodata            const     0x802'e80c       0x8  lcd_display.o [1]
  .rodata            const     0x802'e814       0x8  lcd_display.o [1]
  .rodata            const     0x802'e81c       0x8  lcd_display.o [1]
  .rodata            const     0x802'e824       0x8  lcd_display.o [1]
  .rodata            const     0x802'e82c       0x8  lcd_display.o [1]
  .rodata            const     0x802'e834       0x8  lcd_display.o [1]
  .rodata            const     0x802'e83c       0x8  lcd_display.o [1]
  .rodata            const     0x802'e844       0x8  lcd_display.o [1]
  .rodata            const     0x802'e84c       0x8  lcd_display.o [1]
  .rodata            const     0x802'e854       0x8  lcd_display.o [1]
  .rodata            const     0x802'e85c       0x8  lcd_display.o [1]
  .rodata            const     0x802'e864       0x8  lcd_display.o [1]
  .rodata            const     0x802'e86c       0x8  lcd_display.o [1]
  .rodata            const     0x802'e874       0x8  lcd_display.o [1]
  .rodata            const     0x802'e87c       0x8  lcd_display.o [1]
  .rodata            const     0x802'e884       0x8  lcd_display.o [1]
  .rodata            const     0x802'e88c       0x8  lcd_display.o [1]
  .rodata            const     0x802'e894       0x8  lcd_display.o [1]
  .rodata            const     0x802'e89c       0x8  lcd_display.o [1]
  .rodata            const     0x802'e8a4       0x8  MQTTConnectClient.o [1]
  .rodata            const     0x802'e8ac       0x8  system_stm32l4xx.o [1]
  .rodata            const     0x802'e8b4       0x8  user_app_ethernet.o [1]
  .rodata            const     0x802'e8bc       0x8  user_app_ethernet.o [1]
  .rodata            const     0x802'e8c4       0x8  user_app_ethernet.o [1]
  .rodata            const     0x802'e8cc       0x8  user_app_ethernet.o [1]
  .rodata            const     0x802'e8d4       0x8  user_app_ethernet.o [1]
  .rodata            const     0x802'e8dc       0x8  user_app_ethernet.o [1]
  .rodata            const     0x802'e8e4       0x8  user_app_ethernet.o [1]
  .rodata            const     0x802'e8ec       0x8  user_app_ethernet.o [1]
  .rodata            const     0x802'e8f4       0x8  user_app_mem.o [1]
  .rodata            const     0x802'e8fc       0x8  user_app_mem.o [1]
  .rodata            const     0x802'e904       0x8  user_app_rs485.o [1]
  .rodata            const     0x802'e90c       0x8  user_app_rs485.o [1]
  .rodata            const     0x802'e914       0x8  user_app_rs485.o [1]
  .rodata            const     0x802'e91c       0x8  user_app_rs485.o [1]
  .rodata            const     0x802'e924       0x8  user_app_rs485.o [1]
  .rodata            const     0x802'e92c       0x8  user_app_rs485.o [1]
  .rodata            const     0x802'e934       0x8  user_app_sensor.o [1]
  .rodata            const     0x802'e93c       0x8  user_app_sensor.o [1]
  .rodata            const     0x802'e944       0x8  user_app_sensor.o [1]
  .rodata            const     0x802'e94c       0x8  user_app_wm.o [1]
  .rodata            const     0x802'e954       0x8  user_app_wm.o [1]
  .rodata            const     0x802'e95c       0x8  user_app_wm.o [1]
  .rodata            const     0x802'e964       0x8  user_app_wm.o [1]
  .rodata            const     0x802'e96c       0x8  user_app_wm.o [1]
  .rodata            const     0x802'e974       0x8  user_at_serial.o [1]
  .rodata            const     0x802'e97c       0x8  user_at_serial.o [1]
  .rodata            const     0x802'e984       0x8  user_at_serial.o [1]
  .rodata            const     0x802'e98c       0x8  user_at_serial.o [1]
  .rodata            const     0x802'e994       0x8  user_ec200u.o [1]
  .rodata            const     0x802'e99c       0x8  user_ec200u.o [1]
  .rodata            const     0x802'e9a4       0x8  user_ec200u.o [1]
  .rodata            const     0x802'e9ac       0x8  user_ec200u.o [1]
  .rodata            const     0x802'e9b4       0x8  user_ec200u.o [1]
  .rodata            const     0x802'e9bc       0x8  user_ec200u.o [1]
  .rodata            const     0x802'e9c4       0x8  user_ec200u.o [1]
  .rodata            const     0x802'e9cc       0x8  user_ec200u.o [1]
  .rodata            const     0x802'e9d4       0x8  user_ec200u.o [1]
  .rodata            const     0x802'e9dc       0x8  user_ec200u.o [1]
  .rodata            const     0x802'e9e4       0x8  user_ec200u.o [1]
  .rodata            const     0x802'e9ec       0x8  user_ec200u.o [1]
  .rodata            const     0x802'e9f4       0x8  user_ec200u.o [1]
  .rodata            const     0x802'e9fc       0x8  user_ec200u.o [1]
  .rodata            const     0x802'ea04       0x8  user_ec200u.o [1]
  .rodata            const     0x802'ea0c       0x8  user_ec200u.o [1]
  .rodata            const     0x802'ea14       0x8  user_ec200u.o [1]
  .rodata            const     0x802'ea1c       0x8  user_ec200u.o [1]
  .rodata            const     0x802'ea24       0x8  user_ec200u.o [1]
  .rodata            const     0x802'ea2c       0x8  user_ec200u.o [1]
  .rodata            const     0x802'ea34       0x8  user_ec200u.o [1]
  .rodata            const     0x802'ea3c       0x8  user_ec200u.o [1]
  .rodata            const     0x802'ea44       0x8  user_ec200u.o [1]
  .rodata            const     0x802'ea4c       0x8  user_ec200u.o [1]
  .rodata            const     0x802'ea54       0x8  user_ec200u.o [1]
  .rodata            const     0x802'ea5c       0x8  user_ec200u.o [1]
  .rodata            const     0x802'ea64       0x8  user_ec200u.o [1]
  .rodata            const     0x802'ea6c       0x8  user_ec200u.o [1]
  .rodata            const     0x802'ea74       0x8  user_ec200u.o [1]
  .rodata            const     0x802'ea7c       0x8  user_ec200u.o [1]
  .rodata            const     0x802'ea84       0x8  user_modem.o [1]
  .rodata            const     0x802'ea8c       0x8  user_modem.o [1]
  .rodata            const     0x802'ea94       0x8  user_modem.o [1]
  .rodata            const     0x802'ea9c       0x8  user_modem.o [1]
  .rodata            const     0x802'eaa4       0x8  user_modem.o [1]
  .rodata            const     0x802'eaac       0x8  user_modem.o [1]
  .rodata            const     0x802'eab4       0x8  user_modem.o [1]
  .rodata            const     0x802'eabc       0x8  user_modem.o [1]
  .rodata            const     0x802'eac4       0x8  user_modem.o [1]
  .rodata            const     0x802'eacc       0x8  user_modem.o [1]
  .rodata            const     0x802'ead4       0x8  user_modem.o [1]
  .rodata            const     0x802'eadc       0x8  user_modem.o [1]
  .rodata            const     0x802'eae4       0x8  user_modem.o [1]
  .rodata            const     0x802'eaec       0x8  user_modem.o [1]
  .rodata            const     0x802'eaf4       0x8  user_modem.o [1]
  .rodata            const     0x802'eafc       0x8  user_modem.o [1]
  .rodata            const     0x802'eb04       0x8  user_modem.o [1]
  .rodata            const     0x802'eb0c       0x8  user_modem.o [1]
  .rodata            const     0x802'eb14       0x8  user_modem.o [1]
  .rodata            const     0x802'eb1c       0x8  user_modem.o [1]
  .rodata            const     0x802'eb24       0x8  user_modem.o [1]
  .rodata            const     0x802'eb2c       0x8  user_modem.o [1]
  .rodata            const     0x802'eb34       0x8  user_modem.o [1]
  .rodata            const     0x802'eb3c       0x8  user_modem.o [1]
  .rodata            const     0x802'eb44       0x8  user_modem.o [1]
  .rodata            const     0x802'eb4c       0x8  user_modem.o [1]
  .rodata            const     0x802'eb54       0x8  user_modem.o [1]
  .rodata            const     0x802'eb5c       0x8  user_modem.o [1]
  .rodata            const     0x802'eb64       0x8  user_modem.o [1]
  .rodata            const     0x802'eb6c       0x8  user_modem.o [1]
  .rodata            const     0x802'eb74       0x8  user_modem.o [1]
  .rodata            const     0x802'eb7c       0x8  user_mqtt.o [1]
  .rodata            const     0x802'eb84       0x8  user_mqtt.o [1]
  .rodata            const     0x802'eb8c       0x8  user_mqtt.o [1]
  .rodata            const     0x802'eb94       0x8  user_mqtt.o [1]
  .rodata            const     0x802'eb9c       0x8  user_mqtt.o [1]
  .rodata            const     0x802'eba4       0x8  user_mqtt.o [1]
  .rodata            const     0x802'ebac       0x8  user_mqtt.o [1]
  .rodata            const     0x802'ebb4       0x8  user_mqtt.o [1]
  .rodata            const     0x802'ebbc       0x8  user_mqtt.o [1]
  .rodata            const     0x802'ebc4       0x8  user_mqtt.o [1]
  .rodata            const     0x802'ebcc       0x8  user_mqtt.o [1]
  .rodata            const     0x802'ebd4       0x8  user_mqtt.o [1]
  .rodata            const     0x802'ebdc       0x8  user_mqtt.o [1]
  .rodata            const     0x802'ebe4       0x8  user_mqtt.o [1]
  .rodata            const     0x802'ebec       0x8  user_mqtt.o [1]
  .rodata            const     0x802'ebf4       0x8  user_mqtt.o [1]
  .rodata            const     0x802'ebfc       0x8  user_mqtt.o [1]
  .rodata            const     0x802'ec04       0x8  user_mqtt.o [1]
  .rodata            const     0x802'ec0c       0x8  user_mqtt.o [1]
  .rodata            const     0x802'ec14       0x8  user_mqtt.o [1]
  .rodata            const     0x802'ec1c       0x8  user_mqtt.o [1]
  .rodata            const     0x802'ec24       0x8  user_mqtt.o [1]
  .rodata            const     0x802'ec2c       0x8  user_mqtt.o [1]
  .rodata            const     0x802'ec34       0x8  user_mqtt.o [1]
  .rodata            const     0x802'ec3c       0x8  user_mqtt.o [1]
  .rodata            const     0x802'ec44       0x8  user_mqtt.o [1]
  .rodata            const     0x802'ec4c       0x8  user_mqtt.o [1]
  .rodata            const     0x802'ec54       0x8  user_mqtt.o [1]
  .rodata            const     0x802'ec5c       0x8  user_mqtt.o [1]
  .rodata            const     0x802'ec64       0x8  user_mqtt.o [1]
  .rodata            const     0x802'ec6c       0x8  user_mqtt.o [1]
  .rodata            const     0x802'ec74       0x8  user_mqtt.o [1]
  .rodata            const     0x802'ec7c       0x8  user_mqtt.o [1]
  .rodata            const     0x802'ec84       0x8  user_mqtt.o [1]
  .rodata            const     0x802'ec8c       0x8  user_mqtt.o [1]
  .rodata            const     0x802'ec94       0x8  user_mqtt.o [1]
  .rodata            const     0x802'ec9c       0x8  user_mqtt.o [1]
  .rodata            const     0x802'eca4       0x8  user_mqtt.o [1]
  .rodata            const     0x802'ecac       0x8  user_mqtt.o [1]
  .rodata            const     0x802'ecb4       0x8  user_mqtt.o [1]
  .rodata            const     0x802'ecbc       0x8  user_mqtt.o [1]
  .rodata            const     0x802'ecc4       0x8  user_mqtt.o [1]
  .rodata            const     0x802'eccc       0x8  user_mqtt.o [1]
  .rodata            const     0x802'ecd4       0x8  user_mqtt.o [1]
  .rodata            const     0x802'ecdc       0x8  user_mqtt.o [1]
  .rodata            const     0x802'ece4       0x8  user_mqtt.o [1]
  .rodata            const     0x802'ecec       0x8  user_mqtt.o [1]
  .rodata            const     0x802'ecf4       0x8  user_mqtt.o [1]
  .rodata            const     0x802'ecfc       0x8  user_mqtt.o [1]
  .rodata            const     0x802'ed04       0x8  user_mqtt.o [1]
  .rodata            const     0x802'ed0c       0x8  user_mqtt.o [1]
  .rodata            const     0x802'ed14       0x8  user_mqtt.o [1]
  .rodata            const     0x802'ed1c       0x8  user_mqtt.o [1]
  .rodata            const     0x802'ed24       0x8  user_mqtt.o [1]
  .rodata            const     0x802'ed2c       0x8  user_mqtt.o [1]
  .rodata            const     0x802'ed34       0x8  user_rs485.o [1]
  .rodata            const     0x802'ed3c       0x8  user_rs485.o [1]
  .rodata            const     0x802'ed44       0x8  user_sim_common.o [1]
  .rodata            const     0x802'ed4c       0x8  user_sim_common.o [1]
  .rodata            const     0x802'ed54       0x8  user_sim_common.o [1]
  .rodata            const     0x802'ed5c       0x8  user_tiny_vsnprintf.o [1]
  .rodata            const     0x802'ed64       0x8  user_util.o [1]
  .rodata            const     0x802'ed6c       0x8  user_util.o [1]
  .rodata            const     0x802'ed74       0x8  user_util.o [1]
  .rodata            const     0x802'ed7c       0x8  user_wm_digital.o [1]
  .rodata            const     0x802'ed84       0x8  user_wm_digital.o [1]
  .rodata            const     0x802'ed8c       0x8  user_wm_digital.o [1]
  .rodata            const     0x802'ed94       0x8  wm_mt100.o [1]
  .rodata            const     0x802'ed9c       0x8  wm_mt100.o [1]
  .rodata            const     0x802'eda4       0x8  wm_mt100.o [1]
[...]
glcd_ST7565R_init        0x802'6009    0x34  Code  Gb  ST7565R.o [1]
glcd_bbox               0x2000'8fc4     0x4  Data  Gb  glcd.o [1]
glcd_bbox_refresh        0x802'5899    0x1c  Code  Gb  glcd.o [1]
glcd_bbox_selected      0x2000'8fcc     0x4  Data  Gb  glcd.o [1]
glcd_buffer             0x2000'5978   0x400  Data  Gb  glcd.o [1]
glcd_buffer_selected    0x2000'8fc8     0x4  Data  Gb  glcd.o [1]
glcd_clear_buffer        0x802'58b5    0x20  Code  Gb  glcd.o [1]
glcd_command             0x802'5eed    0x1a  Code  Gb  ST7565R.o [1]
glcd_data                0x802'5f07    0x1a  Code  Gb  ST7565R.o [1]
glcd_draw_bitmap         0x802'5ecb    0x18  Code  Gb  graphics.o [1]
glcd_draw_char_xy        0x802'5903   0x322  Code  Gb  text.o [1]
glcd_draw_line           0x802'5d15   0x106  Code  Gb  graphics.o [1]
glcd_draw_rect           0x802'5e1b    0xb0  Code  Gb  graphics.o [1]
glcd_draw_string_xy      0x802'5c25    0x36  Code  Gb  text.o [1]
glcd_enable_backlight    0x802'5503     0x2  Code  Gb  STM32L4.o [1]
glcd_init                0x802'54dd    0x26  Code  Gb  STM32L4.o [1]
glcd_reset               0x802'5533    0x3c  Code  Gb  STM32L4.o [1]
glcd_reset_bbox          0x802'587d    0x1c  Code  Gb  glcd.o [1]
glcd_select_screen       0x802'58d5     0xa  Code  Gb  glcd.o [1]
glcd_set_column_lower    0x802'5f7f     0xc  Code  Gb  ST7565R.o [1]
glcd_set_column_upper    0x802'5f6d    0x12  Code  Gb  ST7565R.o [1]
glcd_set_contrast        0x802'5f21    0x24  Code  Gb  ST7565R.o [1]
glcd_set_font            0x802'58e9    0x1a  Code  Gb  text.o [1]
glcd_set_pixel           0x802'5c61    0xb4  Code  Gb  graphics.o [1]
glcd_set_x_address       0x802'5f57    0x16  Code  Gb  ST7565R.o [1]
glcd_set_y_address       0x802'5f45    0x12  Code  Gb  ST7565R.o [1]
glcd_spi_write           0x802'5505    0x2e  Code  Gb  STM32L4.o [1]
glcd_test_bitmap_128x64
                         0x802'57f9     0xe  Code  Gb  unit_tests.o [1]
glcd_tiny_draw_char      0x802'55a3   0x1fa  Code  Gb  text_tiny.o [1]
glcd_tiny_draw_string    0x802'579d    0x52  Code  Gb  text_tiny.o [1]
glcd_tiny_set_font       0x802'5589    0x1a  Code  Gb  text_tiny.o [1]
glcd_update_bbox         0x802'580d    0x70  Code  Gb  glcd.o [1]
glcd_write               0x802'5f8b    0x70  Code  Gb  ST7565R.o [1]
hadc1                   0x2000'83bc    0x68  Data  Gb  adc.o [1]
hdma_lpuart_rx          0x2000'8768    0x48  Data  Gb  usart.o [1]
hdma_uart5_rx           0x2000'87b0    0x48  Data  Gb  usart.o [1]
hdma_usart1_rx          0x2000'87f8    0x48  Data  Gb  usart.o [1]
hdma_usart3_rx          0x2000'8840    0x48  Data  Gb  usart.o [1]
hi2c1                   0x2000'867c    0x54  Data  Gb  i2c.o [1]
hlptim1                 0x2000'890c    0x38  Data  Gb  lptim.o [1]
hlptim2                 0x2000'8944    0x38  Data  Gb  lptim.o [1]
hlpuart1                0x2000'809c    0x88  Data  Gb  usart.o [1]
hrtc                    0x2000'8af8    0x24  Data  Gb  rtc.o [1]
hspi2                   0x2000'8424    0x64  Data  Gb  spi.o [1]
hspi3                   0x2000'8488    0x64  Data  Gb  spi.o [1]
htim1                   0x2000'86d0    0x4c  Data  Gb  tim.o [1]
htim2                   0x2000'871c    0x4c  Data  Gb  tim.o [1]
huart1                  0x2000'81ac    0x88  Data  Gb  usart.o [1]
huart3                  0x2000'8234    0x88  Data  Gb  usart.o [1]
huart5                  0x2000'8124    0x88  Data  Gb  usart.o [1]
init_mparams             0x800'f7d7    0x2c  Code  Lc  dlmalloc.o [2]
init_top                 0x800'f803    0x34  Code  Lc  dlmalloc.o [2]
isalpha                  0x802'a0fb    0x14  Code  Gb  isalpha.o [2]
isspace                  0x802'379d    0x14  Code  Gb  isspace.o [2]
ldexp                    0x802'4a95          Code  Gb  ldexp.o [3]
ldexpl                   0x802'4a95          Code  Gb  ldexp.o [3]
lnbias                   0x802'adf8   0x420  Data  Lc  pow64.o [3]
localeconv               0x802'4c39     0x4  Code  Gb  xlocale_c.o [2]
lower_digits            0x2000'2378     0x4  Data  Lc  user_tiny_vsnprintf.o [1]
mConnect_MQTT            0x801'7de7    0x3e  Code  Gb  user_mqtt.o [1]
mData_MQTT               0x801'738b    0x76  Code  Gb  user_mqtt.o [1]
mGet_Data_From_Mem       0x801'7e41    0x58  Code  Gb  user_mqtt.o [1]
mInit_Header_Subcribe    0x801'7d0d    0xda  Code  Gb  user_mqtt.o [1]
mPayload_Load_MesErr     0x801'7a5b    0x2c  Code  Gb  user_mqtt.o [1]
mSet_default_MQTT        0x801'72f1    0x18  Code  Gb  user_mqtt.o [1]
mSubcribe_MQTT           0x801'7e25    0x1c  Code  Gb  user_mqtt.o [1]
mUnmark_Mess             0x801'7e99    0x16  Code  Gb  user_mqtt.o [1]
mUnmark_Mess_Share_Buff
                         0x801'7f61    0x22  Code  Gb  user_mqtt.o [1]
main                     0x801'ce79    0x48  Code  Gb  main.o [1]
makeDHCPMSG              0x801'4fe3   0x15a  Code  Gb  dhcp.o [1]
memchr                   0x802'37c5          Code  Gb  memchr.o [4]
memset                   0x802'3f81    0x14  Code  Gb  memset.o [4]
mparams                 0x2000'8dc4    0x18  Data  Lc  dlmalloc.o [2]
ndigs                    0x802'c21c    0x28  Data  Lc  iar_Stoulx.o [2]
pDHCPMSG                0x2000'8fb8     0x4  Data  Gb  dhcp.o [1]
pDNSMSG                 0x2000'8fbc     0x4  Data  Gb  dns.o [1]
pFlash                  0x2000'0fd4    0x20  Data  Gb  stm32l4xx_hal_flash.o [1]
pFunc_UTIL_Debug_Send   0x2000'9058     0x4  Data  Gb  user_util.o [1]
pFunc_UTIL_Log_To_Mem   0x2000'9054     0x4  Data  Gb  user_util.o [1]
pH_Water                0x2000'9028     0x4  Data  Gb  user_app_wm.o [1]
pModemProcessIRQTimer   0x2000'9048     0x4  Data  Gb  user_rtc.o [1]
parseDHCPMSG             0x801'5993   0x22e  Code  Gb  dhcp.o [1]
parseDNSMSG              0x801'6217    0xf8  Code  Gb  dns.o [1]
parse_name               0x801'6049    0xa4  Code  Gb  dns.o [1]
pow                      0x802'30b1   0x6ec  Code  Gb  pow64.o [3]
powl                     0x802'30b1   0x6ec  Code  Gb  pow64.o [3]
pows                     0x802'c2a8    0x48  Data  Lc  strto64.o [3]
pportc                   0x800'a685    0xcc  Code  Gb  user_app_ethernet.o [1]
put16                    0x801'6039    0x10  Code  Gb  dns.o [1]
qCopy_Data_From_Queue    0x801'65c7    0x48  Code  Lc  queue_p.o [1]
qCopy_Data_To_Queue      0x801'6569    0x5e  Code  Lc  queue_p.o [1]
qEthStep                0x2000'8be4    0x18  Data  Gb  user_app_ethernet.o [1]
qGet_Number_Items        0x801'660f     0x4  Code  Gb  queue_p.o [1]
qMemRead                0x2000'8c14    0x18  Data  Gb  user_app_mem.o [1]
qMemWrite               0x2000'8c2c    0x18  Data  Gb  user_app_mem.o [1]
qQueue_Back_Item         0x801'6613    0x50  Code  Gb  queue_p.o [1]
qQueue_Clear             0x801'6527     0xe  Code  Gb  queue_p.o [1]
qQueue_Create            0x801'64f9    0x2e  Code  Gb  queue_p.o [1]
qQueue_Receive           0x801'6553    0x16  Code  Gb  queue_p.o [1]
qQueue_Send              0x801'6535    0x1e  Code  Gb  queue_p.o [1]
qSimStep                0x2000'8d64    0x18  Data  Gb  user_sim.o [1]
quickSort_Sampling       0x802'00c5    0x84  Code  Gb  user_app_sensor.o [1]
quickSort_Sampling_Clo   0x802'021f    0xc2  Code  Gb  user_app_sensor.o [1]
quickSort_Sampling_Clo::Handle_Once
                        0x2000'90b5     0x1  Data  Lc  user_app_sensor.o [1]
quickSort_Sampling_EC    0x802'02e5    0xbc  Code  Gb  user_app_sensor.o [1]
quickSort_Sampling_EC::Handle_Once
                        0x2000'90b6     0x1  Data  Lc  user_app_sensor.o [1]
quickSort_Sampling_Turbidity
                         0x802'03a1    0xbe  Code  Gb  user_app_sensor.o [1]
quickSort_Sampling_Turbidity::Handle_Once
                        0x2000'90b7     0x1  Data  Lc  user_app_sensor.o [1]
quickSort_Sampling_pH    0x802'0149    0xd6  Code  Gb  user_app_sensor.o [1]
quickSort_Sampling_pH::Handle_Once
                        0x2000'90b4     0x1  Data  Lc  user_app_sensor.o [1]
recv                     0x801'6b21   0x156  Code  Gb  socket.o [1]
recvfrom                 0x801'6e99   0x34e  Code  Gb  socket.o [1]
reg_dhcp_cbfunc          0x801'4fa7    0x3c  Code  Gb  dhcp.o [1]
reg_wizchip_cs_cbfunc    0x801'8a23    0x28  Code  Gb  wizchip_conf.o [1]
reg_wizchip_spi_cbfunc   0x801'8a4b    0x2a  Code  Gb  wizchip_conf.o [1]
reset_DHCP_timeout       0x801'5f45    0x14  Code  Gb  dhcp.o [1]
retry_count             0x2000'909b     0x1  Data  Lc  dns.o [1]
sAppEthVar              0x2000'1180    0x90  Data  Gb  user_app_ethernet.o [1]
sAppMem                 0x2000'8a18    0x30  Data  Gb  user_app_mem.o [1]
sAppSimCallback         0x2000'1618    0x20  Data  Gb  user_app_sim.o [1]
sAppSimInfor            0x2000'16b8    0x20  Data  Gb  user_app_sim.o [1]
sAppSimVar              0x2000'0000   0x2c8  Data  Gb  user_app_sim.o [1]
sBattery                0x2000'8f68     0x8  Data  Gb  user_app_wm.o [1]
sButton                 0x2000'8b9c    0x18  Data  Gb  button.o [1]
sCAT24Var               0x2000'6940   0x238  Data  Gb  cat24mxx.o [1]
sCbSimComm              0x2000'8b60    0x20  Data  Gb  user_sim_common.o [1]
sConfirm                0x2000'02d4    0x14  Data  Lc  button.o [1]
sDataSensorMeasure      0x2000'8b1c    0x24  Data  Gb  user_app_rs485.o [1]
sData_Calib             0x2000'1500     0x8  Data  Gb  user_app_rs485.o [1]
sEthCmd                 0x2000'122c    0xe0  Data  Gb  user_app_ethernet.o [1]
sEthResCode             0x2000'130c    0x30  Data  Gb  user_app_ethernet.o [1]
sEventAppComm           0x2000'0ff8    0x70  Data  Gb  user_app_comm.o [1]
sEventAppEth            0x2000'1090    0xf0  Data  Gb  user_app_ethernet.o [1]
sEventAppMem            0x2000'13ec    0x90  Data  Gb  user_app_mem.o [1]
sEventAppRs485          0x2000'14a0    0x60  Data  Gb  user_app_rs485.o [1]
sEventAppSensor         0x2000'1518    0x50  Data  Gb  user_app_sensor.o [1]
sEventAppSim            0x2000'1568    0xb0  Data  Gb  user_app_sim.o [1]
sEventAppWM             0x2000'16d8    0xd0  Data  Gb  user_app_wm.o [1]
sEventCAT24             0x2000'02e8    0x20  Data  Gb  cat24mxx.o [1]
sEventDisplay           0x2000'0324    0x60  Data  Gb  lcd_display.o [1]
sEventOnChipFlash       0x2000'1d28    0x20  Data  Gb  user_internal_mem.o [1]
sEventSim               0x2000'2260    0x40  Data  Gb  user_sim.o [1]
sFROM_Manager           0x2000'8f8c     0x4  Data  Gb  cat24mxx.o [1]
sFTPvar                 0x2000'8bfc    0x18  Data  Gb  user_app_ethernet.o [1]
sFileSys                0x2000'231c    0x44  Data  Gb  user_sim_common.o [1]
sFirmVersion            0x2000'1068     0x8  Data  Gb  user_app_comm.o [1]
sKindMode485            0x2000'9084     0x2  Data  Gb  user_app_rs485.o [1]
sLCD                    0x2000'8ec8    0x10  Data  Gb  lcd_display.o [1]
sLCDObject              0x2000'0424   0xb58  Data  Gb  lcd_display.o [1]
sLPMFeatureHandler      0x2000'903c     0x4  Data  Gb  user_lpm.o [1]
sLastPackInfor          0x2000'8ee8    0x10  Data  Gb  user_app_wm.o [1]
sLevelInfor             0x2000'8f40     0x8  Data  Gb  level_S_YW_01B.o [1]
sLevelSupInfor          0x2000'8f48     0x8  Data  Gb  level_SUP_PX261_B.o [1]
sLevelUltra             0x2000'8f50     0x8  Data  Gb  level_ultrasonic.o [1]
sListWmDigital          0x2000'2380    0xc0  Data  Gb  user_wm_digital.o [1]
sMQTT                   0x2000'20f4   0x104  Data  Gb  user_mqtt.o [1]
sMT100                  0x2000'8dac    0x18  Data  Gb  wm_mt100.o [1]
sMT100_REGISTER         0x2000'263c    0x2c  Data  Gb  wm_mt100.o [1]
sMark_MessageRecei_Type
                         0x802'bfd4    0xb0  Data  Gb  user_mqtt.o [1]
sMark_MessageSend_Type   0x802'b82c   0x1d0  Data  Gb  user_mqtt.o [1]
sMeterThreshold         0x2000'17a8    0x10  Data  Gb  user_app_wm.o [1]
sModemInfor             0x2000'2018    0xc4  Data  Gb  user_modem.o [1]
sModemLPMHandle         0x2000'20dc    0x10  Data  Gb  user_modem.o [1]
sModemVar               0x2000'1ff0    0x28  Data  Gb  user_modem.o [1]
sOnFlash                0x2000'6b78   0x238  Data  Gb  user_internal_mem.o [1]
sPressConfig            0x2000'8eb8    0x10  Data  Lc  button.o [1]
sPulse                  0x2000'7cf4   0x108  Data  Gb  user_app_wm.o [1]
sPulseConfig            0x2000'8a78    0x2c  Data  Lc  button.o [1]
sQMemRead               0x2000'7ffc    0xa0  Data  Lc  user_app_mem.o [1]
sQMemWrite              0x2000'2718  0x1450  Data  Lc  user_app_mem.o [1]
sRTC                    0x2000'8f2c     0xc  Data  Gb  user_util.o [1]
sRecEvent               0x2000'1368    0x2c  Data  Gb  user_app_mem.o [1]
sRecGPS                 0x2000'13c0    0x2c  Data  Gb  user_app_mem.o [1]
sRecLog                 0x2000'1394    0x2c  Data  Gb  user_app_mem.o [1]
sRecTSVH                0x2000'133c    0x2c  Data  Gb  user_app_mem.o [1]
sSV_Modem                0x802'c084    0x78  Data  Gb  user_modem.o [1]
sSensor_Clo             0x2000'8c5c    0x18  Data  Gb  user_app_rs485.o [1]
sSensor_EC              0x2000'8b40    0x20  Data  Gb  user_app_rs485.o [1]
sSensor_Turbidity       0x2000'8a48    0x30  Data  Gb  user_app_rs485.o [1]
sSensor_pH              0x2000'8c44    0x18  Data  Gb  user_app_rs485.o [1]
sSimCommInfor           0x2000'22c0    0x5c  Data  Gb  user_sim_common.o [1]
sSimCommVar             0x2000'8d94    0x18  Data  Gb  user_sim_common.o [1]
sSimFwUpdate            0x2000'88d0    0x3c  Data  Gb  user_sim_common.o [1]
sSimVar                 0x2000'8ea4    0x14  Data  Gb  user_sim.o [1]
sUart485                0x2000'2250     0x8  Data  Gb  user_rs485.o [1]
sUart485_2              0x2000'2258     0x8  Data  Gb  user_rs485.o [1]
sUartDebug              0x2000'1070     0x8  Data  Gb  user_app_comm.o [1]
sUartSim                0x2000'22a0     0x8  Data  Gb  user_sim.o [1]
sVout                   0x2000'8f70     0x8  Data  Gb  user_app_wm.o [1]
sWOTECK_REGISTER        0x2000'2668    0x18  Data  Gb  woteck_wm.o [1]
sWmDigVar               0x2000'2440   0x1d0  Data  Gb  user_wm_digital.o [1]
sWmVar                  0x2000'17b8   0x110  Data  Gb  user_app_wm.o [1]
sWoteck                 0x2000'8ef8    0x10  Data  Gb  woteck_wm.o [1]
scalbln                  0x802'4a95          Code  Gb  ldexp.o [3]
scalblnl                 0x802'4a95          Code  Gb  ldexp.o [3]
scalbn                   0x802'4a95          Code  Gb  ldexp.o [3]
scalbnl                  0x802'4a95          Code  Gb  ldexp.o [3]
scale                    0x801'ca3b    0x46  Code  Lc  xprintffull_nomb.o [2]
sec_hand                0x2000'9064     0x4  Data  Lc  xfail_s.o [2]
segment_holding          0x800'f7bd    0x1a  Code  Lc  dlmalloc.o [2]
send                     0x801'69d9   0x148  Code  Gb  socket.o [1]
send_DHCP_DECLINE        0x801'57a5   0x1ee  Code  Gb  dhcp.o [1]
send_DHCP_DISCOVER       0x801'513d   0x2ac  Code  Gb  dhcp.o [1]
send_DHCP_REQUEST        0x801'53e9   0x3bc  Code  Gb  dhcp.o [1]
sendto                   0x801'6c77   0x222  Code  Gb  socket.o [1]
sock_any_port           0x2000'2700     0x2  Data  Lc  socket.o [1]
sock_io_mode            0x2000'9074     0x2  Data  Lc  socket.o [1]
sock_is_sending         0x2000'9076     0x2  Data  Lc  socket.o [1]
sock_pack_info          0x2000'8f58     0x8  Data  Gb  socket.o [1]
sock_remained_size      0x2000'8ed8    0x10  Data  Lc  socket.o [1]
socket                   0x801'6665   0x184  Code  Gb  socket.o [1]
sprintf                  0x800'bb31    0x40  Code  Gb  sprintf.o [2]
strATcmd                0x2000'20ec     0x8  Data  Gb  user_modem.o [1]
strchr                   0x802'401d          Code  Gb  strchr.o [4]
strcpy                   0x802'3f95          Code  Gb  strcpy.o [4]
strcspn                  0x802'4563    0x22  Code  Gb  strcspn.o [2]
strlen                   0x800'ee7d          Code  Gb  strlen.o [4]
strncpy                  0x802'3fad          Code  Gb  strncpy.o [4]
strspn                   0x802'4541    0x22  Code  Gb  strspn.o [2]
strstr                   0x802'4585    0x2c  Code  Gb  strstr.o [2]
strtok                   0x801'90cd    0x4c  Code  Gb  strtok.o [2]
sztmp                   0x2000'6fb0   0x200  Data  Lc  user_adv_trace.o [1]
tiny_vsnprintf_like      0x801'1753   0x17e  Code  Gb  user_tiny_vsnprintf.o [1]
tolower                  0x802'37b1    0x14  Code  Gb  tolower.o [2]
topicString             0x2000'8f20     0xc  Data  Gb  user_mqtt.o [1]
uartSimBuffReceive      0x2000'54c8   0x4b0  Data  Gb  user_sim.o [1]
upper_digits            0x2000'237c     0x4  Data  Lc  user_tiny_vsnprintf.o [1]
uwTick                  0x2000'8fe4     0x4  Data  Gb  stm32l4xx_hal.o [1]
uwTickFreq              0x2000'2710     0x1  Data  Gb  stm32l4xx_hal.o [1]
uwTickPrio              0x2000'0fd0     0x4  Data  Gb  stm32l4xx_hal.o [1]
vcom_DeInit              0x800'd24b    0x1e  Code  Gb  user_app_comm.o [1]
vcom_Init                0x800'd243     0x8  Code  Gb  user_app_comm.o [1]
vcom_Trace_DMA           0x800'd269    0x1c  Code  Gb  user_app_comm.o [1]
wiz_recv_data            0x801'2113    0x96  Code  Gb  w5500.o [1]
wiz_recv_ignore          0x801'21a9    0x6c  Code  Gb  w5500.o [1]
wiz_send_data            0x801'207d    0x96  Code  Gb  w5500.o [1]
wizchip_bus_readdata     0x801'8a15     0x4  Code  Gb  wizchip_conf.o [1]
wizchip_bus_writedata    0x801'8a19     0x4  Code  Gb  wizchip_conf.o [1]
wizchip_clrinterrupt     0x801'8d2b    0x44  Code  Gb  wizchip_conf.o [1]
wizchip_cris_enter       0x801'8a0d     0x2  Code  Gb  wizchip_conf.o [1]
wizchip_cris_exit        0x801'8a0f     0x2  Code  Gb  wizchip_conf.o [1]
wizchip_cs_deselect      0x801'8a13     0x2  Code  Gb  wizchip_conf.o [1]
wizchip_cs_select        0x801'8a11     0x2  Code  Gb  wizchip_conf.o [1]
wizchip_deselect         0x800'98ad    0x12  Code  Lc  user_app_ethernet.o [1]
wizchip_getinterrupt     0x801'8d6f    0x2c  Code  Gb  wizchip_conf.o [1]
wizchip_getinterruptmask
                         0x801'8dbd    0x28  Code  Gb  wizchip_conf.o [1]
wizchip_getnetinfo       0x801'8fd1    0x52  Code  Gb  wizchip_conf.o [1]
wizchip_getnetmode       0x801'9069     0xa  Code  Gb  wizchip_conf.o [1]
wizchip_gettimeout       0x801'909f    0x2c  Code  Gb  wizchip_conf.o [1]
wizchip_init             0x801'8c7b    0xb0  Code  Gb  wizchip_conf.o [1]
wizchip_read             0x800'98bf    0x2a  Code  Lc  user_app_ethernet.o [1]
wizchip_select           0x800'9897    0x12  Code  Lc  user_app_ethernet.o [1]
wizchip_setinterruptmask
                         0x801'8d9b    0x22  Code  Gb  wizchip_conf.o [1]
wizchip_setnetinfo       0x801'8f7f    0x52  Code  Gb  wizchip_conf.o [1]
wizchip_setnetmode       0x801'9041    0x28  Code  Gb  wizchip_conf.o [1]
wizchip_settimeout       0x801'9073    0x2c  Code  Gb  wizchip_conf.o [1]
wizchip_spi_readbyte     0x801'8a1d     0x4  Code  Gb  wizchip_conf.o [1]
wizchip_spi_writebyte    0x801'8a21     0x2  Code  Gb  wizchip_conf.o [1]
wizchip_sw_reset         0x801'8c05    0x76  Code  Gb  wizchip_conf.o [1]
wizchip_write            0x800'98ed    0x20  Code  Lc  user_app_ethernet.o [1]
wizphy_getphyconf        0x801'8ea3    0x76  Code  Gb  wizchip_conf.o [1]
wizphy_getphylink        0x801'8de5    0x18  Code  Gb  wizchip_conf.o [1]
wizphy_getphypmode       0x801'8dfd    0x1e  Code  Gb  wizchip_conf.o [1]
wizphy_reset             0x801'8e1b    0x34  Code  Gb  wizchip_conf.o [1]
wizphy_setphyconf        0x801'8e4f    0x54  Code  Gb  wizchip_conf.o [1]
wizphy_setphypmode       0x801'8f19    0x66  Code  Gb  wizchip_conf.o [1]
writeCString             0x802'9f4b    0x2a  Code  Gb  MQTTPacket.o [1]
writeChar                0x802'9f15     0xc  Code  Gb  MQTTPacket.o [1]
writeInt                 0x802'9f21    0x2a  Code  Gb  MQTTPacket.o [1]
writeMQTTString          0x802'9f75    0x42  Code  Gb  MQTTPacket.o [1]


[1] = D:\Saoviet_Bitbucket\Saoviet_Datalogger_Sensor\Project_Datalogger_Sensor\1.Source_Code_L496\wm_gsm_ethernet_v3\EWARM\wm_gsm_ethernet_v3\Obj
[2] = dl7M_tlf.a
[3] = m7M_tls.a
[4] = rt7M_tl.a
[5] = shb_l.a

  157'611 bytes of readonly  code memory
   21'882 bytes of readonly  data memory
   39'634 bytes of readwrite data memory

Errors: none
Warnings: none
