###############################################################################
#
# IAR ELF Linker V8.40.2.214/W32 for ARM                  12/Jun/2025  16:36:50
# Copyright 2007-2019 IAR Systems AB.
#
#    Output file  =
#        D:\Saoviet_Bitbucket\Saoviet_Datalogger_Sensor\Project_Datalogger_Sensor\1.Source_Code_L496\wm_gsm_ethernet_v3\EWARM\wm_gsm_ethernet_v3\Exe\wm_gsm_ethernet_v3.out
#    Map file     =
#        D:\Saoviet_Bitbucket\Saoviet_Datalogger_Sensor\Project_Datalogger_Sensor\1.Source_Code_L496\wm_gsm_ethernet_v3\EWARM\wm_gsm_ethernet_v3\List\wm_gsm_ethernet_v3.map
#    Command line =
#        -f C:\Users\PC\AppData\Local\Temp\EW3124.tmp
#        (D:\Saoviet_Bitbucket\Saoviet_Datalogger_Sensor\Project_Datalogger_Sensor\1.Source_Code_L496\wm_gsm_ethernet_v3\EWARM\wm_gsm_ethernet_v3\Obj\adc.o
#        D:\Saoviet_Bitbucket\Saoviet_Datalogger_Sensor\Project_Datalogger_Sensor\1.Source_Code_L496\wm_gsm_ethernet_v3\EWARM\wm_gsm_ethernet_v3\Obj\button.o
#        D:\Saoviet_Bitbucket\Saoviet_Datalogger_Sensor\Project_Datalogger_Sensor\1.Source_Code_L496\wm_gsm_ethernet_v3\EWARM\wm_gsm_ethernet_v3\Obj\cat24mxx.o
#        D:\Saoviet_Bitbucket\Saoviet_Datalogger_Sensor\Project_Datalogger_Sensor\1.Source_Code_L496\wm_gsm_ethernet_v3\EWARM\wm_gsm_ethernet_v3\Obj\dhcp.o
#        D:\Saoviet_Bitbucket\Saoviet_Datalogger_Sensor\Project_Datalogger_Sensor\1.Source_Code_L496\wm_gsm_ethernet_v3\EWARM\wm_gsm_ethernet_v3\Obj\dma.o
#        D:\Saoviet_Bitbucket\Saoviet_Datalogger_Sensor\Project_Datalogger_Sensor\1.Source_Code_L496\wm_gsm_ethernet_v3\EWARM\wm_gsm_ethernet_v3\Obj\dns.o
#        D:\Saoviet_Bitbucket\Saoviet_Datalogger_Sensor\Project_Datalogger_Sensor\1.Source_Code_L496\wm_gsm_ethernet_v3\EWARM\wm_gsm_ethernet_v3\Obj\event_driven.o
#        D:\Saoviet_Bitbucket\Saoviet_Datalogger_Sensor\Project_Datalogger_Sensor\1.Source_Code_L496\wm_gsm_ethernet_v3\EWARM\wm_gsm_ethernet_v3\Obj\glcd.o
#        D:\Saoviet_Bitbucket\Saoviet_Datalogger_Sensor\Project_Datalogger_Sensor\1.Source_Code_L496\wm_gsm_ethernet_v3\EWARM\wm_gsm_ethernet_v3\Obj\gpio.o
#        D:\Saoviet_Bitbucket\Saoviet_Datalogger_Sensor\Project_Datalogger_Sensor\1.Source_Code_L496\wm_gsm_ethernet_v3\EWARM\wm_gsm_ethernet_v3\Obj\graphics.o
#        D:\Saoviet_Bitbucket\Saoviet_Datalogger_Sensor\Project_Datalogger_Sensor\1.Source_Code_L496\wm_gsm_ethernet_v3\EWARM\wm_gsm_ethernet_v3\Obj\graphs.o
#        D:\Saoviet_Bitbucket\Saoviet_Datalogger_Sensor\Project_Datalogger_Sensor\1.Source_Code_L496\wm_gsm_ethernet_v3\EWARM\wm_gsm_ethernet_v3\Obj\i2c.o
#        D:\Saoviet_Bitbucket\Saoviet_Datalogger_Sensor\Project_Datalogger_Sensor\1.Source_Code_L496\wm_gsm_ethernet_v3\EWARM\wm_gsm_ethernet_v3\Obj\lcd_display.o
#        D:\Saoviet_Bitbucket\Saoviet_Datalogger_Sensor\Project_Datalogger_Sensor\1.Source_Code_L496\wm_gsm_ethernet_v3\EWARM\wm_gsm_ethernet_v3\Obj\level_S_YW_01B.o
#        D:\Saoviet_Bitbucket\Saoviet_Datalogger_Sensor\Project_Datalogger_Sensor\1.Source_Code_L496\wm_gsm_ethernet_v3\EWARM\wm_gsm_ethernet_v3\Obj\level_SUP_PX261_B.o
#        D:\Saoviet_Bitbucket\Saoviet_Datalogger_Sensor\Project_Datalogger_Sensor\1.Source_Code_L496\wm_gsm_ethernet_v3\EWARM\wm_gsm_ethernet_v3\Obj\level_ultrasonic.o
#        D:\Saoviet_Bitbucket\Saoviet_Datalogger_Sensor\Project_Datalogger_Sensor\1.Source_Code_L496\wm_gsm_ethernet_v3\EWARM\wm_gsm_ethernet_v3\Obj\lptim.o
#        D:\Saoviet_Bitbucket\Saoviet_Datalogger_Sensor\Project_Datalogger_Sensor\1.Source_Code_L496\wm_gsm_ethernet_v3\EWARM\wm_gsm_ethernet_v3\Obj\main.o
#        D:\Saoviet_Bitbucket\Saoviet_Datalogger_Sensor\Project_Datalogger_Sensor\1.Source_Code_L496\wm_gsm_ethernet_v3\EWARM\wm_gsm_ethernet_v3\Obj\MQTTConnectClient.o
#        D:\Saoviet_Bitbucket\Saoviet_Datalogger_Sensor\Project_Datalogger_Sensor\1.Source_Code_L496\wm_gsm_ethernet_v3\EWARM\wm_gsm_ethernet_v3\Obj\MQTTConnectServer.o
#        D:\Saoviet_Bitbucket\Saoviet_Datalogger_Sensor\Project_Datalogger_Sensor\1.Source_Code_L496\wm_gsm_ethernet_v3\EWARM\wm_gsm_ethernet_v3\Obj\MQTTDeserializePublish.o
#        D:\Saoviet_Bitbucket\Saoviet_Datalogger_Sensor\Project_Datalogger_Sensor\1.Source_Code_L496\wm_gsm_ethernet_v3\EWARM\wm_gsm_ethernet_v3\Obj\MQTTFormat.o
#        D:\Saoviet_Bitbucket\Saoviet_Datalogger_Sensor\Project_Datalogger_Sensor\1.Source_Code_L496\wm_gsm_ethernet_v3\EWARM\wm_gsm_ethernet_v3\Obj\MQTTPacket.o
#        D:\Saoviet_Bitbucket\Saoviet_Datalogger_Sensor\Project_Datalogger_Sensor\1.Source_Code_L496\wm_gsm_ethernet_v3\EWARM\wm_gsm_ethernet_v3\Obj\MQTTSerializePublish.o
#        D:\Saoviet_Bitbucket\Saoviet_Datalogger_Sensor\Project_Datalogger_Sensor\1.Source_Code_L496\wm_gsm_ethernet_v3\EWARM\wm_gsm_ethernet_v3\Obj\MQTTSubscribeClient.o
#        D:\Saoviet_Bitbucket\Saoviet_Datalogger_Sensor\Project_Datalogger_Sensor\1.Source_Code_L496\wm_gsm_ethernet_v3\EWARM\wm_gsm_ethernet_v3\Obj\MQTTSubscribeServer.o
#        D:\Saoviet_Bitbucket\Saoviet_Datalogger_Sensor\Project_Datalogger_Sensor\1.Source_Code_L496\wm_gsm_ethernet_v3\EWARM\wm_gsm_ethernet_v3\Obj\MQTTUnsubscribeClient.o
#        D:\Saoviet_Bitbucket\Saoviet_Datalogger_Sensor\Project_Datalogger_Sensor\1.Source_Code_L496\wm_gsm_ethernet_v3\EWARM\wm_gsm_ethernet_v3\Obj\MQTTUnsubscribeServer.o
#        D:\Saoviet_Bitbucket\Saoviet_Datalogger_Sensor\Project_Datalogger_Sensor\1.Source_Code_L496\wm_gsm_ethernet_v3\EWARM\wm_gsm_ethernet_v3\Obj\NT75451.o
#        D:\Saoviet_Bitbucket\Saoviet_Datalogger_Sensor\Project_Datalogger_Sensor\1.Source_Code_L496\wm_gsm_ethernet_v3\EWARM\wm_gsm_ethernet_v3\Obj\onchipflash.o
#        D:\Saoviet_Bitbucket\Saoviet_Datalogger_Sensor\Project_Datalogger_Sensor\1.Source_Code_L496\wm_gsm_ethernet_v3\EWARM\wm_gsm_ethernet_v3\Obj\PCD8544.o
#        D:\Saoviet_Bitbucket\Saoviet_Datalogger_Sensor\Project_Datalogger_Sensor\1.Source_Code_L496\wm_gsm_ethernet_v3\EWARM\wm_gsm_ethernet_v3\Obj\queue_p.o
#        D:\Saoviet_Bitbucket\Saoviet_Datalogger_Sensor\Project_Datalogger_Sensor\1.Source_Code_L496\wm_gsm_ethernet_v3\EWARM\wm_gsm_ethernet_v3\Obj\rtc.o
#        D:\Saoviet_Bitbucket\Saoviet_Datalogger_Sensor\Project_Datalogger_Sensor\1.Source_Code_L496\wm_gsm_ethernet_v3\EWARM\wm_gsm_ethernet_v3\Obj\S25FL216K.o
#        D:\Saoviet_Bitbucket\Saoviet_Datalogger_Sensor\Project_Datalogger_Sensor\1.Source_Code_L496\wm_gsm_ethernet_v3\EWARM\wm_gsm_ethernet_v3\Obj\socket.o
#        D:\Saoviet_Bitbucket\Saoviet_Datalogger_Sensor\Project_Datalogger_Sensor\1.Source_Code_L496\wm_gsm_ethernet_v3\EWARM\wm_gsm_ethernet_v3\Obj\spi.o
#        D:\Saoviet_Bitbucket\Saoviet_Datalogger_Sensor\Project_Datalogger_Sensor\1.Source_Code_L496\wm_gsm_ethernet_v3\EWARM\wm_gsm_ethernet_v3\Obj\ST7565R.o
#        D:\Saoviet_Bitbucket\Saoviet_Datalogger_Sensor\Project_Datalogger_Sensor\1.Source_Code_L496\wm_gsm_ethernet_v3\EWARM\wm_gsm_ethernet_v3\Obj\startup_stm32l496xx.o
#        D:\Saoviet_Bitbucket\Saoviet_Datalogger_Sensor\Project_Datalogger_Sensor\1.Source_Code_L496\wm_gsm_ethernet_v3\EWARM\wm_gsm_ethernet_v3\Obj\STM32F0xx.o
#        D:\Saoviet_Bitbucket\Saoviet_Datalogger_Sensor\Project_Datalogger_Sensor\1.Source_Code_L496\wm_gsm_ethernet_v3\EWARM\wm_gsm_ethernet_v3\Obj\STM32F10x.o
#        D:\Saoviet_Bitbucket\Saoviet_Datalogger_Sensor\Project_Datalogger_Sensor\1.Source_Code_L496\wm_gsm_ethernet_v3\EWARM\wm_gsm_ethernet_v3\Obj\STM32F4.o
#        D:\Saoviet_Bitbucket\Saoviet_Datalogger_Sensor\Project_Datalogger_Sensor\1.Source_Code_L496\wm_gsm_ethernet_v3\EWARM\wm_gsm_ethernet_v3\Obj\STM32L4.o
#        D:\Saoviet_Bitbucket\Saoviet_Datalogger_Sensor\Project_Datalogger_Sensor\1.Source_Code_L496\wm_gsm_ethernet_v3\EWARM\wm_gsm_ethernet_v3\Obj\stm32l4xx_hal.o
#        D:\Saoviet_Bitbucket\Saoviet_Datalogger_Sensor\Project_Datalogger_Sensor\1.Source_Code_L496\wm_gsm_ethernet_v3\EWARM\wm_gsm_ethernet_v3\Obj\stm32l4xx_hal_adc.o
#        D:\Saoviet_Bitbucket\Saoviet_Datalogger_Sensor\Project_Datalogger_Sensor\1.Source_Code_L496\wm_gsm_ethernet_v3\EWARM\wm_gsm_ethernet_v3\Obj\stm32l4xx_hal_adc_ex.o
#        D:\Saoviet_Bitbucket\Saoviet_Datalogger_Sensor\Project_Datalogger_Sensor\1.Source_Code_L496\wm_gsm_ethernet_v3\EWARM\wm_gsm_ethernet_v3\Obj\stm32l4xx_hal_cortex.o
#        D:\Saoviet_Bitbucket\Saoviet_Datalogger_Sensor\Project_Datalogger_Sensor\1.Source_Code_L496\wm_gsm_ethernet_v3\EWARM\wm_gsm_ethernet_v3\Obj\stm32l4xx_hal_dma.o
#        D:\Saoviet_Bitbucket\Saoviet_Datalogger_Sensor\Project_Datalogger_Sensor\1.Source_Code_L496\wm_gsm_ethernet_v3\EWARM\wm_gsm_ethernet_v3\Obj\stm32l4xx_hal_dma_ex.o
#        D:\Saoviet_Bitbucket\Saoviet_Datalogger_Sensor\Project_Datalogger_Sensor\1.Source_Code_L496\wm_gsm_ethernet_v3\EWARM\wm_gsm_ethernet_v3\Obj\stm32l4xx_hal_exti.o
#        D:\Saoviet_Bitbucket\Saoviet_Datalogger_Sensor\Project_Datalogger_Sensor\1.Source_Code_L496\wm_gsm_ethernet_v3\EWARM\wm_gsm_ethernet_v3\Obj\stm32l4xx_hal_flash.o
#        D:\Saoviet_Bitbucket\Saoviet_Datalogger_Sensor\Project_Datalogger_Sensor\1.Source_Code_L496\wm_gsm_ethernet_v3\EWARM\wm_gsm_ethernet_v3\Obj\stm32l4xx_hal_flash_ex.o
#        D:\Saoviet_Bitbucket\Saoviet_Datalogger_Sensor\Project_Datalogger_Sensor\1.Source_Code_L496\wm_gsm_ethernet_v3\EWARM\wm_gsm_ethernet_v3\Obj\stm32l4xx_hal_flash_ramfunc.o
#        D:\Saoviet_Bitbucket\Saoviet_Datalogger_Sensor\Project_Datalogger_Sensor\1.Source_Code_L496\wm_gsm_ethernet_v3\EWARM\wm_gsm_ethernet_v3\Obj\stm32l4xx_hal_gpio.o
#        D:\Saoviet_Bitbucket\Saoviet_Datalogger_Sensor\Project_Datalogger_Sensor\1.Source_Code_L496\wm_gsm_ethernet_v3\EWARM\wm_gsm_ethernet_v3\Obj\stm32l4xx_hal_i2c.o
#        D:\Saoviet_Bitbucket\Saoviet_Datalogger_Sensor\Project_Datalogger_Sensor\1.Source_Code_L496\wm_gsm_ethernet_v3\EWARM\wm_gsm_ethernet_v3\Obj\stm32l4xx_hal_i2c_ex.o
#        D:\Saoviet_Bitbucket\Saoviet_Datalogger_Sensor\Project_Datalogger_Sensor\1.Source_Code_L496\wm_gsm_ethernet_v3\EWARM\wm_gsm_ethernet_v3\Obj\stm32l4xx_hal_lptim.o
#        D:\Saoviet_Bitbucket\Saoviet_Datalogger_Sensor\Project_Datalogger_Sensor\1.Source_Code_L496\wm_gsm_ethernet_v3\EWARM\wm_gsm_ethernet_v3\Obj\stm32l4xx_hal_msp.o
#        D:\Saoviet_Bitbucket\Saoviet_Datalogger_Sensor\Project_Datalogger_Sensor\1.Source_Code_L496\wm_gsm_ethernet_v3\EWARM\wm_gsm_ethernet_v3\Obj\stm32l4xx_hal_pwr.o
#        D:\Saoviet_Bitbucket\Saoviet_Datalogger_Sensor\Project_Datalogger_Sensor\1.Source_Code_L496\wm_gsm_ethernet_v3\EWARM\wm_gsm_ethernet_v3\Obj\stm32l4xx_hal_pwr_ex.o
#        D:\Saoviet_Bitbucket\Saoviet_Datalogger_Sensor\Project_Datalogger_Sensor\1.Source_Code_L496\wm_gsm_ethernet_v3\EWARM\wm_gsm_ethernet_v3\Obj\stm32l4xx_hal_rcc.o
#        D:\Saoviet_Bitbucket\Saoviet_Datalogger_Sensor\Project_Datalogger_Sensor\1.Source_Code_L496\wm_gsm_ethernet_v3\EWARM\wm_gsm_ethernet_v3\Obj\stm32l4xx_hal_rcc_ex.o
#        D:\Saoviet_Bitbucket\Saoviet_Datalogger_Sensor\Project_Datalogger_Sensor\1.Source_Code_L496\wm_gsm_ethernet_v3\EWARM\wm_gsm_ethernet_v3\Obj\stm32l4xx_hal_rtc.o
#        D:\Saoviet_Bitbucket\Saoviet_Datalogger_Sensor\Project_Datalogger_Sensor\1.Source_Code_L496\wm_gsm_ethernet_v3\EWARM\wm_gsm_ethernet_v3\Obj\stm32l4xx_hal_rtc_ex.o
#        D:\Saoviet_Bitbucket\Saoviet_Datalogger_Sensor\Project_Datalogger_Sensor\1.Source_Code_L496\wm_gsm_ethernet_v3\EWARM\wm_gsm_ethernet_v3\Obj\stm32l4xx_hal_spi.o
#        D:\Saoviet_Bitbucket\Saoviet_Datalogger_Sensor\Project_Datalogger_Sensor\1.Source_Code_L496\wm_gsm_ethernet_v3\EWARM\wm_gsm_ethernet_v3\Obj\stm32l4xx_hal_spi_ex.o
#        D:\Saoviet_Bitbucket\Saoviet_Datalogger_Sensor\Project_Datalogger_Sensor\1.Source_Code_L496\wm_gsm_ethernet_v3\EWARM\wm_gsm_ethernet_v3\Obj\stm32l4xx_hal_tim.o
#        D:\Saoviet_Bitbucket\Saoviet_Datalogger_Sensor\Project_Datalogger_Sensor\1.Source_Code_L496\wm_gsm_ethernet_v3\EWARM\wm_gsm_ethernet_v3\Obj\stm32l4xx_hal_tim_ex.o
#        D:\Saoviet_Bitbucket\Saoviet_Datalogger_Sensor\Project_Datalogger_Sensor\1.Source_Code_L496\wm_gsm_ethernet_v3\EWARM\wm_gsm_ethernet_v3\Obj\stm32l4xx_hal_uart.o
#        D:\Saoviet_Bitbucket\Saoviet_Datalogger_Sensor\Project_Datalogger_Sensor\1.Source_Code_L496\wm_gsm_ethernet_v3\EWARM\wm_gsm_ethernet_v3\Obj\stm32l4xx_hal_uart_ex.o
#        D:\Saoviet_Bitbucket\Saoviet_Datalogger_Sensor\Project_Datalogger_Sensor\1.Source_Code_L496\wm_gsm_ethernet_v3\EWARM\wm_gsm_ethernet_v3\Obj\stm32l4xx_it.o
#        D:\Saoviet_Bitbucket\Saoviet_Datalogger_Sensor\Project_Datalogger_Sensor\1.Source_Code_L496\wm_gsm_ethernet_v3\EWARM\wm_gsm_ethernet_v3\Obj\system_stm32l4xx.o
#        D:\Saoviet_Bitbucket\Saoviet_Datalogger_Sensor\Project_Datalogger_Sensor\1.Source_Code_L496\wm_gsm_ethernet_v3\EWARM\wm_gsm_ethernet_v3\Obj\text.o
#        D:\Saoviet_Bitbucket\Saoviet_Datalogger_Sensor\Project_Datalogger_Sensor\1.Source_Code_L496\wm_gsm_ethernet_v3\EWARM\wm_gsm_ethernet_v3\Obj\text_tiny.o
#        D:\Saoviet_Bitbucket\Saoviet_Datalogger_Sensor\Project_Datalogger_Sensor\1.Source_Code_L496\wm_gsm_ethernet_v3\EWARM\wm_gsm_ethernet_v3\Obj\tim.o
#        D:\Saoviet_Bitbucket\Saoviet_Datalogger_Sensor\Project_Datalogger_Sensor\1.Source_Code_L496\wm_gsm_ethernet_v3\EWARM\wm_gsm_ethernet_v3\Obj\unit_tests.o
#        D:\Saoviet_Bitbucket\Saoviet_Datalogger_Sensor\Project_Datalogger_Sensor\1.Source_Code_L496\wm_gsm_ethernet_v3\EWARM\wm_gsm_ethernet_v3\Obj\usart.o
#        D:\Saoviet_Bitbucket\Saoviet_Datalogger_Sensor\Project_Datalogger_Sensor\1.Source_Code_L496\wm_gsm_ethernet_v3\EWARM\wm_gsm_ethernet_v3\Obj\user_adc.o
#        D:\Saoviet_Bitbucket\Saoviet_Datalogger_Sensor\Project_Datalogger_Sensor\1.Source_Code_L496\wm_gsm_ethernet_v3\EWARM\wm_gsm_ethernet_v3\Obj\user_adv_trace.o
#        D:\Saoviet_Bitbucket\Saoviet_Datalogger_Sensor\Project_Datalogger_Sensor\1.Source_Code_L496\wm_gsm_ethernet_v3\EWARM\wm_gsm_ethernet_v3\Obj\user_app_comm.o
#        D:\Saoviet_Bitbucket\Saoviet_Datalogger_Sensor\Project_Datalogger_Sensor\1.Source_Code_L496\wm_gsm_ethernet_v3\EWARM\wm_gsm_ethernet_v3\Obj\user_app_ethernet.o
#        D:\Saoviet_Bitbucket\Saoviet_Datalogger_Sensor\Project_Datalogger_Sensor\1.Source_Code_L496\wm_gsm_ethernet_v3\EWARM\wm_gsm_ethernet_v3\Obj\user_app_mem.o
#        D:\Saoviet_Bitbucket\Saoviet_Datalogger_Sensor\Project_Datalogger_Sensor\1.Source_Code_L496\wm_gsm_ethernet_v3\EWARM\wm_gsm_ethernet_v3\Obj\user_app_rs485.o
#        D:\Saoviet_Bitbucket\Saoviet_Datalogger_Sensor\Project_Datalogger_Sensor\1.Source_Code_L496\wm_gsm_ethernet_v3\EWARM\wm_gsm_ethernet_v3\Obj\user_app_sensor.o
#        D:\Saoviet_Bitbucket\Saoviet_Datalogger_Sensor\Project_Datalogger_Sensor\1.Source_Code_L496\wm_gsm_ethernet_v3\EWARM\wm_gsm_ethernet_v3\Obj\user_app_sim.o
#        D:\Saoviet_Bitbucket\Saoviet_Datalogger_Sensor\Project_Datalogger_Sensor\1.Source_Code_L496\wm_gsm_ethernet_v3\EWARM\wm_gsm_ethernet_v3\Obj\user_app_sms_call.o
#        D:\Saoviet_Bitbucket\Saoviet_Datalogger_Sensor\Project_Datalogger_Sensor\1.Source_Code_L496\wm_gsm_ethernet_v3\EWARM\wm_gsm_ethernet_v3\Obj\user_app_wm.o
#        D:\Saoviet_Bitbucket\Saoviet_Datalogger_Sensor\Project_Datalogger_Sensor\1.Source_Code_L496\wm_gsm_ethernet_v3\EWARM\wm_gsm_ethernet_v3\Obj\user_at_serial.o
#        D:\Saoviet_Bitbucket\Saoviet_Datalogger_Sensor\Project_Datalogger_Sensor\1.Source_Code_L496\wm_gsm_ethernet_v3\EWARM\wm_gsm_ethernet_v3\Obj\user_convert_variable.o
#        D:\Saoviet_Bitbucket\Saoviet_Datalogger_Sensor\Project_Datalogger_Sensor\1.Source_Code_L496\wm_gsm_ethernet_v3\EWARM\wm_gsm_ethernet_v3\Obj\user_ec200u.o
#        D:\Saoviet_Bitbucket\Saoviet_Datalogger_Sensor\Project_Datalogger_Sensor\1.Source_Code_L496\wm_gsm_ethernet_v3\EWARM\wm_gsm_ethernet_v3\Obj\user_internal_mem.o
#        D:\Saoviet_Bitbucket\Saoviet_Datalogger_Sensor\Project_Datalogger_Sensor\1.Source_Code_L496\wm_gsm_ethernet_v3\EWARM\wm_gsm_ethernet_v3\Obj\user_json.o
#        D:\Saoviet_Bitbucket\Saoviet_Datalogger_Sensor\Project_Datalogger_Sensor\1.Source_Code_L496\wm_gsm_ethernet_v3\EWARM\wm_gsm_ethernet_v3\Obj\user_l506.o
#        D:\Saoviet_Bitbucket\Saoviet_Datalogger_Sensor\Project_Datalogger_Sensor\1.Source_Code_L496\wm_gsm_ethernet_v3\EWARM\wm_gsm_ethernet_v3\Obj\user_l511.o
#        D:\Saoviet_Bitbucket\Saoviet_Datalogger_Sensor\Project_Datalogger_Sensor\1.Source_Code_L496\wm_gsm_ethernet_v3\EWARM\wm_gsm_ethernet_v3\Obj\user_log.o
#        D:\Saoviet_Bitbucket\Saoviet_Datalogger_Sensor\Project_Datalogger_Sensor\1.Source_Code_L496\wm_gsm_ethernet_v3\EWARM\wm_gsm_ethernet_v3\Obj\user_lpm.o
#        D:\Saoviet_Bitbucket\Saoviet_Datalogger_Sensor\Project_Datalogger_Sensor\1.Source_Code_L496\wm_gsm_ethernet_v3\EWARM\wm_gsm_ethernet_v3\Obj\user_lptim.o
#        D:\Saoviet_Bitbucket\Saoviet_Datalogger_Sensor\Project_Datalogger_Sensor\1.Source_Code_L496\wm_gsm_ethernet_v3\EWARM\wm_gsm_ethernet_v3\Obj\user_mem_comm.o
#        D:\Saoviet_Bitbucket\Saoviet_Datalogger_Sensor\Project_Datalogger_Sensor\1.Source_Code_L496\wm_gsm_ethernet_v3\EWARM\wm_gsm_ethernet_v3\Obj\user_modbus_rtu.o
#        D:\Saoviet_Bitbucket\Saoviet_Datalogger_Sensor\Project_Datalogger_Sensor\1.Source_Code_L496\wm_gsm_ethernet_v3\EWARM\wm_gsm_ethernet_v3\Obj\user_modem.o
#        D:\Saoviet_Bitbucket\Saoviet_Datalogger_Sensor\Project_Datalogger_Sensor\1.Source_Code_L496\wm_gsm_ethernet_v3\EWARM\wm_gsm_ethernet_v3\Obj\user_mqtt.o
#        D:\Saoviet_Bitbucket\Saoviet_Datalogger_Sensor\Project_Datalogger_Sensor\1.Source_Code_L496\wm_gsm_ethernet_v3\EWARM\wm_gsm_ethernet_v3\Obj\user_obis_sv.o
#        D:\Saoviet_Bitbucket\Saoviet_Datalogger_Sensor\Project_Datalogger_Sensor\1.Source_Code_L496\wm_gsm_ethernet_v3\EWARM\wm_gsm_ethernet_v3\Obj\user_rs485.o
#        D:\Saoviet_Bitbucket\Saoviet_Datalogger_Sensor\Project_Datalogger_Sensor\1.Source_Code_L496\wm_gsm_ethernet_v3\EWARM\wm_gsm_ethernet_v3\Obj\user_rtc.o
#        D:\Saoviet_Bitbucket\Saoviet_Datalogger_Sensor\Project_Datalogger_Sensor\1.Source_Code_L496\wm_gsm_ethernet_v3\EWARM\wm_gsm_ethernet_v3\Obj\user_sim.o
#        D:\Saoviet_Bitbucket\Saoviet_Datalogger_Sensor\Project_Datalogger_Sensor\1.Source_Code_L496\wm_gsm_ethernet_v3\EWARM\wm_gsm_ethernet_v3\Obj\user_sim_common.o
#        D:\Saoviet_Bitbucket\Saoviet_Datalogger_Sensor\Project_Datalogger_Sensor\1.Source_Code_L496\wm_gsm_ethernet_v3\EWARM\wm_gsm_ethernet_v3\Obj\user_string.o
#        D:\Saoviet_Bitbucket\Saoviet_Datalogger_Sensor\Project_Datalogger_Sensor\1.Source_Code_L496\wm_gsm_ethernet_v3\EWARM\wm_gsm_ethernet_v3\Obj\user_time.o
#        D:\Saoviet_Bitbucket\Saoviet_Datalogger_Sensor\Project_Datalogger_Sensor\1.Source_Code_L496\wm_gsm_ethernet_v3\EWARM\wm_gsm_ethernet_v3\Obj\user_timer.o
#        D:\Saoviet_Bitbucket\Saoviet_Datalogger_Sensor\Project_Datalogger_Sensor\1.Source_Code_L496\wm_gsm_ethernet_v3\EWARM\wm_gsm_ethernet_v3\Obj\user_tiny_vsnprintf.o
#        D:\Saoviet_Bitbucket\Saoviet_Datalogger_Sensor\Project_Datalogger_Sensor\1.Source_Code_L496\wm_gsm_ethernet_v3\EWARM\wm_gsm_ethernet_v3\Obj\user_uart.o
#        D:\Saoviet_Bitbucket\Saoviet_Datalogger_Sensor\Project_Datalogger_Sensor\1.Source_Code_L496\wm_gsm_ethernet_v3\EWARM\wm_gsm_ethernet_v3\Obj\user_util.o
#        D:\Saoviet_Bitbucket\Saoviet_Datalogger_Sensor\Project_Datalogger_Sensor\1.Source_Code_L496\wm_gsm_ethernet_v3\EWARM\wm_gsm_ethernet_v3\Obj\user_wm_digital.o
#        D:\Saoviet_Bitbucket\Saoviet_Datalogger_Sensor\Project_Datalogger_Sensor\1.Source_Code_L496\wm_gsm_ethernet_v3\EWARM\wm_gsm_ethernet_v3\Obj\w5500.o
#        D:\Saoviet_Bitbucket\Saoviet_Datalogger_Sensor\Project_Datalogger_Sensor\1.Source_Code_L496\wm_gsm_ethernet_v3\EWARM\wm_gsm_ethernet_v3\Obj\wizchip_conf.o
#        D:\Saoviet_Bitbucket\Saoviet_Datalogger_Sensor\Project_Datalogger_Sensor\1.Source_Code_L496\wm_gsm_ethernet_v3\EWARM\wm_gsm_ethernet_v3\Obj\wm_mt100.o
#        D:\Saoviet_Bitbucket\Saoviet_Datalogger_Sensor\Project_Datalogger_Sensor\1.Source_Code_L496\wm_gsm_ethernet_v3\EWARM\wm_gsm_ethernet_v3\Obj\woteck_wm.o
#        --no_out_extension -o
#        D:\Saoviet_Bitbucket\Saoviet_Datalogger_Sensor\Project_Datalogger_Sensor\1.Source_Code_L496\wm_gsm_ethernet_v3\EWARM\wm_gsm_ethernet_v3\Exe\wm_gsm_ethernet_v3.out
#        --redirect _Printf=_PrintfFullNoMb --redirect _Scanf=_ScanfFullNoMb
#        --map
#        D:\Saoviet_Bitbucket\Saoviet_Datalogger_Sensor\Project_Datalogger_Sensor\1.Source_Code_L496\wm_gsm_ethernet_v3\EWARM\wm_gsm_ethernet_v3\List\wm_gsm_ethernet_v3.map
#        --config
#        D:\Saoviet_Bitbucket\Saoviet_Datalogger_Sensor\Project_Datalogger_Sensor\1.Source_Code_L496\wm_gsm_ethernet_v3\EWARM/stm32l496xx_flash.icf
#        --semihosting --entry __iar_program_start --vfe --text_out locale)
#
###############################################################################

*******************************************************************************
*** RUNTIME MODEL ATTRIBUTES
***

CppFlavor       = *
__Heap_Handler  = DLMalloc
__SystemLibrary = DLib
__dlib_version  = 6


*******************************************************************************
*** HEAP SELECTION
***

The advanced heap was selected because the application calls memory
allocation functions outside of system library functions, and there
are calls to deallocation functions in the application.


*******************************************************************************
*** PLACEMENT SUMMARY
***

"A0":  place at address 0x800'4000 { ro section .intvec };
"P1":  place in [from 0x800'0000 to 0x80f'ffff] { ro };
define block CSTACK with size = 2K, alignment = 8 { };
define block HEAP with size = 512, alignment = 8 { };
"P2":  place in [from 0x2000'0000 to 0x2004'ffff] {
          rw, block CSTACK, block HEAP };
initialize by copy { rw };

  Section            Kind         Address      Size  Object
  -------            ----         -------      ----  ------
"A0":                                         0x1ac
  .intvec            ro code   0x800'4000     0x1ac  startup_stm32l496xx.o [1]
                             - 0x800'41ac     0x1ac

"P1":                                      0x2'c6de
  .text              ro code   0x800'41ac    0x3888  user_app_wm.o [1]
  .text              ro code   0x800'7a34     0x32c  user_timer.o [1]
  .text              ro code   0x800'7d60       0xc  stm32l4xx_hal.o [1]
  .text              ro code   0x800'7d6c      0x4a  event_driven.o [1]
  .text              ro code   0x800'7db6      0x3a  zero_init3.o [4]
  .text              ro code   0x800'7df0     0x64a  user_util.o [1]
  .text              ro code   0x800'843a       0xa  xsprout.o [2]
  .text              ro code   0x800'8444     0x29c  user_time.o [1]
  .text              ro code   0x800'86e0     0x2da  user_adv_trace.o [1]
  .rodata            const     0x800'89ba       0x2  user_app_wm.o [1]
  .text              ro code   0x800'89bc     0x158  user_lptim.o [1]
  .text              ro code   0x800'8b14    0x2034  user_app_ethernet.o [1]
  .text              ro code   0x800'ab48     0xf80  user_app_sim.o [1]
  .text              ro code   0x800'bac8      0x66  ABImemset.o [4]
  .rodata            const     0x800'bb2e       0x2  user_ec200u.o [1]
  .text              ro code   0x800'bb30      0x40  sprintf.o [2]
  .text              ro code   0x800'bb70      0x48  FltToDbl.o [3]
  .text              ro code   0x800'bbb8      0x3a  DblToS32.o [3]
  .rodata            const     0x800'bbf2       0x2  user_ec200u.o [1]
  .text              ro code   0x800'bbf4     0x3c8  stm32l4xx_hal_gpio.o [1]
  .text              ro code   0x800'bfbc     0x564  user_rs485.o [1]
  .text              ro code   0x800'c520     0x380  user_wm_digital.o [1]
  .text              ro code   0x800'c8a0     0x14c  user_adc.o [1]
  .text              ro code   0x800'c9ec     0x998  user_app_comm.o [1]
  .text              ro code   0x800'd384      0x2e  DblCmpLe.o [3]
  .rodata            const     0x800'd3b2       0x2  xlocale_c.o [2]
  .text              ro code   0x800'd3b4      0xe2  DblSub.o [3]
  .rodata            const     0x800'd496       0x2  xlocale_c.o [2]
  .text              ro code   0x800'd498     0x1a2  DblMul.o [3]
  .rodata            const     0x800'd63a       0x1  xlocale_c.o [2]
  .text              ro code   0x800'd63c     0x246  DblDiv.o [3]
  .text              ro code   0x800'd884     0x17a  DblAdd.o [3]
  .text              ro code   0x800'da00     0x1f8  onchipflash.o [1]
  .text              ro code   0x800'dbf8    0x1284  user_app_mem.o [1]
  .text              ro code   0x800'ee7c      0x36  strlen.o [4]
  .text              ro code   0x800'eeb4      0xa6  ABImemcpy.o [4]
  .text              ro code   0x800'ef5c      0x22  S32ToDbl.o [3]
  .text              ro code   0x800'ef7e     0x28a  user_obis_sv.o [1]
  .text              ro code   0x800'f208     0x3c4  user_convert_variable.o [1]
  .text              ro code   0x800'f5cc      0x68  DblToFlt.o [3]
  .text              ro code   0x800'f634      0x1e  math_wrappers64.o [3]
  .text              ro code   0x800'f654      0x1a  U32ToDbl.o [3]
  .text              ro code   0x800'f670     0x14c  iar_Stoulx.o [2]
  .text              ro code   0x800'f7bc    0x14dc  dlmalloc.o [2]
  .text              ro code   0x801'0c98       0x4  heaptramp0.o [2]
  .text              ro code   0x801'0c9c     0x230  I64DivMod.o [4]
  .text              ro code   0x801'0ecc     0x736  stm32l4xx_hal_rtc.o [1]
  .text              ro code   0x801'1604     0x2d8  user_tiny_vsnprintf.o [1]
  .text              ro code   0x801'18dc       0x2  user_adv_trace.o [1]
  .text              ro code   0x801'18e0     0x18c  stm32l4xx_hal_lptim.o [1]
  .text              ro code   0x801'1a6c     0x37c  stm32l4xx_hal_tim.o [1]
  .text              ro code   0x801'1de8       0x8  abs.o [2]
  .text              ro code   0x801'1df0     0x424  w5500.o [1]
  .text              ro code   0x801'2214    0x2d20  user_modem.o [1]
  .text              ro code   0x801'4f34    0x10f4  dhcp.o [1]
  .text              ro code   0x801'6028     0x4d0  dns.o [1]
  .text              ro code   0x801'64f8     0x16a  queue_p.o [1]
  .text              ro code   0x801'6664     0xc8c  socket.o [1]
  .text              ro code   0x801'72f0     0xc92  user_mqtt.o [1]
  .text              ro code   0x801'7f82     0x2a6  user_string.o [1]
  .text              ro code   0x801'8228     0x7e2  stm32l4xx_hal_spi.o [1]
  .text              ro code   0x801'8a0c     0x6be  wizchip_conf.o [1]
  .text              ro code   0x801'90cc      0x4c  strtok.o [2]
  .text              ro code   0x801'9118     0x1b0  stm32l4xx_hal_flash.o [1]
  .text              ro code   0x801'92c8      0x28  stm32l4xx_hal.o [1]
  .text              ro code   0x801'92f0     0x96e  user_sim_common.o [1]
  .text              ro code   0x801'9c60     0x828  user_sim.o [1]
  .text              ro code   0x801'a488     0x982  user_ec200u.o [1]
  .text              ro code   0x801'ae0c     0xd64  stm32l4xx_hal_uart.o [1]
  .text              ro code   0x801'bb70     0xfc6  xprintffull_nomb.o [2]
  .text              ro code   0x801'cb36      0x66  stm32l4xx_hal_uart_ex.o [1]
  .text              ro code   0x801'cb9c     0x15c  stm32l4xx_hal_cortex.o [1]
  .text              ro code   0x801'ccf8     0x180  user_modbus_rtu.o [1]
  .text              ro code   0x801'ce78      0xf0  main.o [1]
  .text              ro code   0x801'cf68     0x20c  wm_mt100.o [1]
  .text              ro code   0x801'd174     0xe6a  stm32l4xx_hal_adc.o [1]
  .text              ro code   0x801'dfe0     0x1ec  stm32l4xx_hal_adc_ex.o [1]
  .text              ro code   0x801'e1cc     0x168  user_uart.o [1]
  .text              ro code   0x801'e334     0x154  user_lpm.o [1]
  .text              ro code   0x801'e488    0x1a60  user_app_rs485.o [1]
  .text              ro code   0x801'fee8    0x1058  user_app_sensor.o [1]
  .text              ro code   0x802'0f40    0x129c  lcd_display.o [1]
  .text              ro code   0x802'21dc     0x978  stm32l4xx_hal_rcc.o [1]
  .text              ro code   0x802'2b54     0x520  usart.o [1]
  .text              ro code   0x802'3074      0xb4  stm32l4xx_hal_flash_ex.o [1]
  .text              ro code   0x802'3128     0x110  user_internal_mem.o [1]
  .text              ro code   0x802'3238     0x328  cat24mxx.o [1]
  .text              ro code   0x802'3560     0x4f8  strto64.o [3]
  .text              ro code   0x802'3a58     0x6ec  pow64.o [3]
  .text              ro code   0x802'4144      0x14  isspace.o [2]
  .text              ro code   0x802'4158      0x14  tolower.o [2]
  .text              ro code   0x802'416c      0x58  memchr.o [4]
  .text              ro code   0x802'41c4       0x6  abort.o [2]
  .text              ro code   0x802'41cc      0x2c  xgetmemchunk.o [2]
  .text              ro code   0x802'41f8       0x6  ABImemclr.o [4]
  .text              ro code   0x802'4200       0x2  I64DivZer.o [4]
  .text              ro code   0x802'4204      0x58  rtc.o [1]
  .text              ro code   0x802'425c     0x358  user_rtc.o [1]
  .text              ro code   0x802'45b4       0x2  stm32l4xx_hal_rtc_ex.o [1]
  .text              ro code   0x802'45b8     0x194  lptim.o [1]
  .text              ro code   0x802'474c     0x1dc  tim.o [1]
  .text              ro code   0x802'4928      0x14  memset.o [4]
  .text              ro code   0x802'493c      0x18  strcpy.o [4]
  .text              ro code   0x802'4954      0x70  strncpy.o [4]
  .text              ro code   0x802'49c4      0x16  strchr.o [4]
  .text              ro code   0x802'49dc      0xc8  MQTTSerializePublish.o [1]
  .text              ro code   0x802'4aa4       0x6  ABImemclr4.o [4]
  .text              ro code   0x802'4aac      0xe0  MQTTSubscribeClient.o [1]
  .text              ro code   0x802'4b8c     0x1f0  MQTTConnectClient.o [1]
  .text              ro code   0x802'4d7c     0x16c  spi.o [1]
  .text              ro code   0x802'4ee8      0x22  strspn.o [2]
  .text              ro code   0x802'4f0a      0x22  strcspn.o [2]
  .text              ro code   0x802'4f2c      0x2c  strstr.o [2]
  .text              ro code   0x802'4f58     0x3fe  stm32l4xx_hal_dma.o [1]
  .text              ro code   0x802'5356       0x2  stm32l4xx_hal_uart.o [1]
  .text              ro code   0x802'5358       0x2  stm32l4xx_hal_uart.o [1]
  .text              ro code   0x802'535c      0x40  xfail_s.o [2]
  .text              ro code   0x802'539c      0x70  frexp.o [3]
  .text              ro code   0x802'540c      0x2e  DblCmpGe.o [3]
  .text              ro code   0x802'543c     0x13a  ldexp.o [3]
  .text              ro code   0x802'5578      0x28  DblToU32.o [3]
  .text              ro code   0x802'55a0      0x4c  xlocale_c.o [2]
  .text              ro code   0x802'55ec      0x4c  stm32l4xx_hal.o [1]
  .text              ro code   0x802'5638     0x370  gpio.o [1]
  .text              ro code   0x802'59a8      0x70  dma.o [1]
  .text              ro code   0x802'5a18     0x1d8  adc.o [1]
  .text              ro code   0x802'5bf0      0xf4  i2c.o [1]
  .text              ro code   0x802'5ce4     0x108  stm32l4xx_hal_pwr_ex.o [1]
  .text              ro code   0x802'5dec      0x78  stm32l4xx_hal_pwr.o [1]
  .text              ro code   0x802'5e64      0x10  stm32l4xx_hal.o [1]
  .text              ro code   0x802'5e74      0x10  stm32l4xx_hal.o [1]
  .text              ro code   0x802'5e84      0xac  STM32L4.o [1]
  .text              ro code   0x802'5f30     0x270  text_tiny.o [1]
  .text              ro code   0x802'61a0      0x14  unit_tests.o [1]
  .text              ro code   0x802'61b4      0xdc  glcd.o [1]
  .text              ro code   0x802'6290     0x378  text.o [1]
  .text              ro code   0x802'6608     0x28c  graphics.o [1]
  .text              ro code   0x802'6894     0x150  ST7565R.o [1]
  .text              ro code   0x802'69e4    0x2510  button.o [1]
  .text              ro code   0x802'8ef4      0x5c  stm32l4xx_hal.o [1]
  .text              ro code   0x802'8f50     0x704  stm32l4xx_hal_rcc_ex.o [1]
  .text              ro code   0x802'9654     0x820  stm32l4xx_hal_i2c.o [1]
  .text              ro code   0x802'9e74     0x122  iar_Stopfx.o [2]
  .text              ro code   0x802'9f98     0x1b8  iar_Stoflt.o [2]
  .text              ro code   0x802'a150     0x208  iar_Stoxflt.o [2]
  .text              ro code   0x802'a358      0x20  DblCmpEq.o [3]
  .text              ro code   0x802'a378     0x3e8  iar_Exp64.o [3]
  .text              ro code   0x802'a760      0x14  exit.o [5]
  .text              ro code   0x802'a774      0x46  stm32l4xx_hal_rtc_ex.o [1]
  .text              ro code   0x802'a7bc      0xb4  stm32l4xx_hal_tim_ex.o [1]
  .text              ro code   0x802'a870     0x108  MQTTPacket.o [1]
  .text              ro code   0x802'a978      0x32  ABImemset48.o [4]
  .text              ro code   0x802'a9ac      0x38  stm32l4xx_hal_msp.o [1]
  .text              ro code   0x802'a9e4      0xbe  stm32l4xx_hal_i2c_ex.o [1]
  .text              ro code   0x802'aaa2      0x14  isalpha.o [2]
  .rodata            const     0x802'aab8     0x760  user_ec200u.o [1]
  .rodata            const     0x802'b218     0x548  lcd_display.o [1]
  .rodata            const     0x802'b760      0x3c  user_app_ethernet.o [1]
  .rodata            const     0x802'b7a0     0x420  pow64.o [3]
  .rodata            const     0x802'bbc0     0x400  unit_tests.o [1]
  .rodata            const     0x802'bfc0     0x214  lcd_display.o [1]
  .rodata            const     0x802'c1d4     0x1d0  user_mqtt.o [1]
  .text              ro code   0x802'c3a4     0x1b4  woteck_wm.o [1]
  .text              ro code   0x802'c558      0xe0  stm32l4xx_it.o [1]
  .text              ro code   0x802'c638      0x18  stm32l4xx_hal.o [1]
  .rodata            const     0x802'c650      0xd0  user_ec200u.o [1]
  .text              ro code   0x802'c720      0xcc  user_log.o [1]
  .rodata            const     0x802'c7ec      0xc8  user_modem.o [1]
  .rodata            const     0x802'c8b4      0xc8  user_modem.o [1]
  .rodata            const     0x802'c97c      0xb0  user_mqtt.o [1]
  .rodata            const     0x802'ca2c      0x78  user_modem.o [1]
  .text              ro code   0x802'caa4      0x78  lz77_init_single.o [4]
  .text              ro code   0x802'cb1c      0x58  level_S_YW_01B.o [1]
  .rodata            const     0x802'cb74      0x50  user_app_rs485.o [1]
  .rodata            const     0x802'cbc4      0x50  iar_Stoulx.o [2]
  .rodata            const     0x802'cc14      0x3c  user_app_rs485.o [1]
  .rodata            const     0x802'cc50      0x48  strto64.o [3]
  .text              ro code   0x802'cc98      0x48  level_SUP_PX261_B.o [1]
  .rodata            const     0x802'cce0      0x38  user_app_wm.o [1]
  .rodata            const     0x802'cd18      0x34  user_app_ethernet.o [1]
  .rodata            const     0x802'cd4c      0x34  user_app_rs485.o [1]
  .rodata            const     0x802'cd80      0x34  user_app_sensor.o [1]
  .rodata            const     0x802'cdb4      0x34  user_app_sensor.o [1]
  .rodata            const     0x802'cde8      0x34  user_app_sensor.o [1]
  .rodata            const     0x802'ce1c      0x34  user_app_sensor.o [1]
  .rodata            const     0x802'ce50      0x30  system_stm32l4xx.o [1]
  .rodata            const     0x802'ce80      0x30  user_ec200u.o [1]
  .rodata            const     0x802'ceb0      0x30  user_ec200u.o [1]
  .rodata            const     0x802'cee0      0x2c  user_app_comm.o [1]
  .rodata            const     0x802'cf0c      0x2c  user_rtc.o [1]
  .rodata            const     0x802'cf38      0x28  user_app_ethernet.o [1]
  .rodata            const     0x802'cf60      0x28  user_app_mem.o [1]
  .rodata            const     0x802'cf88      0x28  user_app_mem.o [1]
  .rodata            const     0x802'cfb0      0x28  user_app_sim.o [1]
  .rodata            const     0x802'cfd8      0x28  user_app_wm.o [1]
  .rodata            const     0x802'd000      0x28  user_ec200u.o [1]
  .rodata            const     0x802'd028      0x28  user_ec200u.o [1]
  .rodata            const     0x802'd050      0x28  user_ec200u.o [1]
  .rodata            const     0x802'd078      0x28  user_modem.o [1]
  .rodata            const     0x802'd0a0      0x28  user_tiny_vsnprintf.o [1]
  .rodata            const     0x802'd0c8      0x28  user_tiny_vsnprintf.o [1]
  .text              ro code   0x802'd0f0      0x28  level_ultrasonic.o [1]
  .text              ro code   0x802'd118      0x28  data_init.o [4]
  .rodata            const     0x802'd140      0x24  cat24mxx.o [1]
  .rodata            const     0x802'd164      0x24  cat24mxx.o [1]
  .rodata            const     0x802'd188      0x24  user_app_comm.o [1]
  .rodata            const     0x802'd1ac      0x24  user_app_comm.o [1]
  .rodata            const     0x802'd1d0      0x24  user_app_comm.o [1]
  .rodata            const     0x802'd1f4      0x24  user_app_comm.o [1]
  .rodata            const     0x802'd218      0x24  user_app_ethernet.o [1]
  .rodata            const     0x802'd23c      0x24  user_app_ethernet.o [1]
  .rodata            const     0x802'd260      0x24  user_app_ethernet.o [1]
  .rodata            const     0x802'd284      0x24  user_app_ethernet.o [1]
  .rodata            const     0x802'd2a8      0x24  user_app_ethernet.o [1]
  .rodata            const     0x802'd2cc      0x24  user_app_ethernet.o [1]
  .rodata            const     0x802'd2f0      0x24  user_app_ethernet.o [1]
  .rodata            const     0x802'd314      0x24  user_app_mem.o [1]
  .rodata            const     0x802'd338      0x24  user_app_mem.o [1]
  .rodata            const     0x802'd35c      0x24  user_app_mem.o [1]
  .rodata            const     0x802'd380      0x24  user_app_mem.o [1]
  .rodata            const     0x802'd3a4      0x24  user_app_mem.o [1]
  .rodata            const     0x802'd3c8      0x24  user_app_mem.o [1]
  .rodata            const     0x802'd3ec      0x24  user_app_mem.o [1]
  .rodata            const     0x802'd410      0x24  user_app_mem.o [1]
  .rodata            const     0x802'd434      0x24  user_app_mem.o [1]
  .rodata            const     0x802'd458      0x24  user_app_mem.o [1]
  .rodata            const     0x802'd47c      0x24  user_app_mem.o [1]
  .rodata            const     0x802'd4a0      0x24  user_app_mem.o [1]
  .rodata            const     0x802'd4c4      0x24  user_app_mem.o [1]
  .rodata            const     0x802'd4e8      0x24  user_app_sim.o [1]
  .rodata            const     0x802'd50c      0x24  user_app_wm.o [1]
  .rodata            const     0x802'd530      0x24  user_app_wm.o [1]
  .rodata            const     0x802'd554      0x24  user_ec200u.o [1]
  .text              ro code   0x802'd578      0x22  fpinit_M.o [3]
  .iar.init_table    const     0x802'd59c      0x20  - Linker created -
  .rodata            const     0x802'd5bc      0x20  user_app_comm.o [1]
  .rodata            const     0x802'd5dc      0x20  user_app_comm.o [1]
  .rodata            const     0x802'd5fc      0x20  user_app_comm.o [1]
  .rodata            const     0x802'd61c      0x20  user_app_comm.o [1]
  .rodata            const     0x802'd63c      0x20  user_app_comm.o [1]
  .rodata            const     0x802'd65c      0x20  user_app_comm.o [1]
  .rodata            const     0x802'd67c      0x20  user_app_comm.o [1]
  .rodata            const     0x802'd69c      0x20  user_app_ethernet.o [1]
  .rodata            const     0x802'd6bc      0x20  user_app_ethernet.o [1]
  .rodata            const     0x802'd6dc      0x20  user_app_ethernet.o [1]
  .rodata            const     0x802'd6fc      0x20  user_app_ethernet.o [1]
  .rodata            const     0x802'd71c      0x20  user_app_ethernet.o [1]
  .rodata            const     0x802'd73c      0x20  user_app_ethernet.o [1]
  .rodata            const     0x802'd75c      0x20  user_app_ethernet.o [1]
  .rodata            const     0x802'd77c      0x20  user_app_mem.o [1]
  .rodata            const     0x802'd79c      0x20  user_app_mem.o [1]
  .rodata            const     0x802'd7bc      0x20  user_app_sim.o [1]
  .rodata            const     0x802'd7dc      0x20  user_app_sim.o [1]
  .rodata            const     0x802'd7fc      0x20  user_app_wm.o [1]
  .rodata            const     0x802'd81c      0x20  user_app_wm.o [1]
  .rodata            const     0x802'd83c      0x20  user_app_wm.o [1]
  .rodata            const     0x802'd85c      0x20  user_app_wm.o [1]
  .rodata            const     0x802'd87c      0x20  user_app_wm.o [1]
  .rodata            const     0x802'd89c      0x20  user_app_wm.o [1]
  .rodata            const     0x802'd8bc      0x20  user_app_wm.o [1]
  .rodata            const     0x802'd8dc      0x20  user_ec200u.o [1]
  .rodata            const     0x802'd8fc      0x20  user_ec200u.o [1]
  .rodata            const     0x802'd91c      0x20  user_ec200u.o [1]
  .rodata            const     0x802'd93c      0x20  user_ec200u.o [1]
  .rodata            const     0x802'd95c      0x20  user_ec200u.o [1]
  .rodata            const     0x802'd97c      0x20  user_ec200u.o [1]
  .rodata            const     0x802'd99c      0x20  user_modem.o [1]
  .rodata            const     0x802'd9bc      0x20  user_modem.o [1]
  .rodata            const     0x802'd9dc      0x20  user_mqtt.o [1]
  .rodata            const     0x802'd9fc      0x20  user_rtc.o [1]
  .rodata            const     0x802'da1c      0x20  user_sim.o [1]
  .rodata            const     0x802'da3c      0x20  user_sim.o [1]
  .text              ro code   0x802'da5c      0x20  system_stm32l4xx.o [1]
  .text              ro code   0x802'da7c      0x1e  cmain.o [4]
  .text              ro code   0x802'da9a       0x4  low_level_init.o [2]
  .text              ro code   0x802'da9e       0x4  exit.o [2]
  .text              ro code   0x802'daa4       0xa  cexit.o [4]
  .rodata            const     0x802'dab0      0x1c  user_app_comm.o [1]
  .rodata            const     0x802'dacc      0x1c  user_app_comm.o [1]
  .rodata            const     0x802'dae8      0x1c  user_app_comm.o [1]
  .rodata            const     0x802'db04      0x1c  user_app_comm.o [1]
  .rodata            const     0x802'db20      0x1c  user_app_comm.o [1]
  .rodata            const     0x802'db3c      0x1c  user_app_ethernet.o [1]
  .rodata            const     0x802'db58      0x1c  user_app_ethernet.o [1]
  .rodata            const     0x802'db74      0x1c  user_app_ethernet.o [1]
  .rodata            const     0x802'db90      0x1c  user_app_ethernet.o [1]
  .rodata            const     0x802'dbac      0x1c  user_app_ethernet.o [1]
  .rodata            const     0x802'dbc8      0x1c  user_app_ethernet.o [1]
  .rodata            const     0x802'dbe4      0x1c  user_app_ethernet.o [1]
  .rodata            const     0x802'dc00      0x1c  user_app_ethernet.o [1]
  .rodata            const     0x802'dc1c      0x1c  user_app_ethernet.o [1]
  .rodata            const     0x802'dc38      0x1c  user_app_ethernet.o [1]
  .rodata            const     0x802'dc54      0x1c  user_app_ethernet.o [1]
  .rodata            const     0x802'dc70      0x1c  user_app_ethernet.o [1]
  .rodata            const     0x802'dc8c      0x1c  user_app_ethernet.o [1]
  .rodata            const     0x802'dca8      0x1c  user_app_ethernet.o [1]
  .rodata            const     0x802'dcc4      0x1c  user_app_mem.o [1]
  .rodata            const     0x802'dce0      0x1c  user_app_sim.o [1]
  .rodata            const     0x802'dcfc      0x1c  user_app_sim.o [1]
  .rodata            const     0x802'dd18      0x1c  user_app_sim.o [1]
  .rodata            const     0x802'dd34      0x1c  user_app_sim.o [1]
  .rodata            const     0x802'dd50      0x1c  user_app_sim.o [1]
  .rodata            const     0x802'dd6c      0x1c  user_app_wm.o [1]
  .rodata            const     0x802'dd88      0x1c  user_app_wm.o [1]
  .rodata            const     0x802'dda4      0x1c  user_app_wm.o [1]
  .rodata            const     0x802'ddc0      0x1c  user_app_wm.o [1]
  .rodata            const     0x802'dddc      0x1c  user_app_wm.o [1]
  .rodata            const     0x802'ddf8      0x1c  user_app_wm.o [1]
  .rodata            const     0x802'de14      0x1c  user_app_wm.o [1]
  .rodata            const     0x802'de30      0x1c  user_app_wm.o [1]
  .rodata            const     0x802'de4c      0x1c  user_app_wm.o [1]
  .rodata            const     0x802'de68      0x1c  user_app_wm.o [1]
  .rodata            const     0x802'de84      0x1c  user_app_wm.o [1]
  .rodata            const     0x802'dea0      0x1c  user_ec200u.o [1]
  .rodata            const     0x802'debc      0x1c  user_ec200u.o [1]
  .rodata            const     0x802'ded8      0x1c  user_ec200u.o [1]
  .rodata            const     0x802'def4      0x1c  user_ec200u.o [1]
  .rodata            const     0x802'df10      0x1c  user_ec200u.o [1]
  .rodata            const     0x802'df2c      0x1c  user_ec200u.o [1]
  .rodata            const     0x802'df48      0x1c  user_ec200u.o [1]
  .rodata            const     0x802'df64      0x1c  user_ec200u.o [1]
  .rodata            const     0x802'df80      0x1c  user_modem.o [1]
  .rodata            const     0x802'df9c      0x1c  user_modem.o [1]
  .rodata            const     0x802'dfb8      0x1c  user_mqtt.o [1]
  .rodata            const     0x802'dfd4      0x1c  user_sim.o [1]
  .rodata            const     0x802'dff0      0x1c  user_uart.o [1]
  .rodata            const     0x802'e00c      0x18  socket.o [1]
  .rodata            const     0x802'e024      0x18  socket.o [1]
  .rodata            const     0x802'e03c      0x18  user_app_comm.o [1]
  .rodata            const     0x802'e054      0x18  user_app_comm.o [1]
  .rodata            const     0x802'e06c      0x18  user_app_comm.o [1]
  .rodata            const     0x802'e084      0x18  user_app_ethernet.o [1]
  .rodata            const     0x802'e09c      0x18  user_app_ethernet.o [1]
  .rodata            const     0x802'e0b4      0x18  user_app_ethernet.o [1]
  .rodata            const     0x802'e0cc      0x18  user_app_ethernet.o [1]
  .rodata            const     0x802'e0e4      0x18  user_app_ethernet.o [1]
  .rodata            const     0x802'e0fc      0x18  user_app_sim.o [1]
  .rodata            const     0x802'e114      0x18  user_app_wm.o [1]
  .rodata            const     0x802'e12c      0x18  user_app_wm.o [1]
  .rodata            const     0x802'e144      0x18  user_app_wm.o [1]
  .rodata            const     0x802'e15c      0x18  user_app_wm.o [1]
  .rodata            const     0x802'e174      0x18  user_app_wm.o [1]
  .rodata            const     0x802'e18c      0x18  user_app_wm.o [1]
  .rodata            const     0x802'e1a4      0x18  user_at_serial.o [1]
  .rodata            const     0x802'e1bc      0x18  user_at_serial.o [1]
  .rodata            const     0x802'e1d4      0x18  user_ec200u.o [1]
  .rodata            const     0x802'e1ec      0x18  user_ec200u.o [1]
  .rodata            const     0x802'e204      0x18  user_ec200u.o [1]
  .rodata            const     0x802'e21c      0x18  user_ec200u.o [1]
  .rodata            const     0x802'e234      0x18  user_lpm.o [1]
  .rodata            const     0x802'e24c      0x18  user_modem.o [1]
  .rodata            const     0x802'e264      0x18  user_mqtt.o [1]
  .rodata            const     0x802'e27c      0x18  user_mqtt.o [1]
  .rodata            const     0x802'e294      0x18  wm_mt100.o [1]
  .rodata            const     0x802'e2ac      0x18  woteck_wm.o [1]
  .rodata            const     0x802'e2c4      0x14  dhcp.o [1]
  .rodata            const     0x802'e2d8      0x14  lcd_display.o [1]
  .rodata            const     0x802'e2ec      0x14  lcd_display.o [1]
  .rodata            const     0x802'e300      0x14  lcd_display.o [1]
  .rodata            const     0x802'e314      0x14  lcd_display.o [1]
  .rodata            const     0x802'e328      0x14  user_app_comm.o [1]
  .rodata            const     0x802'e33c      0x14  user_app_ethernet.o [1]
  .rodata            const     0x802'e350      0x14  user_app_ethernet.o [1]
  .rodata            const     0x802'e364      0x14  user_app_ethernet.o [1]
  .rodata            const     0x802'e378      0x14  user_app_ethernet.o [1]
  .rodata            const     0x802'e38c      0x14  user_app_ethernet.o [1]
  .rodata            const     0x802'e3a0      0x14  user_app_ethernet.o [1]
  .rodata            const     0x802'e3b4      0x14  user_app_ethernet.o [1]
  .rodata            const     0x802'e3c8      0x14  user_app_mem.o [1]
  .rodata            const     0x802'e3dc      0x14  user_app_mem.o [1]
  .rodata            const     0x802'e3f0      0x14  user_app_mem.o [1]
  .rodata            const     0x802'e404      0x14  user_app_mem.o [1]
  .rodata            const     0x802'e418      0x14  user_app_wm.o [1]
  .rodata            const     0x802'e42c      0x14  user_app_wm.o [1]
  .rodata            const     0x802'e440      0x14  user_app_wm.o [1]
  .rodata            const     0x802'e454      0x14  user_app_wm.o [1]
  .rodata            const     0x802'e468      0x14  user_app_wm.o [1]
  .rodata            const     0x802'e47c      0x14  user_at_serial.o [1]
  .rodata            const     0x802'e490      0x14  user_at_serial.o [1]
  .rodata            const     0x802'e4a4      0x14  user_at_serial.o [1]
  .rodata            const     0x802'e4b8      0x14  user_at_serial.o [1]
  .rodata            const     0x802'e4cc      0x14  user_at_serial.o [1]
  .rodata            const     0x802'e4e0      0x14  user_at_serial.o [1]
  .rodata            const     0x802'e4f4      0x14  user_at_serial.o [1]
  .rodata            const     0x802'e508      0x14  user_ec200u.o [1]
  .rodata            const     0x802'e51c      0x14  user_ec200u.o [1]
  .rodata            const     0x802'e530      0x14  user_ec200u.o [1]
  .rodata            const     0x802'e544      0x14  user_ec200u.o [1]
  .rodata            const     0x802'e558      0x14  user_ec200u.o [1]
  .rodata            const     0x802'e56c      0x14  user_ec200u.o [1]
  .rodata            const     0x802'e580      0x14  user_log.o [1]
  .rodata            const     0x802'e594      0x14  user_modem.o [1]
  .rodata            const     0x802'e5a8      0x14  user_modem.o [1]
  .rodata            const     0x802'e5bc      0x14  user_modem.o [1]
  .rodata            const     0x802'e5d0      0x14  user_mqtt.o [1]
  .rodata            const     0x802'e5e4      0x14  user_mqtt.o [1]
  .rodata            const     0x802'e5f8      0x14  user_mqtt.o [1]
  .rodata            const     0x802'e60c      0x10  lcd_display.o [1]
  .rodata            const     0x802'e61c      0x10  lcd_display.o [1]
  .rodata            const     0x802'e62c      0x10  lcd_display.o [1]
  .rodata            const     0x802'e63c      0x10  lcd_display.o [1]
  .rodata            const     0x802'e64c      0x10  lcd_display.o [1]
  .rodata            const     0x802'e65c      0x10  lcd_display.o [1]
  .rodata            const     0x802'e66c      0x10  lcd_display.o [1]
  .rodata            const     0x802'e67c      0x10  lcd_display.o [1]
  .rodata            const     0x802'e68c      0x10  lcd_display.o [1]
  .rodata            const     0x802'e69c      0x10  lcd_display.o [1]
  .rodata            const     0x802'e6ac      0x10  lcd_display.o [1]
  .rodata            const     0x802'e6bc      0x10  lcd_display.o [1]
  .rodata            const     0x802'e6cc      0x10  lcd_display.o [1]
  .rodata            const     0x802'e6dc      0x10  lcd_display.o [1]
  .rodata            const     0x802'e6ec      0x10  lcd_display.o [1]
  .rodata            const     0x802'e6fc      0x10  lcd_display.o [1]
  .rodata            const     0x802'e70c      0x10  lcd_display.o [1]
  .rodata            const     0x802'e71c      0x10  lcd_display.o [1]
  .rodata            const     0x802'e72c      0x10  lcd_display.o [1]
  .rodata            const     0x802'e73c      0x10  lcd_display.o [1]
  .rodata            const     0x802'e74c      0x10  lcd_display.o [1]
  .rodata            const     0x802'e75c      0x10  lcd_display.o [1]
  .rodata            const     0x802'e76c      0x10  lcd_display.o [1]
  .rodata            const     0x802'e77c      0x10  lcd_display.o [1]
  .rodata            const     0x802'e78c      0x10  lcd_display.o [1]
  .rodata            const     0x802'e79c      0x10  lcd_display.o [1]
  .rodata            const     0x802'e7ac      0x10  lcd_display.o [1]
  .rodata            const     0x802'e7bc      0x10  lcd_display.o [1]
  .rodata            const     0x802'e7cc      0x10  lcd_display.o [1]
  .rodata            const     0x802'e7dc      0x10  lcd_display.o [1]
  .rodata            const     0x802'e7ec      0x10  lcd_display.o [1]
  .rodata            const     0x802'e7fc      0x10  lcd_display.o [1]
  .rodata            const     0x802'e80c      0x10  lcd_display.o [1]
  .rodata            const     0x802'e81c      0x10  system_stm32l4xx.o [1]
  .rodata            const     0x802'e82c      0x10  user_app_ethernet.o [1]
  .rodata            const     0x802'e83c      0x10  user_app_ethernet.o [1]
  .rodata            const     0x802'e84c      0x10  user_app_ethernet.o [1]
  .rodata            const     0x802'e85c      0x10  user_app_ethernet.o [1]
  .rodata            const     0x802'e86c      0x10  user_app_mem.o [1]
  .rodata            const     0x802'e87c      0x10  user_app_sim.o [1]
  .rodata            const     0x802'e88c      0x10  user_at_serial.o [1]
  .rodata            const     0x802'e89c      0x10  user_at_serial.o [1]
  .rodata            const     0x802'e8ac      0x10  user_at_serial.o [1]
  .rodata            const     0x802'e8bc      0x10  user_at_serial.o [1]
  .rodata            const     0x802'e8cc      0x10  user_at_serial.o [1]
  .rodata            const     0x802'e8dc      0x10  user_at_serial.o [1]
  .rodata            const     0x802'e8ec      0x10  user_at_serial.o [1]
  .rodata            const     0x802'e8fc      0x10  user_at_serial.o [1]
  .rodata            const     0x802'e90c      0x10  user_at_serial.o [1]
  .rodata            const     0x802'e91c      0x10  user_at_serial.o [1]
  .rodata            const     0x802'e92c      0x10  user_at_serial.o [1]
  .rodata            const     0x802'e93c      0x10  user_at_serial.o [1]
  .rodata            const     0x802'e94c      0x10  user_at_serial.o [1]
  .rodata            const     0x802'e95c      0x10  user_at_serial.o [1]
  .rodata            const     0x802'e96c      0x10  user_at_serial.o [1]
  .rodata            const     0x802'e97c      0x10  user_at_serial.o [1]
  .rodata            const     0x802'e98c      0x10  user_at_serial.o [1]
  .rodata            const     0x802'e99c      0x10  user_at_serial.o [1]
  .rodata            const     0x802'e9ac      0x10  user_at_serial.o [1]
  .rodata            const     0x802'e9bc      0x10  user_at_serial.o [1]
  .rodata            const     0x802'e9cc      0x10  user_at_serial.o [1]
  .rodata            const     0x802'e9dc      0x10  user_at_serial.o [1]
  .rodata            const     0x802'e9ec      0x10  user_at_serial.o [1]
  .rodata            const     0x802'e9fc      0x10  user_at_serial.o [1]
  .rodata            const     0x802'ea0c      0x10  user_at_serial.o [1]
  .rodata            const     0x802'ea1c      0x10  user_at_serial.o [1]
  .rodata            const     0x802'ea2c      0x10  user_at_serial.o [1]
  .rodata            const     0x802'ea3c      0x10  user_at_serial.o [1]
  .rodata            const     0x802'ea4c      0x10  user_at_serial.o [1]
  .rodata            const     0x802'ea5c      0x10  user_at_serial.o [1]
  .rodata            const     0x802'ea6c      0x10  user_at_serial.o [1]
  .rodata            const     0x802'ea7c      0x10  user_at_serial.o [1]
  .rodata            const     0x802'ea8c      0x10  user_at_serial.o [1]
  .rodata            const     0x802'ea9c      0x10  user_at_serial.o [1]
  .rodata            const     0x802'eaac      0x10  user_ec200u.o [1]
  .rodata            const     0x802'eabc      0x10  user_ec200u.o [1]
  .rodata            const     0x802'eacc      0x10  user_ec200u.o [1]
  .rodata            const     0x802'eadc      0x10  user_ec200u.o [1]
  .rodata            const     0x802'eaec      0x10  user_ec200u.o [1]
  .rodata            const     0x802'eafc      0x10  user_ec200u.o [1]
  .rodata            const     0x802'eb0c      0x10  user_ec200u.o [1]
  .rodata            const     0x802'eb1c      0x10  user_ec200u.o [1]
  .rodata            const     0x802'eb2c      0x10  user_ec200u.o [1]
  .rodata            const     0x802'eb3c      0x10  user_ec200u.o [1]
  .rodata            const     0x802'eb4c      0x10  user_ec200u.o [1]
  .rodata            const     0x802'eb5c      0x10  user_ec200u.o [1]
  .rodata            const     0x802'eb6c      0x10  user_ec200u.o [1]
  .rodata            const     0x802'eb7c      0x10  user_ec200u.o [1]
  .rodata            const     0x802'eb8c      0x10  user_ec200u.o [1]
  .rodata            const     0x802'eb9c      0x10  user_ec200u.o [1]
  .rodata            const     0x802'ebac      0x10  user_ec200u.o [1]
  .rodata            const     0x802'ebbc      0x10  user_ec200u.o [1]
  .rodata            const     0x802'ebcc      0x10  user_ec200u.o [1]
  .rodata            const     0x802'ebdc      0x10  user_ec200u.o [1]
  .rodata            const     0x802'ebec      0x10  user_ec200u.o [1]
  .rodata            const     0x802'ebfc      0x10  user_ec200u.o [1]
  .rodata            const     0x802'ec0c      0x10  user_ec200u.o [1]
  .rodata            const     0x802'ec1c      0x10  user_ec200u.o [1]
  .rodata            const     0x802'ec2c      0x10  user_ec200u.o [1]
  .rodata            const     0x802'ec3c      0x10  user_modem.o [1]
  .rodata            const     0x802'ec4c      0x10  user_modem.o [1]
  .rodata            const     0x802'ec5c      0x10  user_modem.o [1]
  .rodata            const     0x802'ec6c      0x10  user_modem.o [1]
  .rodata            const     0x802'ec7c      0x10  user_modem.o [1]
  .rodata            const     0x802'ec8c      0x10  user_modem.o [1]
  .rodata            const     0x802'ec9c      0x10  user_modem.o [1]
  .rodata            const     0x802'ecac      0x10  user_modem.o [1]
  .rodata            const     0x802'ecbc      0x10  user_modem.o [1]
  .rodata            const     0x802'eccc      0x10  user_modem.o [1]
  .rodata            const     0x802'ecdc      0x10  user_modem.o [1]
  .rodata            const     0x802'ecec      0x10  user_modem.o [1]
  .rodata            const     0x802'ecfc      0x10  user_mqtt.o [1]
  .rodata            const     0x802'ed0c      0x10  user_mqtt.o [1]
  .rodata            const     0x802'ed1c      0x10  user_mqtt.o [1]
  .text              ro code   0x802'ed2c      0x10  startup_stm32l496xx.o [1]
  .rodata            const     0x802'ed3c       0xc  lcd_display.o [1]
  .rodata            const     0x802'ed48       0xc  lcd_display.o [1]
  .rodata            const     0x802'ed54       0xc  lcd_display.o [1]
  .rodata            const     0x802'ed60       0xc  lcd_display.o [1]
  .rodata            const     0x802'ed6c       0xc  lcd_display.o [1]
  .rodata            const     0x802'ed78       0xc  lcd_display.o [1]
  .rodata            const     0x802'ed84       0xc  lcd_display.o [1]
  .rodata            const     0x802'ed90       0xc  lcd_display.o [1]
  .rodata            const     0x802'ed9c       0xc  lcd_display.o [1]
  .rodata            const     0x802'eda8       0xc  lcd_display.o [1]
  .rodata            const     0x802'edb4       0xc  lcd_display.o [1]
  .rodata            const     0x802'edc0       0xc  lcd_display.o [1]
  .rodata            const     0x802'edcc       0xc  lcd_display.o [1]
  .rodata            const     0x802'edd8       0xc  lcd_display.o [1]
  .rodata            const     0x802'ede4       0xc  lcd_display.o [1]
  .rodata            const     0x802'edf0       0xc  lcd_display.o [1]
  .rodata            const     0x802'edfc       0xc  lcd_display.o [1]
  .rodata            const     0x802'ee08       0xc  lcd_display.o [1]
  .rodata            const     0x802'ee14       0xc  lcd_display.o [1]
  .rodata            const     0x802'ee20       0xc  lcd_display.o [1]
  .rodata            const     0x802'ee2c       0xc  lcd_display.o [1]
  .rodata            const     0x802'ee38       0xc  lcd_display.o [1]
  .rodata            const     0x802'ee44       0xc  lcd_display.o [1]
  .rodata            const     0x802'ee50       0xc  user_app_comm.o [1]
  .rodata            const     0x802'ee5c       0xc  user_app_ethernet.o [1]
  .rodata            const     0x802'ee68       0xc  user_app_ethernet.o [1]
  .rodata            const     0x802'ee74       0xc  user_app_ethernet.o [1]
  .rodata            const     0x802'ee80       0xc  user_app_ethernet.o [1]
  .rodata            const     0x802'ee8c       0xc  user_app_ethernet.o [1]
  .rodata            const     0x802'ee98       0xc  user_app_ethernet.o [1]
  .rodata            const     0x802'eea4       0xc  user_app_ethernet.o [1]
  .rodata            const     0x802'eeb0       0xc  user_app_mem.o [1]
  .rodata            const     0x802'eebc       0xc  user_app_mem.o [1]
  .rodata            const     0x802'eec8       0xc  user_app_rs485.o [1]
  .rodata            const     0x802'eed4       0xc  user_app_rs485.o [1]
  .rodata            const     0x802'eee0       0xc  user_app_rs485.o [1]
  .rodata            const     0x802'eeec       0xc  user_app_sim.o [1]
  .rodata            const     0x802'eef8       0xc  user_app_sim.o [1]
  .rodata            const     0x802'ef04       0xc  user_app_sim.o [1]
  .rodata            const     0x802'ef10       0xc  user_at_serial.o [1]
  .rodata            const     0x802'ef1c       0xc  user_at_serial.o [1]
  .rodata            const     0x802'ef28       0xc  user_at_serial.o [1]
  .rodata            const     0x802'ef34       0xc  user_at_serial.o [1]
  .rodata            const     0x802'ef40       0xc  user_at_serial.o [1]
  .rodata            const     0x802'ef4c       0xc  user_at_serial.o [1]
  .rodata            const     0x802'ef58       0xc  user_at_serial.o [1]
  .rodata            const     0x802'ef64       0xc  user_at_serial.o [1]
  .rodata            const     0x802'ef70       0xc  user_at_serial.o [1]
  .rodata            const     0x802'ef7c       0xc  user_at_serial.o [1]
  .rodata            const     0x802'ef88       0xc  user_at_serial.o [1]
  .rodata            const     0x802'ef94       0xc  user_at_serial.o [1]
  .rodata            const     0x802'efa0       0xc  user_at_serial.o [1]
  .rodata            const     0x802'efac       0xc  user_at_serial.o [1]
  .rodata            const     0x802'efb8       0xc  user_at_serial.o [1]
  .rodata            const     0x802'efc4       0xc  user_at_serial.o [1]
  .rodata            const     0x802'efd0       0xc  user_at_serial.o [1]
  .rodata            const     0x802'efdc       0xc  user_at_serial.o [1]
  .rodata            const     0x802'efe8       0xc  user_at_serial.o [1]
  .rodata            const     0x802'eff4       0xc  user_at_serial.o [1]
  .rodata            const     0x802'f000       0xc  user_at_serial.o [1]
  .rodata            const     0x802'f00c       0xc  user_at_serial.o [1]
  .rodata            const     0x802'f018       0xc  user_at_serial.o [1]
  .rodata            const     0x802'f024       0xc  user_at_serial.o [1]
  .rodata            const     0x802'f030       0xc  user_ec200u.o [1]
  .rodata            const     0x802'f03c       0xc  user_ec200u.o [1]
  .rodata            const     0x802'f048       0xc  user_ec200u.o [1]
  .rodata            const     0x802'f054       0xc  user_ec200u.o [1]
  .rodata            const     0x802'f060       0xc  user_ec200u.o [1]
  .rodata            const     0x802'f06c       0xc  user_ec200u.o [1]
  .rodata            const     0x802'f078       0xc  user_ec200u.o [1]
  .rodata            const     0x802'f084       0xc  user_ec200u.o [1]
  .rodata            const     0x802'f090       0xc  user_ec200u.o [1]
  .rodata            const     0x802'f09c       0xc  user_ec200u.o [1]
  .rodata            const     0x802'f0a8       0xc  user_ec200u.o [1]
  .rodata            const     0x802'f0b4       0xc  user_ec200u.o [1]
  .rodata            const     0x802'f0c0       0xc  user_ec200u.o [1]
  .rodata            const     0x802'f0cc       0xc  user_ec200u.o [1]
  .rodata            const     0x802'f0d8       0xc  user_ec200u.o [1]
  .rodata            const     0x802'f0e4       0xc  user_ec200u.o [1]
  .rodata            const     0x802'f0f0       0xc  user_ec200u.o [1]
  .rodata            const     0x802'f0fc       0xc  user_ec200u.o [1]
  .rodata            const     0x802'f108       0xc  user_ec200u.o [1]
  .rodata            const     0x802'f114       0xc  user_ec200u.o [1]
  .rodata            const     0x802'f120       0xc  user_ec200u.o [1]
  .rodata            const     0x802'f12c       0xc  user_ec200u.o [1]
  .rodata            const     0x802'f138       0xc  user_ec200u.o [1]
  .rodata            const     0x802'f144       0xc  user_ec200u.o [1]
  .rodata            const     0x802'f150       0xc  user_ec200u.o [1]
  .rodata            const     0x802'f15c       0xc  user_ec200u.o [1]
  .rodata            const     0x802'f168       0xc  user_ec200u.o [1]
  .rodata            const     0x802'f174       0xc  user_ec200u.o [1]
  .rodata            const     0x802'f180       0xc  user_ec200u.o [1]
  .rodata            const     0x802'f18c       0xc  user_ec200u.o [1]
  .rodata            const     0x802'f198       0xc  user_ec200u.o [1]
  .rodata            const     0x802'f1a4       0xc  user_ec200u.o [1]
  .rodata            const     0x802'f1b0       0xc  user_ec200u.o [1]
  .rodata            const     0x802'f1bc       0xc  user_ec200u.o [1]
  .rodata            const     0x802'f1c8       0xc  user_ec200u.o [1]
  .rodata            const     0x802'f1d4       0xc  user_ec200u.o [1]
  .rodata            const     0x802'f1e0       0xc  user_ec200u.o [1]
  .rodata            const     0x802'f1ec       0xc  user_ec200u.o [1]
  .rodata            const     0x802'f1f8       0xc  user_mqtt.o [1]
  .rodata            const     0x802'f204       0xc  user_rtc.o [1]
  .rodata            const     0x802'f210       0xc  user_rtc.o [1]
  .rodata            const     0x802'f21c       0xc  user_sim_common.o [1]
  .rodata            const     0x802'f228       0xc  user_sim_common.o [1]
  .rodata            const     0x802'f234       0xc  user_sim_common.o [1]
  .text              ro code   0x802'f240       0xc  cstartup_M.o [4]
  .rodata            const     0x802'f24c       0x8  lcd_display.o [1]
  .rodata            const     0x802'f254       0x8  lcd_display.o [1]
  .rodata            const     0x802'f25c       0x8  lcd_display.o [1]
  .rodata            const     0x802'f264       0x8  lcd_display.o [1]
  .rodata            const     0x802'f26c       0x8  lcd_display.o [1]
  .rodata            const     0x802'f274       0x8  lcd_display.o [1]
  .rodata            const     0x802'f27c       0x8  lcd_display.o [1]
  .rodata            const     0x802'f284       0x8  lcd_display.o [1]
  .rodata            const     0x802'f28c       0x8  lcd_display.o [1]
  .rodata            const     0x802'f294       0x8  lcd_display.o [1]
  .rodata            const     0x802'f29c       0x8  lcd_display.o [1]
  .rodata            const     0x802'f2a4       0x8  lcd_display.o [1]
  .rodata            const     0x802'f2ac       0x8  lcd_display.o [1]
  .rodata            const     0x802'f2b4       0x8  lcd_display.o [1]
  .rodata            const     0x802'f2bc       0x8  lcd_display.o [1]
  .rodata            const     0x802'f2c4       0x8  lcd_display.o [1]
  .rodata            const     0x802'f2cc       0x8  lcd_display.o [1]
  .rodata            const     0x802'f2d4       0x8  lcd_display.o [1]
  .rodata            const     0x802'f2dc       0x8  lcd_display.o [1]
  .rodata            const     0x802'f2e4       0x8  lcd_display.o [1]
  .rodata            const     0x802'f2ec       0x8  lcd_display.o [1]
  .rodata            const     0x802'f2f4       0x8  lcd_display.o [1]
  .rodata            const     0x802'f2fc       0x8  lcd_display.o [1]
  .rodata            const     0x802'f304       0x8  lcd_display.o [1]
  .rodata            const     0x802'f30c       0x8  lcd_display.o [1]
  .rodata            const     0x802'f314       0x8  lcd_display.o [1]
  .rodata            const     0x802'f31c       0x8  lcd_display.o [1]
  .rodata            const     0x802'f324       0x8  lcd_display.o [1]
  .rodata            const     0x802'f32c       0x8  lcd_display.o [1]
  .rodata            const     0x802'f334       0x8  lcd_display.o [1]
  .rodata            const     0x802'f33c       0x8  lcd_display.o [1]
  .rodata            const     0x802'f344       0x8  lcd_display.o [1]
  .rodata            const     0x802'f34c       0x8  lcd_display.o [1]
  .rodata            const     0x802'f354       0x8  lcd_display.o [1]
  .rodata            const     0x802'f35c       0x8  lcd_display.o [1]
  .rodata            const     0x802'f364       0x8  lcd_display.o [1]
  .rodata            const     0x802'f36c       0x8  lcd_display.o [1]
  .rodata            const     0x802'f374       0x8  lcd_display.o [1]
  .rodata            const     0x802'f37c       0x8  lcd_display.o [1]
  .rodata            const     0x802'f384       0x8  lcd_display.o [1]
  .rodata            const     0x802'f38c       0x8  lcd_display.o [1]
  .rodata            const     0x802'f394       0x8  lcd_display.o [1]
  .rodata            const     0x802'f39c       0x8  lcd_display.o [1]
  .rodata            const     0x802'f3a4       0x8  MQTTConnectClient.o [1]
  .rodata            const     0x802'f3ac       0x8  system_stm32l4xx.o [1]
  .rodata            const     0x802'f3b4       0x8  user_app_ethernet.o [1]
  .rodata            const     0x802'f3bc       0x8  user_app_ethernet.o [1]
  .rodata            const     0x802'f3c4       0x8  user_app_ethernet.o [1]
  .rodata            const     0x802'f3cc       0x8  user_app_ethernet.o [1]
  .rodata            const     0x802'f3d4       0x8  user_app_ethernet.o [1]
  .rodata            const     0x802'f3dc       0x8  user_app_ethernet.o [1]
  .rodata            const     0x802'f3e4       0x8  user_app_ethernet.o [1]
  .rodata            const     0x802'f3ec       0x8  user_app_ethernet.o [1]
  .rodata            const     0x802'f3f4       0x8  user_app_mem.o [1]
  .rodata            const     0x802'f3fc       0x8  user_app_mem.o [1]
  .rodata            const     0x802'f404       0x8  user_app_rs485.o [1]
  .rodata            const     0x802'f40c       0x8  user_app_rs485.o [1]
  .rodata            const     0x802'f414       0x8  user_app_rs485.o [1]
  .rodata            const     0x802'f41c       0x8  user_app_rs485.o [1]
  .rodata            const     0x802'f424       0x8  user_app_rs485.o [1]
  .rodata            const     0x802'f42c       0x8  user_app_rs485.o [1]
  .rodata            const     0x802'f434       0x8  user_app_rs485.o [1]
  .rodata            const     0x802'f43c       0x8  user_app_rs485.o [1]
  .rodata            const     0x802'f444       0x8  user_app_sensor.o [1]
  .rodata            const     0x802'f44c       0x8  user_app_sensor.o [1]
  .rodata            const     0x802'f454       0x8  user_app_sensor.o [1]
  .rodata            const     0x802'f45c       0x8  user_app_sensor.o [1]
  .rodata            const     0x802'f464       0x8  user_app_sensor.o [1]
  .rodata            const     0x802'f46c       0x8  user_app_sensor.o [1]
  .rodata            const     0x802'f474       0x8  user_app_sensor.o [1]
  .rodata            const     0x802'f47c       0x8  user_app_sensor.o [1]
  .rodata            const     0x802'f484       0x8  user_app_wm.o [1]
  .rodata            const     0x802'f48c       0x8  user_app_wm.o [1]
  .rodata            const     0x802'f494       0x8  user_app_wm.o [1]
  .rodata            const     0x802'f49c       0x8  user_app_wm.o [1]
  .rodata            const     0x802'f4a4       0x8  user_app_wm.o [1]
  .rodata            const     0x802'f4ac       0x8  user_at_serial.o [1]
  .rodata            const     0x802'f4b4       0x8  user_at_serial.o [1]
  .rodata            const     0x802'f4bc       0x8  user_at_serial.o [1]
  .rodata            const     0x802'f4c4       0x8  user_at_serial.o [1]
  .rodata            const     0x802'f4cc       0x8  user_ec200u.o [1]
  .rodata            const     0x802'f4d4       0x8  user_ec200u.o [1]
  .rodata            const     0x802'f4dc       0x8  user_ec200u.o [1]
  .rodata            const     0x802'f4e4       0x8  user_ec200u.o [1]
  .rodata            const     0x802'f4ec       0x8  user_ec200u.o [1]
  .rodata            const     0x802'f4f4       0x8  user_ec200u.o [1]
  .rodata            const     0x802'f4fc       0x8  user_ec200u.o [1]
  .rodata            const     0x802'f504       0x8  user_ec200u.o [1]
  .rodata            const     0x802'f50c       0x8  user_ec200u.o [1]
  .rodata            const     0x802'f514       0x8  user_ec200u.o [1]
  .rodata            const     0x802'f51c       0x8  user_ec200u.o [1]
  .rodata            const     0x802'f524       0x8  user_ec200u.o [1]
  .rodata            const     0x802'f52c       0x8  user_ec200u.o [1]
  .rodata            const     0x802'f534       0x8  user_ec200u.o [1]
  .rodata            const     0x802'f53c       0x8  user_ec200u.o [1]
  .rodata            const     0x802'f544       0x8  user_ec200u.o [1]
  .rodata            const     0x802'f54c       0x8  user_ec200u.o [1]
  .rodata            const     0x802'f554       0x8  user_ec200u.o [1]
  .rodata            const     0x802'f55c       0x8  user_ec200u.o [1]
  .rodata            const     0x802'f564       0x8  user_ec200u.o [1]
  .rodata            const     0x802'f56c       0x8  user_ec200u.o [1]
  .rodata            const     0x802'f574       0x8  user_ec200u.o [1]
  .rodata            const     0x802'f57c       0x8  user_ec200u.o [1]
  .rodata            const     0x802'f584       0x8  user_ec200u.o [1]
  .rodata            const     0x802'f58c       0x8  user_ec200u.o [1]
  .rodata            const     0x802'f594       0x8  user_ec200u.o [1]
  .rodata            const     0x802'f59c       0x8  user_ec200u.o [1]
  .rodata            const     0x802'f5a4       0x8  user_ec200u.o [1]
  .rodata            const     0x802'f5ac       0x8  user_ec200u.o [1]
  .rodata            const     0x802'f5b4       0x8  user_ec200u.o [1]
  .rodata            const     0x802'f5bc       0x8  user_modem.o [1]
  .rodata            const     0x802'f5c4       0x8  user_modem.o [1]
  .rodata            const     0x802'f5cc       0x8  user_modem.o [1]
  .rodata            const     0x802'f5d4       0x8  user_modem.o [1]
  .rodata            const     0x802'f5dc       0x8  user_modem.o [1]
  .rodata            const     0x802'f5e4       0x8  user_modem.o [1]
  .rodata            const     0x802'f5ec       0x8  user_modem.o [1]
  .rodata            const     0x802'f5f4       0x8  user_modem.o [1]
  .rodata            const     0x802'f5fc       0x8  user_modem.o [1]
  .rodata            const     0x802'f604       0x8  user_modem.o [1]
  .rodata            const     0x802'f60c       0x8  user_modem.o [1]
  .rodata            const     0x802'f614       0x8  user_modem.o [1]
  .rodata            const     0x802'f61c       0x8  user_modem.o [1]
  .rodata            const     0x802'f624       0x8  user_modem.o [1]
  .rodata            const     0x802'f62c       0x8  user_modem.o [1]
  .rodata            const     0x802'f634       0x8  user_modem.o [1]
  .rodata            const     0x802'f63c       0x8  user_modem.o [1]
  .rodata            const     0x802'f644       0x8  user_modem.o [1]
  .rodata            const     0x802'f64c       0x8  user_modem.o [1]
  .rodata            const     0x802'f654       0x8  user_modem.o [1]
  .rodata            const     0x802'f65c       0x8  user_modem.o [1]
  .rodata            const     0x802'f664       0x8  user_modem.o [1]
  .rodata            const     0x802'f66c       0x8  user_modem.o [1]
  .rodata            const     0x802'f674       0x8  user_modem.o [1]
  .rodata            const     0x802'f67c       0x8  user_modem.o [1]
  .rodata            const     0x802'f684       0x8  user_modem.o [1]
  .rodata            const     0x802'f68c       0x8  user_modem.o [1]
  .rodata            const     0x802'f694       0x8  user_modem.o [1]
  .rodata            const     0x802'f69c       0x8  user_modem.o [1]
  .rodata            const     0x802'f6a4       0x8  user_modem.o [1]
  .rodata            const     0x802'f6ac       0x8  user_modem.o [1]
  .rodata            const     0x802'f6b4       0x8  user_mqtt.o [1]
  .rodata            const     0x802'f6bc       0x8  user_mqtt.o [1]
  .rodata            const     0x802'f6c4       0x8  user_mqtt.o [1]
  .rodata            const     0x802'f6cc       0x8  user_mqtt.o [1]
  .rodata            const     0x802'f6d4       0x8  user_mqtt.o [1]
  .rodata            const     0x802'f6dc       0x8  user_mqtt.o [1]
  .rodata            const     0x802'f6e4       0x8  user_mqtt.o [1]
  .rodata            const     0x802'f6ec       0x8  user_mqtt.o [1]
  .rodata            const     0x802'f6f4       0x8  user_mqtt.o [1]
  .rodata            const     0x802'f6fc       0x8  user_mqtt.o [1]
  .rodata            const     0x802'f704       0x8  user_mqtt.o [1]
  .rodata            const     0x802'f70c       0x8  user_mqtt.o [1]
  .rodata            const     0x802'f714       0x8  user_mqtt.o [1]
  .rodata            const     0x802'f71c       0x8  user_mqtt.o [1]
  .rodata            const     0x802'f724       0x8  user_mqtt.o [1]
  .rodata            const     0x802'f72c       0x8  user_mqtt.o [1]
  .rodata            const     0x802'f734       0x8  user_mqtt.o [1]
  .rodata            const     0x802'f73c       0x8  user_mqtt.o [1]
  .rodata            const     0x802'f744       0x8  user_mqtt.o [1]
  .rodata            const     0x802'f74c       0x8  user_mqtt.o [1]
  .rodata            const     0x802'f754       0x8  user_mqtt.o [1]
  .rodata            const     0x802'f75c       0x8  user_mqtt.o [1]
  .rodata            const     0x802'f764       0x8  user_mqtt.o [1]
  .rodata            const     0x802'f76c       0x8  user_mqtt.o [1]
  .rodata            const     0x802'f774       0x8  user_mqtt.o [1]
  .rodata            const     0x802'f77c       0x8  user_mqtt.o [1]
  .rodata            const     0x802'f784       0x8  user_mqtt.o [1]
  .rodata            const     0x802'f78c       0x8  user_mqtt.o [1]
  .rodata            const     0x802'f794       0x8  user_mqtt.o [1]
  .rodata            const     0x802'f79c       0x8  user_mqtt.o [1]
  .rodata            const     0x802'f7a4       0x8  user_mqtt.o [1]
  .rodata            const     0x802'f7ac       0x8  user_mqtt.o [1]
  .rodata            const     0x802'f7b4       0x8  user_mqtt.o [1]
  .rodata            const     0x802'f7bc       0x8  user_mqtt.o [1]
  .rodata            const     0x802'f7c4       0x8  user_mqtt.o [1]
  .rodata            const     0x802'f7cc       0x8  user_mqtt.o [1]
  .rodata            const     0x802'f7d4       0x8  user_mqtt.o [1]
  .rodata            const     0x802'f7dc       0x8  user_mqtt.o [1]
  .rodata            const     0x802'f7e4       0x8  user_mqtt.o [1]
  .rodata            const     0x802'f7ec       0x8  user_mqtt.o [1]
  .rodata            const     0x802'f7f4       0x8  user_mqtt.o [1]
  .rodata            const     0x802'f7fc       0x8  user_mqtt.o [1]
  .rodata            const     0x802'f804       0x8  user_mqtt.o [1]
  .rodata            const     0x802'f80c       0x8  user_mqtt.o [1]
  .rodata            const     0x802'f814       0x8  user_mqtt.o [1]
  .rodata            const     0x802'f81c       0x8  user_mqtt.o [1]
  .rodata            const     0x802'f824       0x8  user_mqtt.o [1]
  .rodata            const     0x802'f82c       0x8  user_mqtt.o [1]
  .rodata            const     0x802'f834       0x8  user_mqtt.o [1]
  .rodata            const     0x802'f83c       0x8  user_mqtt.o [1]
[...]
glcd_bbox               0x2000'9074     0x4  Data  Gb  glcd.o [1]
glcd_bbox_refresh        0x802'6241    0x1c  Code  Gb  glcd.o [1]
glcd_bbox_selected      0x2000'907c     0x4  Data  Gb  glcd.o [1]
glcd_buffer             0x2000'59f8   0x400  Data  Gb  glcd.o [1]
glcd_buffer_selected    0x2000'9078     0x4  Data  Gb  glcd.o [1]
glcd_clear_buffer        0x802'625d    0x20  Code  Gb  glcd.o [1]
glcd_command             0x802'6895    0x1a  Code  Gb  ST7565R.o [1]
glcd_data                0x802'68af    0x1a  Code  Gb  ST7565R.o [1]
glcd_draw_bitmap         0x802'6873    0x18  Code  Gb  graphics.o [1]
glcd_draw_char_xy        0x802'62ab   0x322  Code  Gb  text.o [1]
glcd_draw_line           0x802'66bd   0x106  Code  Gb  graphics.o [1]
glcd_draw_rect           0x802'67c3    0xb0  Code  Gb  graphics.o [1]
glcd_draw_string_xy      0x802'65cd    0x36  Code  Gb  text.o [1]
glcd_enable_backlight    0x802'5eab     0x2  Code  Gb  STM32L4.o [1]
glcd_init                0x802'5e85    0x26  Code  Gb  STM32L4.o [1]
glcd_reset               0x802'5edb    0x3c  Code  Gb  STM32L4.o [1]
glcd_reset_bbox          0x802'6225    0x1c  Code  Gb  glcd.o [1]
glcd_select_screen       0x802'627d     0xa  Code  Gb  glcd.o [1]
glcd_set_column_lower    0x802'6927     0xc  Code  Gb  ST7565R.o [1]
glcd_set_column_upper    0x802'6915    0x12  Code  Gb  ST7565R.o [1]
glcd_set_contrast        0x802'68c9    0x24  Code  Gb  ST7565R.o [1]
glcd_set_font            0x802'6291    0x1a  Code  Gb  text.o [1]
glcd_set_pixel           0x802'6609    0xb4  Code  Gb  graphics.o [1]
glcd_set_x_address       0x802'68ff    0x16  Code  Gb  ST7565R.o [1]
glcd_set_y_address       0x802'68ed    0x12  Code  Gb  ST7565R.o [1]
glcd_spi_write           0x802'5ead    0x2e  Code  Gb  STM32L4.o [1]
glcd_test_bitmap_128x64
                         0x802'61a1     0xe  Code  Gb  unit_tests.o [1]
glcd_tiny_draw_char      0x802'5f4b   0x1fa  Code  Gb  text_tiny.o [1]
glcd_tiny_draw_string    0x802'6145    0x52  Code  Gb  text_tiny.o [1]
glcd_tiny_set_font       0x802'5f31    0x1a  Code  Gb  text_tiny.o [1]
glcd_update_bbox         0x802'61b5    0x70  Code  Gb  glcd.o [1]
glcd_write               0x802'6933    0x70  Code  Gb  ST7565R.o [1]
hadc1                   0x2000'843c    0x68  Data  Gb  adc.o [1]
hdma_lpuart_rx          0x2000'87e8    0x48  Data  Gb  usart.o [1]
hdma_uart5_rx           0x2000'8830    0x48  Data  Gb  usart.o [1]
hdma_usart1_rx          0x2000'8878    0x48  Data  Gb  usart.o [1]
hdma_usart3_rx          0x2000'88c0    0x48  Data  Gb  usart.o [1]
hi2c1                   0x2000'86fc    0x54  Data  Gb  i2c.o [1]
hlptim1                 0x2000'898c    0x38  Data  Gb  lptim.o [1]
hlptim2                 0x2000'89c4    0x38  Data  Gb  lptim.o [1]
hlpuart1                0x2000'811c    0x88  Data  Gb  usart.o [1]
hrtc                    0x2000'8ba8    0x24  Data  Gb  rtc.o [1]
hspi2                   0x2000'84a4    0x64  Data  Gb  spi.o [1]
hspi3                   0x2000'8508    0x64  Data  Gb  spi.o [1]
htim1                   0x2000'8750    0x4c  Data  Gb  tim.o [1]
htim2                   0x2000'879c    0x4c  Data  Gb  tim.o [1]
huart1                  0x2000'822c    0x88  Data  Gb  usart.o [1]
huart3                  0x2000'82b4    0x88  Data  Gb  usart.o [1]
huart5                  0x2000'81a4    0x88  Data  Gb  usart.o [1]
init_mparams             0x800'f7d7    0x2c  Code  Lc  dlmalloc.o [2]
init_top                 0x800'f803    0x34  Code  Lc  dlmalloc.o [2]
isalpha                  0x802'aaa3    0x14  Code  Gb  isalpha.o [2]
isspace                  0x802'4145    0x14  Code  Gb  isspace.o [2]
ldexp                    0x802'543d          Code  Gb  ldexp.o [3]
ldexpl                   0x802'543d          Code  Gb  ldexp.o [3]
lnbias                   0x802'b7a0   0x420  Data  Lc  pow64.o [3]
localeconv               0x802'55e1     0x4  Code  Gb  xlocale_c.o [2]
lower_digits            0x2000'23f8     0x4  Data  Lc  user_tiny_vsnprintf.o [1]
mConnect_MQTT            0x801'7de7    0x3e  Code  Gb  user_mqtt.o [1]
mData_MQTT               0x801'738b    0x76  Code  Gb  user_mqtt.o [1]
mGet_Data_From_Mem       0x801'7e41    0x58  Code  Gb  user_mqtt.o [1]
mInit_Header_Subcribe    0x801'7d0d    0xda  Code  Gb  user_mqtt.o [1]
mPayload_Load_MesErr     0x801'7a5b    0x2c  Code  Gb  user_mqtt.o [1]
mSet_default_MQTT        0x801'72f1    0x18  Code  Gb  user_mqtt.o [1]
mSubcribe_MQTT           0x801'7e25    0x1c  Code  Gb  user_mqtt.o [1]
mUnmark_Mess             0x801'7e99    0x16  Code  Gb  user_mqtt.o [1]
mUnmark_Mess_Share_Buff
                         0x801'7f61    0x22  Code  Gb  user_mqtt.o [1]
main                     0x801'ce79    0x48  Code  Gb  main.o [1]
makeDHCPMSG              0x801'4fe3   0x15a  Code  Gb  dhcp.o [1]
memchr                   0x802'416d          Code  Gb  memchr.o [4]
memset                   0x802'4929    0x14  Code  Gb  memset.o [4]
mparams                 0x2000'8e74    0x18  Data  Lc  dlmalloc.o [2]
ndigs                    0x802'cbc4    0x28  Data  Lc  iar_Stoulx.o [2]
pDHCPMSG                0x2000'9068     0x4  Data  Gb  dhcp.o [1]
pDNSMSG                 0x2000'906c     0x4  Data  Gb  dns.o [1]
pFlash                  0x2000'0fd4    0x20  Data  Gb  stm32l4xx_hal_flash.o [1]
pFunc_UTIL_Debug_Send   0x2000'910c     0x4  Data  Gb  user_util.o [1]
pFunc_UTIL_Log_To_Mem   0x2000'9108     0x4  Data  Gb  user_util.o [1]
pH_Water                0x2000'90dc     0x4  Data  Gb  user_app_wm.o [1]
pModemProcessIRQTimer   0x2000'90fc     0x4  Data  Gb  user_rtc.o [1]
parseDHCPMSG             0x801'5993   0x22e  Code  Gb  dhcp.o [1]
parseDNSMSG              0x801'6217    0xf8  Code  Gb  dns.o [1]
parse_name               0x801'6049    0xa4  Code  Gb  dns.o [1]
pow                      0x802'3a59   0x6ec  Code  Gb  pow64.o [3]
powl                     0x802'3a59   0x6ec  Code  Gb  pow64.o [3]
pows                     0x802'cc50    0x48  Data  Lc  strto64.o [3]
pportc                   0x800'a685    0xcc  Code  Gb  user_app_ethernet.o [1]
put16                    0x801'6039    0x10  Code  Gb  dns.o [1]
qCopy_Data_From_Queue    0x801'65c7    0x48  Code  Lc  queue_p.o [1]
qCopy_Data_To_Queue      0x801'6569    0x5e  Code  Lc  queue_p.o [1]
qEthStep                0x2000'8c94    0x18  Data  Gb  user_app_ethernet.o [1]
qGet_Number_Items        0x801'660f     0x4  Code  Gb  queue_p.o [1]
qMemRead                0x2000'8cc4    0x18  Data  Gb  user_app_mem.o [1]
qMemWrite               0x2000'8cdc    0x18  Data  Gb  user_app_mem.o [1]
qQueue_Back_Item         0x801'6613    0x50  Code  Gb  queue_p.o [1]
qQueue_Clear             0x801'6527     0xe  Code  Gb  queue_p.o [1]
qQueue_Create            0x801'64f9    0x2e  Code  Gb  queue_p.o [1]
qQueue_Receive           0x801'6553    0x16  Code  Gb  queue_p.o [1]
qQueue_Send              0x801'6535    0x1e  Code  Gb  queue_p.o [1]
qSimStep                0x2000'8e14    0x18  Data  Gb  user_sim.o [1]
quickSort_Sampling       0x802'0985    0x84  Code  Gb  user_app_sensor.o [1]
quickSort_Sampling_Clo   0x802'0b05    0xde  Code  Gb  user_app_sensor.o [1]
quickSort_Sampling_Clo::Handle_Once
                        0x2000'916b     0x1  Data  Lc  user_app_sensor.o [1]
quickSort_Sampling_EC    0x802'0bf9    0xca  Code  Gb  user_app_sensor.o [1]
quickSort_Sampling_EC::Handle_Once
                        0x2000'916c     0x1  Data  Lc  user_app_sensor.o [1]
quickSort_Sampling_Turbidity
                         0x802'0ccd    0xca  Code  Gb  user_app_sensor.o [1]
quickSort_Sampling_Turbidity::Handle_Once
                        0x2000'916d     0x1  Data  Lc  user_app_sensor.o [1]
quickSort_Sampling_pH    0x802'0a09    0xe6  Code  Gb  user_app_sensor.o [1]
quickSort_Sampling_pH::Handle_Once
                        0x2000'916a     0x1  Data  Lc  user_app_sensor.o [1]
recv                     0x801'6b21   0x156  Code  Gb  socket.o [1]
recvfrom                 0x801'6e99   0x34e  Code  Gb  socket.o [1]
reg_dhcp_cbfunc          0x801'4fa7    0x3c  Code  Gb  dhcp.o [1]
reg_wizchip_cs_cbfunc    0x801'8a23    0x28  Code  Gb  wizchip_conf.o [1]
reg_wizchip_spi_cbfunc   0x801'8a4b    0x2a  Code  Gb  wizchip_conf.o [1]
reset_DHCP_timeout       0x801'5f45    0x14  Code  Gb  dhcp.o [1]
retry_count             0x2000'9151     0x1  Data  Lc  dns.o [1]
sAppEthVar              0x2000'1180    0x90  Data  Gb  user_app_ethernet.o [1]
sAppMem                 0x2000'8a98    0x30  Data  Gb  user_app_mem.o [1]
sAppSimCallback         0x2000'1618    0x20  Data  Gb  user_app_sim.o [1]
sAppSimInfor            0x2000'16b8    0x20  Data  Gb  user_app_sim.o [1]
sAppSimVar              0x2000'0000   0x2c8  Data  Gb  user_app_sim.o [1]
sBattery                0x2000'9018     0x8  Data  Gb  user_app_wm.o [1]
sButton                 0x2000'8c4c    0x18  Data  Gb  button.o [1]
sCAT24Var               0x2000'69c0   0x238  Data  Gb  cat24mxx.o [1]
sCbSimComm              0x2000'8c10    0x20  Data  Gb  user_sim_common.o [1]
sConfirm                0x2000'02d4    0x14  Data  Lc  button.o [1]
sDataSensorMeasure      0x2000'8bcc    0x24  Data  Gb  user_app_rs485.o [1]
sData_Calib             0x2000'1500     0x8  Data  Gb  user_app_rs485.o [1]
sEthCmd                 0x2000'122c    0xe0  Data  Gb  user_app_ethernet.o [1]
sEthResCode             0x2000'130c    0x30  Data  Gb  user_app_ethernet.o [1]
sEventAppComm           0x2000'0ff8    0x70  Data  Gb  user_app_comm.o [1]
sEventAppEth            0x2000'1090    0xf0  Data  Gb  user_app_ethernet.o [1]
sEventAppMem            0x2000'13ec    0x90  Data  Gb  user_app_mem.o [1]
sEventAppRs485          0x2000'14a0    0x60  Data  Gb  user_app_rs485.o [1]
sEventAppSensor         0x2000'1518    0x50  Data  Gb  user_app_sensor.o [1]
sEventAppSim            0x2000'1568    0xb0  Data  Gb  user_app_sim.o [1]
sEventAppWM             0x2000'16d8    0xd0  Data  Gb  user_app_wm.o [1]
sEventCAT24             0x2000'02e8    0x20  Data  Gb  cat24mxx.o [1]
sEventDisplay           0x2000'0324    0x60  Data  Gb  lcd_display.o [1]
sEventOnChipFlash       0x2000'1da8    0x20  Data  Gb  user_internal_mem.o [1]
sEventSim               0x2000'22e0    0x40  Data  Gb  user_sim.o [1]
sFROM_Manager           0x2000'903c     0x4  Data  Gb  cat24mxx.o [1]
sFTPvar                 0x2000'8cac    0x18  Data  Gb  user_app_ethernet.o [1]
sFileSys                0x2000'239c    0x44  Data  Gb  user_sim_common.o [1]
sFirmVersion            0x2000'1068     0x8  Data  Gb  user_app_comm.o [1]
sKindMode485            0x2000'9138     0x2  Data  Gb  user_app_rs485.o [1]
sLCD                    0x2000'8f78    0x10  Data  Gb  lcd_display.o [1]
sLCDObject              0x2000'0424   0xb58  Data  Gb  lcd_display.o [1]
sLPMFeatureHandler      0x2000'90f0     0x4  Data  Gb  user_lpm.o [1]
sLastPackInfor          0x2000'8f98    0x10  Data  Gb  user_app_wm.o [1]
sLevelInfor             0x2000'8ff0     0x8  Data  Gb  level_S_YW_01B.o [1]
sLevelSupInfor          0x2000'8ff8     0x8  Data  Gb  level_SUP_PX261_B.o [1]
sLevelUltra             0x2000'9000     0x8  Data  Gb  level_ultrasonic.o [1]
sListWmDigital          0x2000'2400    0xc0  Data  Gb  user_wm_digital.o [1]
sMQTT                   0x2000'2174   0x104  Data  Gb  user_mqtt.o [1]
sMT100                  0x2000'8e5c    0x18  Data  Gb  wm_mt100.o [1]
sMT100_REGISTER         0x2000'26bc    0x2c  Data  Gb  wm_mt100.o [1]
sMark_MessageRecei_Type
                         0x802'c97c    0xb0  Data  Gb  user_mqtt.o [1]
sMark_MessageSend_Type   0x802'c1d4   0x1d0  Data  Gb  user_mqtt.o [1]
sMeterThreshold         0x2000'17a8    0x10  Data  Gb  user_app_wm.o [1]
sModemInfor             0x2000'2098    0xc4  Data  Gb  user_modem.o [1]
sModemLPMHandle         0x2000'215c    0x10  Data  Gb  user_modem.o [1]
sModemVar               0x2000'2070    0x28  Data  Gb  user_modem.o [1]
sOffsetMeasure          0x2000'8af8    0x30  Data  Gb  user_app_sensor.o [1]
sOnFlash                0x2000'6bf8   0x238  Data  Gb  user_internal_mem.o [1]
sPressConfig            0x2000'8f68    0x10  Data  Lc  button.o [1]
sPulse                  0x2000'7d74   0x108  Data  Gb  user_app_wm.o [1]
sPulseConfig            0x2000'8b28    0x2c  Data  Lc  button.o [1]
sQMemRead               0x2000'807c    0xa0  Data  Lc  user_app_mem.o [1]
sQMemWrite              0x2000'2798  0x1450  Data  Lc  user_app_mem.o [1]
sRTC                    0x2000'8fdc     0xc  Data  Gb  user_util.o [1]
sRecEvent               0x2000'1368    0x2c  Data  Gb  user_app_mem.o [1]
sRecGPS                 0x2000'13c0    0x2c  Data  Gb  user_app_mem.o [1]
sRecLog                 0x2000'1394    0x2c  Data  Gb  user_app_mem.o [1]
sRecTSVH                0x2000'133c    0x2c  Data  Gb  user_app_mem.o [1]
sSV_Modem                0x802'ca2c    0x78  Data  Gb  user_modem.o [1]
sSensor_Clo             0x2000'8d0c    0x18  Data  Gb  user_app_rs485.o [1]
sSensor_EC              0x2000'8bf0    0x20  Data  Gb  user_app_rs485.o [1]
sSensor_Turbidity       0x2000'8ac8    0x30  Data  Gb  user_app_rs485.o [1]
sSensor_pH              0x2000'8cf4    0x18  Data  Gb  user_app_rs485.o [1]
sSimCommInfor           0x2000'2340    0x5c  Data  Gb  user_sim_common.o [1]
sSimCommVar             0x2000'8e44    0x18  Data  Gb  user_sim_common.o [1]
sSimFwUpdate            0x2000'8950    0x3c  Data  Gb  user_sim_common.o [1]
sSimVar                 0x2000'8f54    0x14  Data  Gb  user_sim.o [1]
sUart485                0x2000'22d0     0x8  Data  Gb  user_rs485.o [1]
sUart485_2              0x2000'22d8     0x8  Data  Gb  user_rs485.o [1]
sUartDebug              0x2000'1070     0x8  Data  Gb  user_app_comm.o [1]
sUartSim                0x2000'2320     0x8  Data  Gb  user_sim.o [1]
sVout                   0x2000'9020     0x8  Data  Gb  user_app_wm.o [1]
sWOTECK_REGISTER        0x2000'26e8    0x18  Data  Gb  woteck_wm.o [1]
sWmDigVar               0x2000'24c0   0x1d0  Data  Gb  user_wm_digital.o [1]
sWmVar                  0x2000'17b8   0x110  Data  Gb  user_app_wm.o [1]
sWoteck                 0x2000'8fa8    0x10  Data  Gb  woteck_wm.o [1]
scalbln                  0x802'543d          Code  Gb  ldexp.o [3]
scalblnl                 0x802'543d          Code  Gb  ldexp.o [3]
scalbn                   0x802'543d          Code  Gb  ldexp.o [3]
scalbnl                  0x802'543d          Code  Gb  ldexp.o [3]
scale                    0x801'ca3b    0x46  Code  Lc  xprintffull_nomb.o [2]
sec_hand                0x2000'9118     0x4  Data  Lc  xfail_s.o [2]
segment_holding          0x800'f7bd    0x1a  Code  Lc  dlmalloc.o [2]
send                     0x801'69d9   0x148  Code  Gb  socket.o [1]
send_DHCP_DECLINE        0x801'57a5   0x1ee  Code  Gb  dhcp.o [1]
send_DHCP_DISCOVER       0x801'513d   0x2ac  Code  Gb  dhcp.o [1]
send_DHCP_REQUEST        0x801'53e9   0x3bc  Code  Gb  dhcp.o [1]
sendto                   0x801'6c77   0x222  Code  Gb  socket.o [1]
sock_any_port           0x2000'2780     0x2  Data  Lc  socket.o [1]
sock_io_mode            0x2000'9128     0x2  Data  Lc  socket.o [1]
sock_is_sending         0x2000'912a     0x2  Data  Lc  socket.o [1]
sock_pack_info          0x2000'9008     0x8  Data  Gb  socket.o [1]
sock_remained_size      0x2000'8f88    0x10  Data  Lc  socket.o [1]
socket                   0x801'6665   0x184  Code  Gb  socket.o [1]
sprintf                  0x800'bb31    0x40  Code  Gb  sprintf.o [2]
strATcmd                0x2000'216c     0x8  Data  Gb  user_modem.o [1]
strchr                   0x802'49c5          Code  Gb  strchr.o [4]
strcpy                   0x802'493d          Code  Gb  strcpy.o [4]
strcspn                  0x802'4f0b    0x22  Code  Gb  strcspn.o [2]
strlen                   0x800'ee7d          Code  Gb  strlen.o [4]
strncpy                  0x802'4955          Code  Gb  strncpy.o [4]
strspn                   0x802'4ee9    0x22  Code  Gb  strspn.o [2]
strstr                   0x802'4f2d    0x2c  Code  Gb  strstr.o [2]
strtok                   0x801'90cd    0x4c  Code  Gb  strtok.o [2]
sztmp                   0x2000'7030   0x200  Data  Lc  user_adv_trace.o [1]
tiny_vsnprintf_like      0x801'1753   0x17e  Code  Gb  user_tiny_vsnprintf.o [1]
tolower                  0x802'4159    0x14  Code  Gb  tolower.o [2]
topicString             0x2000'8fd0     0xc  Data  Gb  user_mqtt.o [1]
uartSimBuffReceive      0x2000'5548   0x4b0  Data  Gb  user_sim.o [1]
upper_digits            0x2000'23fc     0x4  Data  Lc  user_tiny_vsnprintf.o [1]
uwTick                  0x2000'9094     0x4  Data  Gb  stm32l4xx_hal.o [1]
uwTickFreq              0x2000'2790     0x1  Data  Gb  stm32l4xx_hal.o [1]
uwTickPrio              0x2000'0fd0     0x4  Data  Gb  stm32l4xx_hal.o [1]
vcom_DeInit              0x800'd24b    0x1e  Code  Gb  user_app_comm.o [1]
vcom_Init                0x800'd243     0x8  Code  Gb  user_app_comm.o [1]
vcom_Trace_DMA           0x800'd269    0x1c  Code  Gb  user_app_comm.o [1]
wiz_recv_data            0x801'2113    0x96  Code  Gb  w5500.o [1]
wiz_recv_ignore          0x801'21a9    0x6c  Code  Gb  w5500.o [1]
wiz_send_data            0x801'207d    0x96  Code  Gb  w5500.o [1]
wizchip_bus_readdata     0x801'8a15     0x4  Code  Gb  wizchip_conf.o [1]
wizchip_bus_writedata    0x801'8a19     0x4  Code  Gb  wizchip_conf.o [1]
wizchip_clrinterrupt     0x801'8d2b    0x44  Code  Gb  wizchip_conf.o [1]
wizchip_cris_enter       0x801'8a0d     0x2  Code  Gb  wizchip_conf.o [1]
wizchip_cris_exit        0x801'8a0f     0x2  Code  Gb  wizchip_conf.o [1]
wizchip_cs_deselect      0x801'8a13     0x2  Code  Gb  wizchip_conf.o [1]
wizchip_cs_select        0x801'8a11     0x2  Code  Gb  wizchip_conf.o [1]
wizchip_deselect         0x800'98ad    0x12  Code  Lc  user_app_ethernet.o [1]
wizchip_getinterrupt     0x801'8d6f    0x2c  Code  Gb  wizchip_conf.o [1]
wizchip_getinterruptmask
                         0x801'8dbd    0x28  Code  Gb  wizchip_conf.o [1]
wizchip_getnetinfo       0x801'8fd1    0x52  Code  Gb  wizchip_conf.o [1]
wizchip_getnetmode       0x801'9069     0xa  Code  Gb  wizchip_conf.o [1]
wizchip_gettimeout       0x801'909f    0x2c  Code  Gb  wizchip_conf.o [1]
wizchip_init             0x801'8c7b    0xb0  Code  Gb  wizchip_conf.o [1]
wizchip_read             0x800'98bf    0x2a  Code  Lc  user_app_ethernet.o [1]
wizchip_select           0x800'9897    0x12  Code  Lc  user_app_ethernet.o [1]
wizchip_setinterruptmask
                         0x801'8d9b    0x22  Code  Gb  wizchip_conf.o [1]
wizchip_setnetinfo       0x801'8f7f    0x52  Code  Gb  wizchip_conf.o [1]
wizchip_setnetmode       0x801'9041    0x28  Code  Gb  wizchip_conf.o [1]
wizchip_settimeout       0x801'9073    0x2c  Code  Gb  wizchip_conf.o [1]
wizchip_spi_readbyte     0x801'8a1d     0x4  Code  Gb  wizchip_conf.o [1]
wizchip_spi_writebyte    0x801'8a21     0x2  Code  Gb  wizchip_conf.o [1]
wizchip_sw_reset         0x801'8c05    0x76  Code  Gb  wizchip_conf.o [1]
wizchip_write            0x800'98ed    0x20  Code  Lc  user_app_ethernet.o [1]
wizphy_getphyconf        0x801'8ea3    0x76  Code  Gb  wizchip_conf.o [1]
wizphy_getphylink        0x801'8de5    0x18  Code  Gb  wizchip_conf.o [1]
wizphy_getphypmode       0x801'8dfd    0x1e  Code  Gb  wizchip_conf.o [1]
wizphy_reset             0x801'8e1b    0x34  Code  Gb  wizchip_conf.o [1]
wizphy_setphyconf        0x801'8e4f    0x54  Code  Gb  wizchip_conf.o [1]
wizphy_setphypmode       0x801'8f19    0x66  Code  Gb  wizchip_conf.o [1]
writeCString             0x802'a8f3    0x2a  Code  Gb  MQTTPacket.o [1]
writeChar                0x802'a8bd     0xc  Code  Gb  MQTTPacket.o [1]
writeInt                 0x802'a8c9    0x2a  Code  Gb  MQTTPacket.o [1]
writeMQTTString          0x802'a91d    0x42  Code  Gb  MQTTPacket.o [1]


[1] = D:\Saoviet_Bitbucket\Saoviet_Datalogger_Sensor\Project_Datalogger_Sensor\1.Source_Code_L496\wm_gsm_ethernet_v3\EWARM\wm_gsm_ethernet_v3\Obj
[2] = dl7M_tlf.a
[3] = m7M_tls.a
[4] = rt7M_tl.a
[5] = shb_l.a

  160'083 bytes of readonly  code memory
   22'327 bytes of readonly  data memory
   39'816 bytes of readwrite data memory

Errors: none
Warnings: none
